Component: ARM Compiler 5.06 update 2 (build 183) Tool: armlink [4d35b7]

==============================================================================

Section Cross References

    freertos_1.o(i.HAL_CAN_RxFifo0MsgPendingCallback) refers to stm32f4xx_hal_can.o(i.HAL_CAN_GetRxMessage) for HAL_CAN_GetRxMessage
    freertos_1.o(i.HAL_CAN_RxFifo0MsgPendingCallback) refers to main_1.o(i.Error_Handler) for Error_Handler
    freertos_1.o(i.HAL_CAN_RxFifo0MsgPendingCallback) refers to canreceive.o(i.CanDataReceive) for CanDataReceive
    freertos_1.o(i.HAL_CAN_RxFifo0MsgPendingCallback) refers to mr1init.o(.data) for CanReceiveData
    freertos_1.o(i.HAL_UART_RxCpltCallback) refers to stm32f4xx_hal_uart.o(i.HAL_UART_Receive_DMA) for HAL_UART_Receive_DMA
    freertos_1.o(i.HAL_UART_RxCpltCallback) refers to usartreceive.o(i.RemoteReceiveHandle) for RemoteReceiveHandle
    freertos_1.o(i.HAL_UART_RxCpltCallback) refers to usartreceive.o(i.GyroReceiveHandle) for GyroReceiveHandle
    freertos_1.o(i.HAL_UART_RxCpltCallback) refers to usart_1.o(.bss) for huart1
    freertos_1.o(i.HAL_UART_RxCpltCallback) refers to mr1init.o(.bss) for UsartReceiveRemote
    freertos_1.o(i.HAL_UART_RxCpltCallback) refers to mr1init.o(.data) for UsartReceiveGyro
    freertos_1.o(i.LEDShow) refers to stm32f4xx_hal_gpio.o(i.HAL_GPIO_WritePin) for HAL_GPIO_WritePin
    freertos_1.o(i.LEDShow) refers to led.o(i.LED_HIGH) for LED_HIGH
    freertos_1.o(i.LEDShow) refers to led.o(i.LED_MANUAL) for LED_MANUAL
    freertos_1.o(i.LEDShow) refers to led.o(i.LED_STOP) for LED_STOP
    freertos_1.o(i.LEDShow) refers to mr1init.o(.bss) for MR1
    freertos_1.o(i.MR1MainTask) refers to mr1init.o(i.RobotParamInit) for RobotParamInit
    freertos_1.o(i.MR1MainTask) refers to mission.o(i.MR1_STOP) for MR1_STOP
    freertos_1.o(i.MR1MainTask) refers to mission.o(i.MR1_MANUAL) for MR1_MANUAL
    freertos_1.o(i.MR1MainTask) refers to mission.o(i.MR1_HighSpeed) for MR1_HighSpeed
    freertos_1.o(i.MR1MainTask) refers to mission.o(i.MR1_SetStage) for MR1_SetStage
    freertos_1.o(i.MR1MainTask) refers to cmsis_os.o(i.osDelay) for osDelay
    freertos_1.o(i.MR1MainTask) refers to mr1init.o(.bss) for MR1
    freertos_1.o(i.MR1OtherTask) refers to cmsis_os.o(i.osDelay) for osDelay
    freertos_1.o(i.MX_FREERTOS_Init) refers to cmsis_os.o(i.osSemaphoreCreate) for osSemaphoreCreate
    freertos_1.o(i.MX_FREERTOS_Init) refers to cmsis_os.o(i.osTimerCreate) for osTimerCreate
    freertos_1.o(i.MX_FREERTOS_Init) refers to cmsis_os.o(i.osTimerStart) for osTimerStart
    freertos_1.o(i.MX_FREERTOS_Init) refers to memcpya.o(.text) for __aeabi_memcpy4
    freertos_1.o(i.MX_FREERTOS_Init) refers to cmsis_os.o(i.osThreadCreate) for osThreadCreate
    freertos_1.o(i.MX_FREERTOS_Init) refers to freertos_1.o(.data) for .data
    freertos_1.o(i.MX_FREERTOS_Init) refers to freertos_1.o(.constdata) for .constdata
    freertos_1.o(.constdata) refers to freertos_1.o(i.SuperviseTask) for SuperviseTask
    freertos_1.o(.constdata) refers to freertos_1.o(.conststring) for .conststring
    freertos_1.o(.constdata) refers to freertos_1.o(i.MR1OtherTask) for MR1OtherTask
    freertos_1.o(.constdata) refers to freertos_1.o(i.LEDShow) for LEDShow
    freertos_1.o(.constdata) refers to freertos_1.o(i.MR1MainTask) for MR1MainTask
    mission.o(i.MR1_HighSpeed) refers to memcpya.o(.text) for __aeabi_memcpy4
    mission.o(i.MR1_HighSpeed) refers to sqrt.o(i.__hardfp_sqrt) for __hardfp_sqrt
    mission.o(i.MR1_HighSpeed) refers to f2d.o(.text) for __aeabi_f2d
    mission.o(i.MR1_HighSpeed) refers to ddiv.o(.text) for __aeabi_ddiv
    mission.o(i.MR1_HighSpeed) refers to d2f.o(.text) for __aeabi_d2f
    mission.o(i.MR1_HighSpeed) refers to mission.o(.constdata) for .constdata
    mission.o(i.MR1_HighSpeed) refers to mr1init.o(.bss) for MR1
    mission.o(i.MR1_HighSpeed) refers to mission.o(.data) for .data
    mission.o(i.MR1_MANUAL) refers to mr1init.o(.bss) for MR1
    mission.o(i.MR1_STOP) refers to mr1init.o(.bss) for MR1
    mission.o(i.MR1_SendSignal) refers to calculate.o(i.FourWheelVellControl) for FourWheelVellControl
    mission.o(i.MR1_SendSignal) refers to calculate.o(i.Calculate) for Calculate
    mission.o(i.MR1_SendSignal) refers to sendsignal.o(i.SendSignal) for SendSignal
    mission.o(i.MR1_SetStage) refers to calculate.o(i.Calculate) for Calculate
    mission.o(i.MR1_SetStage) refers to sendsignal.o(i.SendSignal) for SendSignal
    mission.o(i.MR1_SetStage) refers to mr1init.o(.bss) for MR1
    mr1init.o(i.RobotParamInit) refers to memseta.o(.text) for __aeabi_memclr4
    mr1init.o(i.RobotParamInit) refers to mr1init.o(.bss) for .bss
    sendsignal.o(i.CanTransmit_1234) refers to stm32f4xx_hal_can.o(i.HAL_CAN_AddTxMessage) for HAL_CAN_AddTxMessage
    sendsignal.o(i.CanTransmit_1234) refers to main_1.o(i.Error_Handler) for Error_Handler
    sendsignal.o(i.CanTransmit_5) refers to stm32f4xx_hal_can.o(i.HAL_CAN_AddTxMessage) for HAL_CAN_AddTxMessage
[...]
    i.HAL_TIM_IRQHandler                     0x08001dce   Section        0  stm32f4xx_hal_tim.o(i.HAL_TIM_IRQHandler)
    i.HAL_TIM_MspPostInit                    0x08001f34   Section        0  tim_1.o(i.HAL_TIM_MspPostInit)
    i.HAL_TIM_OC_DelayElapsedCallback        0x08001f84   Section        0  stm32f4xx_hal_tim.o(i.HAL_TIM_OC_DelayElapsedCallback)
    i.HAL_TIM_PWM_ConfigChannel              0x08001f86   Section        0  stm32f4xx_hal_tim.o(i.HAL_TIM_PWM_ConfigChannel)
    i.HAL_TIM_PWM_Init                       0x08002056   Section        0  stm32f4xx_hal_tim.o(i.HAL_TIM_PWM_Init)
    i.HAL_TIM_PWM_MspInit                    0x0800208c   Section        0  tim_1.o(i.HAL_TIM_PWM_MspInit)
    i.HAL_TIM_PWM_PulseFinishedCallback      0x080020b0   Section        0  stm32f4xx_hal_tim.o(i.HAL_TIM_PWM_PulseFinishedCallback)
    i.HAL_TIM_PeriodElapsedCallback          0x080020b4   Section        0  main_1.o(i.HAL_TIM_PeriodElapsedCallback)
    i.HAL_TIM_TriggerCallback                0x080020c8   Section        0  stm32f4xx_hal_tim.o(i.HAL_TIM_TriggerCallback)
    i.HAL_UART_ErrorCallback                 0x080020ca   Section        0  stm32f4xx_hal_uart.o(i.HAL_UART_ErrorCallback)
    i.HAL_UART_Init                          0x080020cc   Section        0  stm32f4xx_hal_uart.o(i.HAL_UART_Init)
    i.HAL_UART_MspInit                       0x08002130   Section        0  usart_1.o(i.HAL_UART_MspInit)
    i.HAL_UART_Receive_DMA                   0x0800229c   Section        0  stm32f4xx_hal_uart.o(i.HAL_UART_Receive_DMA)
    i.HAL_UART_RxCpltCallback                0x08002334   Section        0  freertos_1.o(i.HAL_UART_RxCpltCallback)
    i.HAL_UART_RxHalfCpltCallback            0x08002378   Section        0  stm32f4xx_hal_uart.o(i.HAL_UART_RxHalfCpltCallback)
    i.HardFault_Handler                      0x0800237a   Section        0  stm32f4xx_it_1.o(i.HardFault_Handler)
    i.LEDShow                                0x0800237c   Section        0  freertos_1.o(i.LEDShow)
    i.LED_HIGH                               0x080023c0   Section        0  led.o(i.LED_HIGH)
    i.LED_MANUAL                             0x080023e8   Section        0  led.o(i.LED_MANUAL)
    i.LED_STOP                               0x08002414   Section        0  led.o(i.LED_STOP)
    i.LostCounterFeed                        0x08002438   Section        0  supervise.o(i.LostCounterFeed)
    i.MR1MainTask                            0x08002448   Section        0  freertos_1.o(i.MR1MainTask)
    i.MR1OtherTask                           0x08002488   Section        0  freertos_1.o(i.MR1OtherTask)
    i.MR1StateChange                         0x08002490   Section        0  usartreceive.o(i.MR1StateChange)
    i.MR1_HighSpeed                          0x08002534   Section        0  mission.o(i.MR1_HighSpeed)
    i.MR1_MANUAL                             0x08002678   Section        0  mission.o(i.MR1_MANUAL)
    i.MR1_STOP                               0x08002688   Section        0  mission.o(i.MR1_STOP)
    i.MR1_SetStage                           0x08002698   Section        0  mission.o(i.MR1_SetStage)
    i.MX_CAN1_Init                           0x080026d0   Section        0  can_1.o(i.MX_CAN1_Init)
    i.MX_CAN2_Init                           0x08002714   Section        0  can_1.o(i.MX_CAN2_Init)
    i.MX_DMA_Init                            0x08002758   Section        0  dma_1.o(i.MX_DMA_Init)
    i.MX_FREERTOS_Init                       0x080027a4   Section        0  freertos_1.o(i.MX_FREERTOS_Init)
    i.MX_GPIO_Init                           0x08002820   Section        0  gpio_1.o(i.MX_GPIO_Init)
    i.MX_TIM2_Init                           0x080029b4   Section        0  tim_1.o(i.MX_TIM2_Init)
    i.MX_USART1_UART_Init                    0x08002a34   Section        0  usart_1.o(i.MX_USART1_UART_Init)
    i.MX_USART6_UART_Init                    0x08002a74   Section        0  usart_1.o(i.MX_USART6_UART_Init)
    i.MemManage_Handler                      0x08002aac   Section        0  stm32f4xx_it_1.o(i.MemManage_Handler)
    i.NMI_Handler                            0x08002aae   Section        0  stm32f4xx_it_1.o(i.NMI_Handler)
    i.NVIC_SetPriority                       0x08002ab0   Section        0  stm32f4xx_hal_cortex.o(i.NVIC_SetPriority)
    NVIC_SetPriority                         0x08002ab1   Thumb Code    32  stm32f4xx_hal_cortex.o(i.NVIC_SetPriority)
    i.PID_Calc                               0x08002ad0   Section        0  calculate.o(i.PID_Calc)
    i.RemoteReceiveHandle                    0x08002b48   Section        0  usartreceive.o(i.RemoteReceiveHandle)
    i.RobotParamInit                         0x08002b9c   Section        0  mr1init.o(i.RobotParamInit)
    i.SendSignal                             0x08002be0   Section        0  sendsignal.o(i.SendSignal)
    i.SuperviseTask                          0x08002c34   Section        0  freertos_1.o(i.SuperviseTask)
    i.SysTick_Handler                        0x08002c38   Section        0  port.o(i.SysTick_Handler)
    i.SystemClock_Config                     0x08002c64   Section        0  main_1.o(i.SystemClock_Config)
    i.SystemInit                             0x08002ce8   Section        0  system_stm32f4xx.o(i.SystemInit)
    i.TIM7_IRQHandler                        0x08002d3c   Section        0  stm32f4xx_it_1.o(i.TIM7_IRQHandler)
    i.TIM_Base_SetConfig                     0x08002d48   Section        0  stm32f4xx_hal_tim.o(i.TIM_Base_SetConfig)
    i.TIM_OC1_SetConfig                      0x08002e08   Section        0  stm32f4xx_hal_tim.o(i.TIM_OC1_SetConfig)
    TIM_OC1_SetConfig                        0x08002e09   Thumb Code    80  stm32f4xx_hal_tim.o(i.TIM_OC1_SetConfig)
    i.TIM_OC2_SetConfig                      0x08002e60   Section        0  stm32f4xx_hal_tim.o(i.TIM_OC2_SetConfig)
    i.TIM_OC3_SetConfig                      0x08002ec4   Section        0  stm32f4xx_hal_tim.o(i.TIM_OC3_SetConfig)
    TIM_OC3_SetConfig                        0x08002ec5   Thumb Code    88  stm32f4xx_hal_tim.o(i.TIM_OC3_SetConfig)
    i.TIM_OC4_SetConfig                      0x08002f24   Section        0  stm32f4xx_hal_tim.o(i.TIM_OC4_SetConfig)
    TIM_OC4_SetConfig                        0x08002f25   Thumb Code    70  stm32f4xx_hal_tim.o(i.TIM_OC4_SetConfig)
    i.UART_DMAError                          0x08002f74   Section        0  stm32f4xx_hal_uart.o(i.UART_DMAError)
    UART_DMAError                            0x08002f75   Thumb Code    74  stm32f4xx_hal_uart.o(i.UART_DMAError)
    i.UART_DMAReceiveCplt                    0x08002fbe   Section        0  stm32f4xx_hal_uart.o(i.UART_DMAReceiveCplt)
    UART_DMAReceiveCplt                      0x08002fbf   Thumb Code    60  stm32f4xx_hal_uart.o(i.UART_DMAReceiveCplt)
    i.UART_DMARxHalfCplt                     0x08002ffa   Section        0  stm32f4xx_hal_uart.o(i.UART_DMARxHalfCplt)
    UART_DMARxHalfCplt                       0x08002ffb   Thumb Code    10  stm32f4xx_hal_uart.o(i.UART_DMARxHalfCplt)
    i.UART_EndRxTransfer                     0x08003004   Section        0  stm32f4xx_hal_uart.o(i.UART_EndRxTransfer)
    UART_EndRxTransfer                       0x08003005   Thumb Code    28  stm32f4xx_hal_uart.o(i.UART_EndRxTransfer)
    i.UART_EndTxTransfer                     0x08003020   Section        0  stm32f4xx_hal_uart.o(i.UART_EndTxTransfer)
    UART_EndTxTransfer                       0x08003021   Thumb Code    18  stm32f4xx_hal_uart.o(i.UART_EndTxTransfer)
    i.UART_SetConfig                         0x08003034   Section        0  stm32f4xx_hal_uart.o(i.UART_SetConfig)
    UART_SetConfig                           0x08003035   Thumb Code   676  stm32f4xx_hal_uart.o(i.UART_SetConfig)
    i.UsageFault_Handler                     0x080032e0   Section        0  stm32f4xx_it_1.o(i.UsageFault_Handler)
    i.__hardfp_sqrt                          0x080032e2   Section        0  sqrt.o(i.__hardfp_sqrt)
    i.__scatterload_copy                     0x0800335c   Section       14  handlers.o(i.__scatterload_copy)
    i.__scatterload_null                     0x0800336a   Section        2  handlers.o(i.__scatterload_null)
    i.__scatterload_zeroinit                 0x0800336c   Section       14  handlers.o(i.__scatterload_zeroinit)
    i.__set_errno                            0x0800337c   Section        0  errno.o(i.__set_errno)
    i.inHandlerMode                          0x08003388   Section        0  cmsis_os.o(i.inHandlerMode)
    inHandlerMode                            0x08003389   Thumb Code    12  cmsis_os.o(i.inHandlerMode)
    i.main                                   0x08003394   Section        0  main_1.o(i.main)
    i.makeFreeRtosPriority                   0x080033fc   Section        0  cmsis_os.o(i.makeFreeRtosPriority)
    makeFreeRtosPriority                     0x080033fd   Thumb Code    12  cmsis_os.o(i.makeFreeRtosPriority)
    i.osDelay                                0x08003408   Section        0  cmsis_os.o(i.osDelay)
    i.osKernelStart                          0x08003416   Section        0  cmsis_os.o(i.osKernelStart)
    i.osSemaphoreCreate                      0x08003420   Section        0  cmsis_os.o(i.osSemaphoreCreate)
    i.osThreadCreate                         0x08003446   Section        0  cmsis_os.o(i.osThreadCreate)
    i.osTimerCreate                          0x08003474   Section        0  cmsis_os.o(i.osTimerCreate)
    i.osTimerStart                           0x08003498   Section        0  cmsis_os.o(i.osTimerStart)
    i.prvAddCurrentTaskToDelayedList         0x080034f4   Section        0  tasks.o(i.prvAddCurrentTaskToDelayedList)
    prvAddCurrentTaskToDelayedList           0x080034f5   Thumb Code   102  tasks.o(i.prvAddCurrentTaskToDelayedList)
    i.prvAddNewTaskToReadyList               0x08003564   Section        0  tasks.o(i.prvAddNewTaskToReadyList)
    prvAddNewTaskToReadyList                 0x08003565   Thumb Code   194  tasks.o(i.prvAddNewTaskToReadyList)
    i.prvCheckForValidListAndQueue           0x08003634   Section        0  timers.o(i.prvCheckForValidListAndQueue)
    prvCheckForValidListAndQueue             0x08003635   Thumb Code    62  timers.o(i.prvCheckForValidListAndQueue)
    i.prvCheckTasksWaitingTermination        0x08003684   Section        0  tasks.o(i.prvCheckTasksWaitingTermination)
    prvCheckTasksWaitingTermination          0x08003685   Thumb Code    70  tasks.o(i.prvCheckTasksWaitingTermination)
    i.prvCopyDataFromQueue                   0x080036d4   Section        0  queue.o(i.prvCopyDataFromQueue)
    prvCopyDataFromQueue                     0x080036d5   Thumb Code    38  queue.o(i.prvCopyDataFromQueue)
    i.prvCopyDataToQueue                     0x080036fa   Section        0  queue.o(i.prvCopyDataToQueue)
    prvCopyDataToQueue                       0x080036fb   Thumb Code   108  queue.o(i.prvCopyDataToQueue)
    i.prvDeleteTCB                           0x08003766   Section        0  tasks.o(i.prvDeleteTCB)
    prvDeleteTCB                             0x08003767   Thumb Code    20  tasks.o(i.prvDeleteTCB)
    i.prvHeapInit                            0x0800377c   Section        0  heap_4.o(i.prvHeapInit)
    prvHeapInit                              0x0800377d   Thumb Code    64  heap_4.o(i.prvHeapInit)
    i.prvIdleTask                            0x080037c4   Section        0  tasks.o(i.prvIdleTask)
    prvIdleTask                              0x080037c5   Thumb Code    30  tasks.o(i.prvIdleTask)
    i.prvInitialiseNewTask                   0x080037ec   Section        0  tasks.o(i.prvInitialiseNewTask)
    prvInitialiseNewTask                     0x080037ed   Thumb Code   142  tasks.o(i.prvInitialiseNewTask)
    i.prvInsertBlockIntoFreeList             0x0800387c   Section        0  heap_4.o(i.prvInsertBlockIntoFreeList)
    prvInsertBlockIntoFreeList               0x0800387d   Thumb Code    72  heap_4.o(i.prvInsertBlockIntoFreeList)
    i.prvInsertTimerInActiveList             0x080038c8   Section        0  timers.o(i.prvInsertTimerInActiveList)
    prvInsertTimerInActiveList               0x080038c9   Thumb Code    52  timers.o(i.prvInsertTimerInActiveList)
    i.prvIsQueueEmpty                        0x08003900   Section        0  queue.o(i.prvIsQueueEmpty)
    prvIsQueueEmpty                          0x08003901   Thumb Code    28  queue.o(i.prvIsQueueEmpty)
    i.prvProcessReceivedCommands             0x0800391c   Section        0  timers.o(i.prvProcessReceivedCommands)
    prvProcessReceivedCommands               0x0800391d   Thumb Code   180  timers.o(i.prvProcessReceivedCommands)
    i.prvProcessTimerOrBlockTask             0x080039d4   Section        0  timers.o(i.prvProcessTimerOrBlockTask)
    prvProcessTimerOrBlockTask               0x080039d5   Thumb Code   172  timers.o(i.prvProcessTimerOrBlockTask)
    i.prvResetNextTaskUnblockTime            0x08003a88   Section        0  tasks.o(i.prvResetNextTaskUnblockTime)
    prvResetNextTaskUnblockTime              0x08003a89   Thumb Code    26  tasks.o(i.prvResetNextTaskUnblockTime)
    i.prvSampleTimeNow                       0x08003aa8   Section        0  timers.o(i.prvSampleTimeNow)
    prvSampleTimeNow                         0x08003aa9   Thumb Code    36  timers.o(i.prvSampleTimeNow)
    i.prvSwitchTimerLists                    0x08003ad0   Section        0  timers.o(i.prvSwitchTimerLists)
    prvSwitchTimerLists                      0x08003ad1   Thumb Code   102  timers.o(i.prvSwitchTimerLists)
    i.prvTaskExitError                       0x08003b3c   Section        0  port.o(i.prvTaskExitError)
    prvTaskExitError                         0x08003b3d   Thumb Code    36  port.o(i.prvTaskExitError)
    i.prvTimerTask                           0x08003b64   Section        0  timers.o(i.prvTimerTask)
    prvTimerTask                             0x08003b65   Thumb Code    32  timers.o(i.prvTimerTask)
    i.prvUnlockQueue                         0x08003b88   Section        0  queue.o(i.prvUnlockQueue)
    prvUnlockQueue                           0x08003b89   Thumb Code   106  queue.o(i.prvUnlockQueue)
    i.pvPortMalloc                           0x08003bf4   Section        0  heap_4.o(i.pvPortMalloc)
    i.pvTaskIncrementMutexHeldCount          0x08003ccc   Section        0  tasks.o(i.pvTaskIncrementMutexHeldCount)
    i.pxPortInitialiseStack                  0x08003ce4   Section        0  port.o(i.pxPortInitialiseStack)
    i.uxListRemove                           0x08003d10   Section        0  list.o(i.uxListRemove)
    i.vListInitialise                        0x08003d34   Section        0  list.o(i.vListInitialise)
    i.vListInitialiseItem                    0x08003d4a   Section        0  list.o(i.vListInitialiseItem)
    i.vListInsert                            0x08003d50   Section        0  list.o(i.vListInsert)
    i.vListInsertEnd                         0x08003d80   Section        0  list.o(i.vListInsertEnd)
    i.vPortEnterCritical                     0x08003d98   Section        0  port.o(i.vPortEnterCritical)
    i.vPortExitCritical                      0x08003dd8   Section        0  port.o(i.vPortExitCritical)
    i.vPortFree                              0x08003e00   Section        0  heap_4.o(i.vPortFree)
    i.vPortSetupTimerInterrupt               0x08003e5c   Section        0  port.o(i.vPortSetupTimerInterrupt)
    i.vPortValidateInterruptPriority         0x08003e7c   Section        0  port.o(i.vPortValidateInterruptPriority)
    i.vQueueAddToRegistry                    0x08003ed0   Section        0  queue.o(i.vQueueAddToRegistry)
    i.vQueueWaitForMessageRestricted         0x08003ef8   Section        0  queue.o(i.vQueueWaitForMessageRestricted)
    i.vTaskDelay                             0x08003f3c   Section        0  tasks.o(i.vTaskDelay)
    i.vTaskMissedYield                       0x08003f88   Section        0  tasks.o(i.vTaskMissedYield)
    i.vTaskPlaceOnEventList                  0x08003f94   Section        0  tasks.o(i.vTaskPlaceOnEventList)
    i.vTaskPlaceOnEventListRestricted        0x08003fc4   Section        0  tasks.o(i.vTaskPlaceOnEventListRestricted)
    i.vTaskPriorityInherit                   0x08003ffc   Section        0  tasks.o(i.vTaskPriorityInherit)
    i.vTaskSetTimeOutState                   0x08004080   Section        0  tasks.o(i.vTaskSetTimeOutState)
    i.vTaskStartScheduler                    0x080040a4   Section        0  tasks.o(i.vTaskStartScheduler)
    i.vTaskSuspendAll                        0x08004114   Section        0  tasks.o(i.vTaskSuspendAll)
    i.vTaskSwitchContext                     0x08004124   Section        0  tasks.o(i.vTaskSwitchContext)
    i.xPortStartScheduler                    0x08004180   Section        0  port.o(i.xPortStartScheduler)
    i.xQueueGenericCreate                    0x08004260   Section        0  queue.o(i.xQueueGenericCreate)
    i.xQueueGenericReceive                   0x080042a8   Section        0  queue.o(i.xQueueGenericReceive)
    i.xQueueGenericReset                     0x08004414   Section        0  queue.o(i.xQueueGenericReset)
    i.xQueueGenericSend                      0x0800449c   Section        0  queue.o(i.xQueueGenericSend)
    i.xQueueGenericSendFromISR               0x080045fc   Section        0  queue.o(i.xQueueGenericSendFromISR)
    i.xTaskCheckForTimeOut                   0x080046b8   Section        0  tasks.o(i.xTaskCheckForTimeOut)
    i.xTaskCreate                            0x08004724   Section        0  tasks.o(i.xTaskCreate)
    i.xTaskGetSchedulerState                 0x0800477c   Section        0  tasks.o(i.xTaskGetSchedulerState)
    i.xTaskGetTickCount                      0x08004798   Section        0  tasks.o(i.xTaskGetTickCount)
    i.xTaskIncrementTick                     0x080047a4   Section        0  tasks.o(i.xTaskIncrementTick)
    i.xTaskPriorityDisinherit                0x0800486c   Section        0  tasks.o(i.xTaskPriorityDisinherit)
    i.xTaskRemoveFromEventList               0x08004904   Section        0  tasks.o(i.xTaskRemoveFromEventList)
    i.xTaskResumeAll                         0x08004978   Section        0  tasks.o(i.xTaskResumeAll)
    i.xTimerCreate                           0x08004a3c   Section        0  timers.o(i.xTimerCreate)
    i.xTimerCreateTimerTask                  0x08004a8c   Section        0  timers.o(i.xTimerCreateTimerTask)
    i.xTimerGenericCommand                   0x08004ad8   Section        0  timers.o(i.xTimerGenericCommand)
    .constdata                               0x08004b38   Section       64  freertos_1.o(.constdata)
    .constdata                               0x08004b78   Section       64  mission.o(.constdata)
    .constdata                               0x08004bb8   Section        8  stm32f4xx_hal_dma.o(.constdata)
    flagBitshiftOffset                       0x08004bb8   Data           8  stm32f4xx_hal_dma.o(.constdata)
    .constdata                               0x08004bc0   Section       16  system_stm32f4xx.o(.constdata)
    .constdata                               0x08004bd0   Section        8  system_stm32f4xx.o(.constdata)
    .conststring                             0x08004bd8   Section       33  freertos_1.o(.conststring)
    .data                                    0x20000000   Section       20  freertos_1.o(.data)
    .data                                    0x20000014   Section       24  mission.o(.data)
    .data                                    0x2000002c   Section        1  mr1init.o(.data)
    .data                                    0x2000002d   Section        8  mr1init.o(.data)
    .data                                    0x20000035   Section        2  usartreceive.o(.data)
    count                                    0x20000035   Data           1  usartreceive.o(.data)
    i                                        0x20000036   Data           1  usartreceive.o(.data)
    .data                                    0x20000038   Section        4  can_1.o(.data)
    HAL_RCC_CAN1_CLK_ENABLED                 0x20000038   Data           4  can_1.o(.data)
    .data                                    0x2000003c   Section       12  stm32f4xx_hal.o(.data)
    .data                                    0x20000048   Section        4  system_stm32f4xx.o(.data)
    .data                                    0x2000004c   Section       60  tasks.o(.data)
    uxDeletedTasksWaitingCleanUp             0x20000050   Data           4  tasks.o(.data)
    uxCurrentNumberOfTasks                   0x20000054   Data           4  tasks.o(.data)
    xTickCount                               0x20000058   Data           4  tasks.o(.data)
    uxTopReadyPriority                       0x2000005c   Data           4  tasks.o(.data)
    xSchedulerRunning                        0x20000060   Data           4  tasks.o(.data)
    uxPendedTicks                            0x20000064   Data           4  tasks.o(.data)
    xYieldPending                            0x20000068   Data           4  tasks.o(.data)
    xNumOfOverflows                          0x2000006c   Data           4  tasks.o(.data)
    uxTaskNumber                             0x20000070   Data           4  tasks.o(.data)
    xNextTaskUnblockTime                     0x20000074   Data           4  tasks.o(.data)
    xIdleTaskHandle                          0x20000078   Data           4  tasks.o(.data)
    uxSchedulerSuspended                     0x2000007c   Data           4  tasks.o(.data)
    pxDelayedTaskList                        0x20000080   Data           4  tasks.o(.data)
    pxOverflowDelayedTaskList                0x20000084   Data           4  tasks.o(.data)
    .data                                    0x20000088   Section       20  timers.o(.data)
    xTimerQueue                              0x20000088   Data           4  timers.o(.data)
    xTimerTaskHandle                         0x2000008c   Data           4  timers.o(.data)
    xLastTime                                0x20000090   Data           4  timers.o(.data)
    pxCurrentTimerList                       0x20000094   Data           4  timers.o(.data)
    pxOverflowTimerList                      0x20000098   Data           4  timers.o(.data)
    .data                                    0x2000009c   Section       24  heap_4.o(.data)
    pxEnd                                    0x2000009c   Data           4  heap_4.o(.data)
    xFreeBytesRemaining                      0x200000a0   Data           4  heap_4.o(.data)
    xMinimumEverFreeBytesRemaining           0x200000a4   Data           4  heap_4.o(.data)
    xBlockAllocatedBit                       0x200000a8   Data           4  heap_4.o(.data)
    xStart                                   0x200000ac   Data           8  heap_4.o(.data)
    .data                                    0x200000b4   Section       12  port.o(.data)
    ucMaxSysCallPriority                     0x200000b4   Data           1  port.o(.data)
    uxCriticalNesting                        0x200000b8   Data           4  port.o(.data)
    ulMaxPRIGROUPValue                       0x200000bc   Data           4  port.o(.data)
    .data                                    0x200000c0   Section        4  errno.o(.data)
    _errno                                   0x200000c0   Data           4  errno.o(.data)
    .bss                                     0x200000c4   Section      292  mr1init.o(.bss)
    .bss                                     0x200001e8   Section       18  mr1init.o(.bss)
    .bss                                     0x200001fc   Section       34  usartreceive.o(.bss)
    posture                                  0x200001fc   Data          24  usartreceive.o(.bss)
    .bss                                     0x20000220   Section       20  supervise.o(.bss)
    .bss                                     0x20000234   Section       80  can_1.o(.bss)
    .bss                                     0x20000284   Section       60  tim_1.o(.bss)
    .bss                                     0x200002c0   Section      416  usart_1.o(.bss)
    .bss                                     0x20000460   Section       60  stm32f4xx_hal_timebase_tim_1.o(.bss)
    .bss                                     0x2000049c   Section       64  queue.o(.bss)
    .bss                                     0x200004dc   Section      240  tasks.o(.bss)
    pxReadyTasksLists                        0x200004dc   Data         140  tasks.o(.bss)
    xDelayedTaskList1                        0x20000568   Data          20  tasks.o(.bss)
    xDelayedTaskList2                        0x2000057c   Data          20  tasks.o(.bss)
    xPendingReadyList                        0x20000590   Data          20  tasks.o(.bss)
    xTasksWaitingTermination                 0x200005a4   Data          20  tasks.o(.bss)
    xSuspendedTaskList                       0x200005b8   Data          20  tasks.o(.bss)
    .bss                                     0x200005cc   Section       40  timers.o(.bss)
    xActiveTimerList1                        0x200005cc   Data          20  timers.o(.bss)
    xActiveTimerList2                        0x200005e0   Data          20  timers.o(.bss)
    .bss                                     0x200005f4   Section    30000  heap_4.o(.bss)
    ucHeap                                   0x200005f4   Data       30000  heap_4.o(.bss)
    STACK                                    0x20007b28   Section     1024  startup_stm32f427xx.o(STACK)

    Global Symbols

    Symbol Name                              Value     Ov Type        Size  Object(Section)

    BuildAttributes$$THM_ISAv4$E$P$D$K$B$S$7EM$VFPi3$EXTD16$VFPS$VFMA$PE$A:L22UL41UL21$X:L11$S22US41US21$IEEE1$IW$USESV6$~STKCKD$USESV7$~SHL$OTIME$ROPI$IEEEX$EBA8$MICROLIB$REQ8$PRES8$EABIv2 0x00000000   Number         0  anon$$obj.o ABSOLUTE
    __ARM_use_no_argv                        0x00000000   Number         0  main_1.o ABSOLUTE
    __cpp_initialize__aeabi_                  - Undefined Weak Reference
    __cxa_finalize                            - Undefined Weak Reference
    __decompress                              - Undefined Weak Reference
    _clock_init                               - Undefined Weak Reference
    _microlib_exit                            - Undefined Weak Reference
    __Vectors_Size                           0x000001ac   Number         0  startup_stm32f427xx.o ABSOLUTE
    __Vectors                                0x08000000   Data           4  startup_stm32f427xx.o(RESET)
    __Vectors_End                            0x080001ac   Data           0  startup_stm32f427xx.o(RESET)
    __main                                   0x080001ad   Thumb Code     0  entry.o(.ARM.Collect$$$$00000000)
    _main_stk                                0x080001ad   Thumb Code     0  entry2.o(.ARM.Collect$$$$00000001)
    _main_scatterload                        0x080001b1   Thumb Code     0  entry5.o(.ARM.Collect$$$$00000004)
    __main_after_scatterload                 0x080001b5   Thumb Code     0  entry5.o(.ARM.Collect$$$$00000004)
    _main_clock                              0x080001b5   Thumb Code     0  entry7b.o(.ARM.Collect$$$$00000008)
    _main_cpp_init                           0x080001b5   Thumb Code     0  entry8b.o(.ARM.Collect$$$$0000000A)
    _main_init                               0x080001b5   Thumb Code     0  entry9a.o(.ARM.Collect$$$$0000000B)
    __rt_final_cpp                           0x080001bd   Thumb Code     0  entry10a.o(.ARM.Collect$$$$0000000D)
    __rt_final_exit                          0x080001bd   Thumb Code     0  entry11a.o(.ARM.Collect$$$$0000000F)
    SVC_Handler                              0x080001c1   Thumb Code    28  port.o(.emb_text)
    __asm___6_port_c_39a90d8d__prvStartFirstTask 0x080001e1   Thumb Code    28  port.o(.emb_text)
    __asm___6_port_c_39a90d8d__prvEnableVFP  0x08000201   Thumb Code    16  port.o(.emb_text)
    PendSV_Handler                           0x08000215   Thumb Code    92  port.o(.emb_text)
    vPortGetIPSR                             0x08000275   Thumb Code     6  port.o(.emb_text)
    Reset_Handler                            0x0800027d   Thumb Code     8  startup_stm32f427xx.o(.text)
    ADC_IRQHandler                           0x08000297   Thumb Code     0  startup_stm32f427xx.o(.text)
    CAN1_RX1_IRQHandler                      0x08000297   Thumb Code     0  startup_stm32f427xx.o(.text)
    CAN1_SCE_IRQHandler                      0x08000297   Thumb Code     0  startup_stm32f427xx.o(.text)
    CAN1_TX_IRQHandler                       0x08000297   Thumb Code     0  startup_stm32f427xx.o(.text)
    CAN2_RX1_IRQHandler                      0x08000297   Thumb Code     0  startup_stm32f427xx.o(.text)
    CAN2_SCE_IRQHandler                      0x08000297   Thumb Code     0  startup_stm32f427xx.o(.text)
    CAN2_TX_IRQHandler                       0x08000297   Thumb Code     0  startup_stm32f427xx.o(.text)
    DCMI_IRQHandler                          0x08000297   Thumb Code     0  startup_stm32f427xx.o(.text)
    DMA1_Stream0_IRQHandler                  0x08000297   Thumb Code     0  startup_stm32f427xx.o(.text)
    DMA1_Stream1_IRQHandler                  0x08000297   Thumb Code     0  startup_stm32f427xx.o(.text)
    DMA1_Stream2_IRQHandler                  0x08000297   Thumb Code     0  startup_stm32f427xx.o(.text)
    DMA1_Stream3_IRQHandler                  0x08000297   Thumb Code     0  startup_stm32f427xx.o(.text)
    DMA1_Stream4_IRQHandler                  0x08000297   Thumb Code     0  startup_stm32f427xx.o(.text)
    DMA1_Stream5_IRQHandler                  0x08000297   Thumb Code     0  startup_stm32f427xx.o(.text)
    DMA1_Stream6_IRQHandler                  0x08000297   Thumb Code     0  startup_stm32f427xx.o(.text)
    DMA1_Stream7_IRQHandler                  0x08000297   Thumb Code     0  startup_stm32f427xx.o(.text)
    DMA2D_IRQHandler                         0x08000297   Thumb Code     0  startup_stm32f427xx.o(.text)
    DMA2_Stream0_IRQHandler                  0x08000297   Thumb Code     0  startup_stm32f427xx.o(.text)
    DMA2_Stream3_IRQHandler                  0x08000297   Thumb Code     0  startup_stm32f427xx.o(.text)
    DMA2_Stream4_IRQHandler                  0x08000297   Thumb Code     0  startup_stm32f427xx.o(.text)
    DMA2_Stream5_IRQHandler                  0x08000297   Thumb Code     0  startup_stm32f427xx.o(.text)
    DMA2_Stream7_IRQHandler                  0x08000297   Thumb Code     0  startup_stm32f427xx.o(.text)
    ETH_IRQHandler                           0x08000297   Thumb Code     0  startup_stm32f427xx.o(.text)
    ETH_WKUP_IRQHandler                      0x08000297   Thumb Code     0  startup_stm32f427xx.o(.text)
    EXTI0_IRQHandler                         0x08000297   Thumb Code     0  startup_stm32f427xx.o(.text)
    EXTI15_10_IRQHandler                     0x08000297   Thumb Code     0  startup_stm32f427xx.o(.text)
    EXTI1_IRQHandler                         0x08000297   Thumb Code     0  startup_stm32f427xx.o(.text)
    EXTI2_IRQHandler                         0x08000297   Thumb Code     0  startup_stm32f427xx.o(.text)
    EXTI4_IRQHandler                         0x08000297   Thumb Code     0  startup_stm32f427xx.o(.text)
    EXTI9_5_IRQHandler                       0x08000297   Thumb Code     0  startup_stm32f427xx.o(.text)
    FLASH_IRQHandler                         0x08000297   Thumb Code     0  startup_stm32f427xx.o(.text)
    FMC_IRQHandler                           0x08000297   Thumb Code     0  startup_stm32f427xx.o(.text)
    FPU_IRQHandler                           0x08000297   Thumb Code     0  startup_stm32f427xx.o(.text)
    HASH_RNG_IRQHandler                      0x08000297   Thumb Code     0  startup_stm32f427xx.o(.text)
    I2C1_ER_IRQHandler                       0x08000297   Thumb Code     0  startup_stm32f427xx.o(.text)
    I2C1_EV_IRQHandler                       0x08000297   Thumb Code     0  startup_stm32f427xx.o(.text)
    I2C2_ER_IRQHandler                       0x08000297   Thumb Code     0  startup_stm32f427xx.o(.text)
    I2C2_EV_IRQHandler                       0x08000297   Thumb Code     0  startup_stm32f427xx.o(.text)
    I2C3_ER_IRQHandler                       0x08000297   Thumb Code     0  startup_stm32f427xx.o(.text)
    I2C3_EV_IRQHandler                       0x08000297   Thumb Code     0  startup_stm32f427xx.o(.text)
    OTG_FS_IRQHandler                        0x08000297   Thumb Code     0  startup_stm32f427xx.o(.text)
    OTG_FS_WKUP_IRQHandler                   0x08000297   Thumb Code     0  startup_stm32f427xx.o(.text)
    OTG_HS_EP1_IN_IRQHandler                 0x08000297   Thumb Code     0  startup_stm32f427xx.o(.text)
    OTG_HS_EP1_OUT_IRQHandler                0x08000297   Thumb Code     0  startup_stm32f427xx.o(.text)
    OTG_HS_IRQHandler                        0x08000297   Thumb Code     0  startup_stm32f427xx.o(.text)
    OTG_HS_WKUP_IRQHandler                   0x08000297   Thumb Code     0  startup_stm32f427xx.o(.text)
    PVD_IRQHandler                           0x08000297   Thumb Code     0  startup_stm32f427xx.o(.text)
    RCC_IRQHandler                           0x08000297   Thumb Code     0  startup_stm32f427xx.o(.text)
    RTC_Alarm_IRQHandler                     0x08000297   Thumb Code     0  startup_stm32f427xx.o(.text)
    RTC_WKUP_IRQHandler                      0x08000297   Thumb Code     0  startup_stm32f427xx.o(.text)
    SAI1_IRQHandler                          0x08000297   Thumb Code     0  startup_stm32f427xx.o(.text)
    SDIO_IRQHandler                          0x08000297   Thumb Code     0  startup_stm32f427xx.o(.text)
    SPI1_IRQHandler                          0x08000297   Thumb Code     0  startup_stm32f427xx.o(.text)
    SPI2_IRQHandler                          0x08000297   Thumb Code     0  startup_stm32f427xx.o(.text)
    SPI3_IRQHandler                          0x08000297   Thumb Code     0  startup_stm32f427xx.o(.text)
    SPI4_IRQHandler                          0x08000297   Thumb Code     0  startup_stm32f427xx.o(.text)
    SPI5_IRQHandler                          0x08000297   Thumb Code     0  startup_stm32f427xx.o(.text)
    SPI6_IRQHandler                          0x08000297   Thumb Code     0  startup_stm32f427xx.o(.text)
    TAMP_STAMP_IRQHandler                    0x08000297   Thumb Code     0  startup_stm32f427xx.o(.text)
    TIM1_BRK_TIM9_IRQHandler                 0x08000297   Thumb Code     0  startup_stm32f427xx.o(.text)
    TIM1_CC_IRQHandler                       0x08000297   Thumb Code     0  startup_stm32f427xx.o(.text)
    TIM1_TRG_COM_TIM11_IRQHandler            0x08000297   Thumb Code     0  startup_stm32f427xx.o(.text)
    TIM1_UP_TIM10_IRQHandler                 0x08000297   Thumb Code     0  startup_stm32f427xx.o(.text)
    TIM2_IRQHandler                          0x08000297   Thumb Code     0  startup_stm32f427xx.o(.text)
    TIM3_IRQHandler                          0x08000297   Thumb Code     0  startup_stm32f427xx.o(.text)
    TIM4_IRQHandler                          0x08000297   Thumb Code     0  startup_stm32f427xx.o(.text)
    TIM5_IRQHandler                          0x08000297   Thumb Code     0  startup_stm32f427xx.o(.text)
    TIM6_DAC_IRQHandler                      0x08000297   Thumb Code     0  startup_stm32f427xx.o(.text)
    TIM8_BRK_TIM12_IRQHandler                0x08000297   Thumb Code     0  startup_stm32f427xx.o(.text)
    TIM8_CC_IRQHandler                       0x08000297   Thumb Code     0  startup_stm32f427xx.o(.text)
    TIM8_TRG_COM_TIM14_IRQHandler            0x08000297   Thumb Code     0  startup_stm32f427xx.o(.text)
    TIM8_UP_TIM13_IRQHandler                 0x08000297   Thumb Code     0  startup_stm32f427xx.o(.text)
    UART4_IRQHandler                         0x08000297   Thumb Code     0  startup_stm32f427xx.o(.text)
    UART5_IRQHandler                         0x08000297   Thumb Code     0  startup_stm32f427xx.o(.text)
    UART7_IRQHandler                         0x08000297   Thumb Code     0  startup_stm32f427xx.o(.text)
    UART8_IRQHandler                         0x08000297   Thumb Code     0  startup_stm32f427xx.o(.text)
    USART1_IRQHandler                        0x08000297   Thumb Code     0  startup_stm32f427xx.o(.text)
    USART2_IRQHandler                        0x08000297   Thumb Code     0  startup_stm32f427xx.o(.text)
    USART3_IRQHandler                        0x08000297   Thumb Code     0  startup_stm32f427xx.o(.text)
    USART6_IRQHandler                        0x08000297   Thumb Code     0  startup_stm32f427xx.o(.text)
    WWDG_IRQHandler                          0x08000297   Thumb Code     0  startup_stm32f427xx.o(.text)
    __aeabi_uldivmod                         0x080002a1   Thumb Code    98  uldiv.o(.text)
    __aeabi_memcpy                           0x08000303   Thumb Code    36  memcpya.o(.text)
    __aeabi_memcpy4                          0x08000303   Thumb Code     0  memcpya.o(.text)
    __aeabi_memcpy8                          0x08000303   Thumb Code     0  memcpya.o(.text)
    __aeabi_memset                           0x08000327   Thumb Code    14  memseta.o(.text)
    __aeabi_memset4                          0x08000327   Thumb Code     0  memseta.o(.text)
    __aeabi_memset8                          0x08000327   Thumb Code     0  memseta.o(.text)
    __aeabi_memclr                           0x08000335   Thumb Code     4  memseta.o(.text)
    __aeabi_memclr4                          0x08000335   Thumb Code     0  memseta.o(.text)
    __aeabi_memclr8                          0x08000335   Thumb Code     0  memseta.o(.text)
    _memset$wrapper                          0x08000339   Thumb Code    18  memseta.o(.text)
    __aeabi_ddiv                             0x0800034b   Thumb Code   222  ddiv.o(.text)
    __aeabi_f2d                              0x08000429   Thumb Code    38  f2d.o(.text)
    __aeabi_d2f                              0x0800044f   Thumb Code    56  d2f.o(.text)
    __aeabi_llsl                             0x08000487   Thumb Code    30  llshl.o(.text)
    _ll_shift_l                              0x08000487   Thumb Code     0  llshl.o(.text)
    __aeabi_llsr                             0x080004a5   Thumb Code    32  llushr.o(.text)
    _ll_ushift_r                             0x080004a5   Thumb Code     0  llushr.o(.text)
    __I$use$fp                               0x080004c5   Thumb Code     0  iusefp.o(.text)
    _float_round                             0x080004c5   Thumb Code    18  fepilogue.o(.text)
    _float_epilogue                          0x080004d7   Thumb Code    92  fepilogue.o(.text)
    _double_round                            0x08000533   Thumb Code    30  depilogue.o(.text)
    _double_epilogue                         0x08000551   Thumb Code   156  depilogue.o(.text)
    _dsqrt                                   0x080005ed   Thumb Code   162  dsqrt.o(.text)
    __scatterload                            0x08000691   Thumb Code    28  init.o(.text)
    __scatterload_rt2                        0x08000691   Thumb Code     0  init.o(.text)
    BusFault_Handler                         0x080006b5   Thumb Code     2  stm32f4xx_it_1.o(i.BusFault_Handler)
    CAN1_RX0_IRQHandler                      0x080006b9   Thumb Code     6  stm32f4xx_it_1.o(i.CAN1_RX0_IRQHandler)
    CAN2_RX0_IRQHandler                      0x080006c5   Thumb Code     6  stm32f4xx_it_1.o(i.CAN2_RX0_IRQHandler)
    Calculate                                0x080006d1   Thumb Code    44  calculate.o(i.Calculate)
    CanDataEncoderProcess                    0x08000701   Thumb Code    28  canreceive.o(i.CanDataEncoderProcess)
    CanDataReceive                           0x08000721   Thumb Code    86  canreceive.o(i.CanDataReceive)
    CanFilterInit                            0x0800077d   Thumb Code    86  canreceive.o(i.CanFilterInit)
    CanTransmit_1234                         0x080007d9   Thumb Code    82  sendsignal.o(i.CanTransmit_1234)
    CanTransmit_5                            0x0800082b   Thumb Code    52  sendsignal.o(i.CanTransmit_5)
    DMA2_Stream1_IRQHandler                  0x08000861   Thumb Code     6  stm32f4xx_it_1.o(i.DMA2_Stream1_IRQHandler)
    DMA2_Stream2_IRQHandler                  0x0800086d   Thumb Code     6  stm32f4xx_it_1.o(i.DMA2_Stream2_IRQHandler)
    DMA2_Stream6_IRQHandler                  0x08000879   Thumb Code     6  stm32f4xx_it_1.o(i.DMA2_Stream6_IRQHandler)
    DebugMon_Handler                         0x08000929   Thumb Code     2  stm32f4xx_it_1.o(i.DebugMon_Handler)
    EXTI3_IRQHandler                         0x0800092b   Thumb Code     6  stm32f4xx_it_1.o(i.EXTI3_IRQHandler)
    Error_Handler                            0x08000931   Thumb Code     2  main_1.o(i.Error_Handler)
    GyroReceiveHandle                        0x08000935   Thumb Code   140  usartreceive.o(i.GyroReceiveHandle)
    HAL_CAN_ActivateNotification             0x080009d1   Thumb Code    40  stm32f4xx_hal_can.o(i.HAL_CAN_ActivateNotification)
    HAL_CAN_AddTxMessage                     0x080009f9   Thumb Code   200  stm32f4xx_hal_can.o(i.HAL_CAN_AddTxMessage)
    HAL_CAN_ConfigFilter                     0x08000ac1   Thumb Code   262  stm32f4xx_hal_can.o(i.HAL_CAN_ConfigFilter)
    HAL_CAN_ErrorCallback                    0x08000bcd   Thumb Code     2  stm32f4xx_hal_can.o(i.HAL_CAN_ErrorCallback)
    HAL_CAN_GetRxMessage                     0x08000bcf   Thumb Code   250  stm32f4xx_hal_can.o(i.HAL_CAN_GetRxMessage)
    HAL_CAN_IRQHandler                       0x08000cc9   Thumb Code   508  stm32f4xx_hal_can.o(i.HAL_CAN_IRQHandler)
    HAL_CAN_Init                             0x08000ec5   Thumb Code   282  stm32f4xx_hal_can.o(i.HAL_CAN_Init)
    HAL_CAN_MspInit                          0x08000fe1   Thumb Code   228  can_1.o(i.HAL_CAN_MspInit)
    HAL_CAN_RxFifo0FullCallback              0x080010dd   Thumb Code     2  stm32f4xx_hal_can.o(i.HAL_CAN_RxFifo0FullCallback)
    HAL_CAN_RxFifo0MsgPendingCallback        0x080010e1   Thumb Code    30  freertos_1.o(i.HAL_CAN_RxFifo0MsgPendingCallback)
    HAL_CAN_RxFifo1FullCallback              0x08001105   Thumb Code     2  stm32f4xx_hal_can.o(i.HAL_CAN_RxFifo1FullCallback)
    HAL_CAN_RxFifo1MsgPendingCallback        0x08001107   Thumb Code     2  stm32f4xx_hal_can.o(i.HAL_CAN_RxFifo1MsgPendingCallback)
    HAL_CAN_SleepCallback                    0x08001109   Thumb Code     2  stm32f4xx_hal_can.o(i.HAL_CAN_SleepCallback)
    HAL_CAN_Start                            0x0800110d   Thumb Code    88  stm32f4xx_hal_can.o(i.HAL_CAN_Start)
    HAL_CAN_TxMailbox0AbortCallback          0x08001165   Thumb Code     2  stm32f4xx_hal_can.o(i.HAL_CAN_TxMailbox0AbortCallback)
    HAL_CAN_TxMailbox0CompleteCallback       0x08001167   Thumb Code     2  stm32f4xx_hal_can.o(i.HAL_CAN_TxMailbox0CompleteCallback)
    HAL_CAN_TxMailbox1AbortCallback          0x08001169   Thumb Code     2  stm32f4xx_hal_can.o(i.HAL_CAN_TxMailbox1AbortCallback)
    HAL_CAN_TxMailbox1CompleteCallback       0x0800116b   Thumb Code     2  stm32f4xx_hal_can.o(i.HAL_CAN_TxMailbox1CompleteCallback)
    HAL_CAN_TxMailbox2AbortCallback          0x0800116d   Thumb Code     2  stm32f4xx_hal_can.o(i.HAL_CAN_TxMailbox2AbortCallback)
    HAL_CAN_TxMailbox2CompleteCallback       0x0800116f   Thumb Code     2  stm32f4xx_hal_can.o(i.HAL_CAN_TxMailbox2CompleteCallback)
    HAL_CAN_WakeUpFromRxMsgCallback          0x08001171   Thumb Code     2  stm32f4xx_hal_can.o(i.HAL_CAN_WakeUpFromRxMsgCallback)
    HAL_DMA_IRQHandler                       0x08001175   Thumb Code   412  stm32f4xx_hal_dma.o(i.HAL_DMA_IRQHandler)
    HAL_DMA_Init                             0x08001315   Thumb Code   206  stm32f4xx_hal_dma.o(i.HAL_DMA_Init)
    HAL_DMA_Start_IT                         0x080013e9   Thumb Code   120  stm32f4xx_hal_dma.o(i.HAL_DMA_Start_IT)
    HAL_Delay                                0x08001461   Thumb Code    32  stm32f4xx_hal.o(i.HAL_Delay)
    HAL_GPIO_EXTI_Callback                   0x08001485   Thumb Code     2  stm32f4xx_hal_gpio.o(i.HAL_GPIO_EXTI_Callback)
    HAL_GPIO_EXTI_IRQHandler                 0x08001489   Thumb Code    18  stm32f4xx_hal_gpio.o(i.HAL_GPIO_EXTI_IRQHandler)
    HAL_GPIO_Init                            0x080014a1   Thumb Code   408  stm32f4xx_hal_gpio.o(i.HAL_GPIO_Init)
    HAL_GPIO_TogglePin                       0x0800166d   Thumb Code     8  stm32f4xx_hal_gpio.o(i.HAL_GPIO_TogglePin)
    HAL_GPIO_WritePin                        0x08001675   Thumb Code    10  stm32f4xx_hal_gpio.o(i.HAL_GPIO_WritePin)
    HAL_GetTick                              0x08001681   Thumb Code     6  stm32f4xx_hal.o(i.HAL_GetTick)
    HAL_IncTick                              0x0800168d   Thumb Code    12  stm32f4xx_hal.o(i.HAL_IncTick)
    HAL_Init                                 0x0800169d   Thumb Code    48  stm32f4xx_hal.o(i.HAL_Init)
    HAL_InitTick                             0x080016d1   Thumb Code   100  stm32f4xx_hal_timebase_tim_1.o(i.HAL_InitTick)
    HAL_MspInit                              0x08001745   Thumb Code    52  stm32f4xx_hal_msp_1.o(i.HAL_MspInit)
    HAL_NVIC_EnableIRQ                       0x0800177d   Thumb Code    22  stm32f4xx_hal_cortex.o(i.HAL_NVIC_EnableIRQ)
    HAL_NVIC_SetPriority                     0x08001795   Thumb Code    60  stm32f4xx_hal_cortex.o(i.HAL_NVIC_SetPriority)
    HAL_NVIC_SetPriorityGrouping             0x080017d5   Thumb Code    26  stm32f4xx_hal_cortex.o(i.HAL_NVIC_SetPriorityGrouping)
    HAL_RCC_ClockConfig                      0x080017f9   Thumb Code   286  stm32f4xx_hal_rcc.o(i.HAL_RCC_ClockConfig)
    HAL_RCC_GetClockConfig                   0x08001929   Thumb Code    54  stm32f4xx_hal_rcc.o(i.HAL_RCC_GetClockConfig)
    HAL_RCC_GetPCLK1Freq                     0x08001969   Thumb Code    20  stm32f4xx_hal_rcc.o(i.HAL_RCC_GetPCLK1Freq)
    HAL_RCC_GetPCLK2Freq                     0x08001989   Thumb Code    20  stm32f4xx_hal_rcc.o(i.HAL_RCC_GetPCLK2Freq)
    HAL_RCC_GetSysClockFreq                  0x080019a9   Thumb Code    88  stm32f4xx_hal_rcc.o(i.HAL_RCC_GetSysClockFreq)
    HAL_RCC_OscConfig                        0x08001a0d   Thumb Code   770  stm32f4xx_hal_rcc.o(i.HAL_RCC_OscConfig)
    HAL_TIMEx_BreakCallback                  0x08001d29   Thumb Code     2  stm32f4xx_hal_tim_ex.o(i.HAL_TIMEx_BreakCallback)
    HAL_TIMEx_CommutationCallback            0x08001d2b   Thumb Code     2  stm32f4xx_hal_tim_ex.o(i.HAL_TIMEx_CommutationCallback)
    HAL_TIMEx_MasterConfigSynchronization    0x08001d2d   Thumb Code    80  stm32f4xx_hal_tim_ex.o(i.HAL_TIMEx_MasterConfigSynchronization)
    HAL_TIM_Base_Init                        0x08001d7d   Thumb Code    54  stm32f4xx_hal_tim.o(i.HAL_TIM_Base_Init)
    HAL_TIM_Base_MspInit                     0x08001db3   Thumb Code     2  stm32f4xx_hal_tim.o(i.HAL_TIM_Base_MspInit)
    HAL_TIM_Base_Start_IT                    0x08001db5   Thumb Code    24  stm32f4xx_hal_tim.o(i.HAL_TIM_Base_Start_IT)
    HAL_TIM_IC_CaptureCallback               0x08001dcd   Thumb Code     2  stm32f4xx_hal_tim.o(i.HAL_TIM_IC_CaptureCallback)
    HAL_TIM_IRQHandler                       0x08001dcf   Thumb Code   358  stm32f4xx_hal_tim.o(i.HAL_TIM_IRQHandler)
    HAL_TIM_MspPostInit                      0x08001f35   Thumb Code    70  tim_1.o(i.HAL_TIM_MspPostInit)
    HAL_TIM_OC_DelayElapsedCallback          0x08001f85   Thumb Code     2  stm32f4xx_hal_tim.o(i.HAL_TIM_OC_DelayElapsedCallback)
    HAL_TIM_PWM_ConfigChannel                0x08001f87   Thumb Code   208  stm32f4xx_hal_tim.o(i.HAL_TIM_PWM_ConfigChannel)
    HAL_TIM_PWM_Init                         0x08002057   Thumb Code    54  stm32f4xx_hal_tim.o(i.HAL_TIM_PWM_Init)
    HAL_TIM_PWM_MspInit                      0x0800208d   Thumb Code    30  tim_1.o(i.HAL_TIM_PWM_MspInit)
    HAL_TIM_PWM_PulseFinishedCallback        0x080020b1   Thumb Code     2  stm32f4xx_hal_tim.o(i.HAL_TIM_PWM_PulseFinishedCallback)
    HAL_TIM_PeriodElapsedCallback            0x080020b5   Thumb Code    14  main_1.o(i.HAL_TIM_PeriodElapsedCallback)
    HAL_TIM_TriggerCallback                  0x080020c9   Thumb Code     2  stm32f4xx_hal_tim.o(i.HAL_TIM_TriggerCallback)
    HAL_UART_ErrorCallback                   0x080020cb   Thumb Code     2  stm32f4xx_hal_uart.o(i.HAL_UART_ErrorCallback)
    HAL_UART_Init                            0x080020cd   Thumb Code    98  stm32f4xx_hal_uart.o(i.HAL_UART_Init)
    HAL_UART_MspInit                         0x08002131   Thumb Code   332  usart_1.o(i.HAL_UART_MspInit)
    HAL_UART_Receive_DMA                     0x0800229d   Thumb Code   138  stm32f4xx_hal_uart.o(i.HAL_UART_Receive_DMA)
    HAL_UART_RxCpltCallback                  0x08002335   Thumb Code    52  freertos_1.o(i.HAL_UART_RxCpltCallback)
    HAL_UART_RxHalfCpltCallback              0x08002379   Thumb Code     2  stm32f4xx_hal_uart.o(i.HAL_UART_RxHalfCpltCallback)
    HardFault_Handler                        0x0800237b   Thumb Code     2  stm32f4xx_it_1.o(i.HardFault_Handler)
    LEDShow                                  0x0800237d   Thumb Code    54  freertos_1.o(i.LEDShow)
    LED_HIGH                                 0x080023c1   Thumb Code    32  led.o(i.LED_HIGH)
    LED_MANUAL                               0x080023e9   Thumb Code    34  led.o(i.LED_MANUAL)
    LED_STOP                                 0x08002415   Thumb Code    28  led.o(i.LED_STOP)
    LostCounterFeed                          0x08002439   Thumb Code    10  supervise.o(i.LostCounterFeed)
    MR1MainTask                              0x08002449   Thumb Code    60  freertos_1.o(i.MR1MainTask)
    MR1OtherTask                             0x08002489   Thumb Code     8  freertos_1.o(i.MR1OtherTask)
    MR1StateChange                           0x08002491   Thumb Code   154  usartreceive.o(i.MR1StateChange)
    MR1_HighSpeed                            0x08002535   Thumb Code   296  mission.o(i.MR1_HighSpeed)
    MR1_MANUAL                               0x08002679   Thumb Code    10  mission.o(i.MR1_MANUAL)
    MR1_STOP                                 0x08002689   Thumb Code    12  mission.o(i.MR1_STOP)
    MR1_SetStage                             0x08002699   Thumb Code    46  mission.o(i.MR1_SetStage)
    MX_CAN1_Init                             0x080026d1   Thumb Code    60  can_1.o(i.MX_CAN1_Init)
    MX_CAN2_Init                             0x08002715   Thumb Code    60  can_1.o(i.MX_CAN2_Init)
    MX_DMA_Init                              0x08002759   Thumb Code    72  dma_1.o(i.MX_DMA_Init)
    MX_FREERTOS_Init                         0x080027a5   Thumb Code   114  freertos_1.o(i.MX_FREERTOS_Init)
    MX_GPIO_Init                             0x08002821   Thumb Code   370  gpio_1.o(i.MX_GPIO_Init)
    MX_TIM2_Init                             0x080029b5   Thumb Code   124  tim_1.o(i.MX_TIM2_Init)
    MX_USART1_UART_Init                      0x08002a35   Thumb Code    50  usart_1.o(i.MX_USART1_UART_Init)
    MX_USART6_UART_Init                      0x08002a75   Thumb Code    48  usart_1.o(i.MX_USART6_UART_Init)
    MemManage_Handler                        0x08002aad   Thumb Code     2  stm32f4xx_it_1.o(i.MemManage_Handler)
    NMI_Handler                              0x08002aaf   Thumb Code     2  stm32f4xx_it_1.o(i.NMI_Handler)
    PID_Calc                                 0x08002ad1   Thumb Code   118  calculate.o(i.PID_Calc)
    RemoteReceiveHandle                      0x08002b49   Thumb Code    76  usartreceive.o(i.RemoteReceiveHandle)
    RobotParamInit                           0x08002b9d   Thumb Code    62  mr1init.o(i.RobotParamInit)
    SendSignal                               0x08002be1   Thumb Code    74  sendsignal.o(i.SendSignal)
    SuperviseTask                            0x08002c35   Thumb Code     2  freertos_1.o(i.SuperviseTask)
    SysTick_Handler                          0x08002c39   Thumb Code    38  port.o(i.SysTick_Handler)
    SystemClock_Config                       0x08002c65   Thumb Code   124  main_1.o(i.SystemClock_Config)
    SystemInit                               0x08002ce9   Thumb Code    66  system_stm32f4xx.o(i.SystemInit)
    TIM7_IRQHandler                          0x08002d3d   Thumb Code     6  stm32f4xx_it_1.o(i.TIM7_IRQHandler)
    TIM_Base_SetConfig                       0x08002d49   Thumb Code   148  stm32f4xx_hal_tim.o(i.TIM_Base_SetConfig)
    TIM_OC2_SetConfig                        0x08002e61   Thumb Code    90  stm32f4xx_hal_tim.o(i.TIM_OC2_SetConfig)
    UsageFault_Handler                       0x080032e1   Thumb Code     2  stm32f4xx_it_1.o(i.UsageFault_Handler)
    __hardfp_sqrt                            0x080032e3   Thumb Code   122  sqrt.o(i.__hardfp_sqrt)
    __scatterload_copy                       0x0800335d   Thumb Code    14  handlers.o(i.__scatterload_copy)
    __scatterload_null                       0x0800336b   Thumb Code     2  handlers.o(i.__scatterload_null)
    __scatterload_zeroinit                   0x0800336d   Thumb Code    14  handlers.o(i.__scatterload_zeroinit)
    __set_errno                              0x0800337d   Thumb Code     6  errno.o(i.__set_errno)
    main                                     0x08003395   Thumb Code    78  main_1.o(i.main)
    osDelay                                  0x08003409   Thumb Code    14  cmsis_os.o(i.osDelay)
    osKernelStart                            0x08003417   Thumb Code    10  cmsis_os.o(i.osKernelStart)
    osSemaphoreCreate                        0x08003421   Thumb Code    38  cmsis_os.o(i.osSemaphoreCreate)
    osThreadCreate                           0x08003447   Thumb Code    46  cmsis_os.o(i.osThreadCreate)
    osTimerCreate                            0x08003475   Thumb Code    30  cmsis_os.o(i.osTimerCreate)
    osTimerStart                             0x08003499   Thumb Code    88  cmsis_os.o(i.osTimerStart)
    pvPortMalloc                             0x08003bf5   Thumb Code   210  heap_4.o(i.pvPortMalloc)
    pvTaskIncrementMutexHeldCount            0x08003ccd   Thumb Code    18  tasks.o(i.pvTaskIncrementMutexHeldCount)
    pxPortInitialiseStack                    0x08003ce5   Thumb Code    40  port.o(i.pxPortInitialiseStack)
    uxListRemove                             0x08003d11   Thumb Code    36  list.o(i.uxListRemove)
    vListInitialise                          0x08003d35   Thumb Code    22  list.o(i.vListInitialise)
    vListInitialiseItem                      0x08003d4b   Thumb Code     6  list.o(i.vListInitialiseItem)
    vListInsert                              0x08003d51   Thumb Code    48  list.o(i.vListInsert)
    vListInsertEnd                           0x08003d81   Thumb Code    24  list.o(i.vListInsertEnd)
    vPortEnterCritical                       0x08003d99   Thumb Code    54  port.o(i.vPortEnterCritical)
    vPortExitCritical                        0x08003dd9   Thumb Code    34  port.o(i.vPortExitCritical)
    vPortFree                                0x08003e01   Thumb Code    88  heap_4.o(i.vPortFree)
    vPortSetupTimerInterrupt                 0x08003e5d   Thumb Code    26  port.o(i.vPortSetupTimerInterrupt)
    vPortValidateInterruptPriority           0x08003e7d   Thumb Code    74  port.o(i.vPortValidateInterruptPriority)
    vQueueAddToRegistry                      0x08003ed1   Thumb Code    34  queue.o(i.vQueueAddToRegistry)
    vQueueWaitForMessageRestricted           0x08003ef9   Thumb Code    68  queue.o(i.vQueueWaitForMessageRestricted)
    vTaskDelay                               0x08003f3d   Thumb Code    66  tasks.o(i.vTaskDelay)
    vTaskMissedYield                         0x08003f89   Thumb Code     8  tasks.o(i.vTaskMissedYield)
    vTaskPlaceOnEventList                    0x08003f95   Thumb Code    44  tasks.o(i.vTaskPlaceOnEventList)
    vTaskPlaceOnEventListRestricted          0x08003fc5   Thumb Code    52  tasks.o(i.vTaskPlaceOnEventListRestricted)
    vTaskPriorityInherit                     0x08003ffd   Thumb Code   124  tasks.o(i.vTaskPriorityInherit)
    vTaskSetTimeOutState                     0x08004081   Thumb Code    30  tasks.o(i.vTaskSetTimeOutState)
    vTaskStartScheduler                      0x080040a5   Thumb Code    94  tasks.o(i.vTaskStartScheduler)
    vTaskSuspendAll                          0x08004115   Thumb Code    10  tasks.o(i.vTaskSuspendAll)
    vTaskSwitchContext                       0x08004125   Thumb Code    82  tasks.o(i.vTaskSwitchContext)
    xPortStartScheduler                      0x08004181   Thumb Code   202  port.o(i.xPortStartScheduler)
    xQueueGenericCreate                      0x08004261   Thumb Code    72  queue.o(i.xQueueGenericCreate)
    xQueueGenericReceive                     0x080042a9   Thumb Code   360  queue.o(i.xQueueGenericReceive)
    xQueueGenericReset                       0x08004415   Thumb Code   132  queue.o(i.xQueueGenericReset)
    xQueueGenericSend                        0x0800449d   Thumb Code   346  queue.o(i.xQueueGenericSend)
    xQueueGenericSendFromISR                 0x080045fd   Thumb Code   188  queue.o(i.xQueueGenericSendFromISR)
    xTaskCheckForTimeOut                     0x080046b9   Thumb Code   102  tasks.o(i.xTaskCheckForTimeOut)
    xTaskCreate                              0x08004725   Thumb Code    86  tasks.o(i.xTaskCreate)
    xTaskGetSchedulerState                   0x0800477d   Thumb Code    22  tasks.o(i.xTaskGetSchedulerState)
    xTaskGetTickCount                        0x08004799   Thumb Code     6  tasks.o(i.xTaskGetTickCount)
    xTaskIncrementTick                       0x080047a5   Thumb Code   192  tasks.o(i.xTaskIncrementTick)
    xTaskPriorityDisinherit                  0x0800486d   Thumb Code   144  tasks.o(i.xTaskPriorityDisinherit)
    xTaskRemoveFromEventList                 0x08004905   Thumb Code   108  tasks.o(i.xTaskRemoveFromEventList)
    xTaskResumeAll                           0x08004979   Thumb Code   182  tasks.o(i.xTaskResumeAll)
    xTimerCreate                             0x08004a3d   Thumb Code    78  timers.o(i.xTimerCreate)
    xTimerCreateTimerTask                    0x08004a8d   Thumb Code    58  timers.o(i.xTimerCreateTimerTask)
    xTimerGenericCommand                     0x08004ad9   Thumb Code    92  timers.o(i.xTimerGenericCommand)
    AHBPrescTable                            0x08004bc0   Data          16  system_stm32f4xx.o(.constdata)
    APBPrescTable                            0x08004bd0   Data           8  system_stm32f4xx.o(.constdata)
    Region$$Table$$Base                      0x08004bfc   Number         0  anon$$obj.o(Region$$Table)
    Region$$Table$$Limit                     0x08004c1c   Number         0  anon$$obj.o(Region$$Table)
    MR1OtherHandle                           0x20000000   Data           4  freertos_1.o(.data)
    LEDShowTaskHandle                        0x20000004   Data           4  freertos_1.o(.data)
    RobotTaskHandle                          0x20000008   Data           4  freertos_1.o(.data)
    SuperviseTimerHandle                     0x2000000c   Data           4  freertos_1.o(.data)
    JudgeSignalHandle                        0x20000010   Data           4  freertos_1.o(.data)
    x                                        0x20000014   Data           4  mission.o(.data)
    y                                        0x20000018   Data           4  mission.o(.data)
    dx                                       0x2000001c   Data           4  mission.o(.data)
    dy                                       0x20000020   Data           4  mission.o(.data)
    distance                                 0x20000024   Data           4  mission.o(.data)
    targetnumber                             0x20000028   Data           4  mission.o(.data)
    UsartReceiveGyro                         0x2000002c   Data           1  mr1init.o(.data)
    CanReceiveData                           0x2000002d   Data           8  mr1init.o(.data)
    uwTickFreq                               0x2000003c   Data           1  stm32f4xx_hal.o(.data)
    uwTickPrio                               0x20000040   Data           4  stm32f4xx_hal.o(.data)
    uwTick                                   0x20000044   Data           4  stm32f4xx_hal.o(.data)
    SystemCoreClock                          0x20000048   Data           4  system_stm32f4xx.o(.data)
    pxCurrentTCB                             0x2000004c   Data           4  tasks.o(.data)
    MR1                                      0x200000c4   Data         292  mr1init.o(.bss)
    UsartReceiveRemote                       0x200001e8   Data          18  mr1init.o(.bss)
    Raw_Data                                 0x20000214   Data          10  usartreceive.o(.bss)
    lost_counter                             0x20000220   Data          20  supervise.o(.bss)
    hcan1                                    0x20000234   Data          40  can_1.o(.bss)
    hcan2                                    0x2000025c   Data          40  can_1.o(.bss)
    htim2                                    0x20000284   Data          60  tim_1.o(.bss)
    huart1                                   0x200002c0   Data          64  usart_1.o(.bss)
    huart6                                   0x20000300   Data          64  usart_1.o(.bss)
    hdma_usart1_rx                           0x20000340   Data          96  usart_1.o(.bss)
    hdma_usart6_rx                           0x200003a0   Data          96  usart_1.o(.bss)
    hdma_usart6_tx                           0x20000400   Data          96  usart_1.o(.bss)
    htim7                                    0x20000460   Data          60  stm32f4xx_hal_timebase_tim_1.o(.bss)
    xQueueRegistry                           0x2000049c   Data          64  queue.o(.bss)
    __initial_sp                             0x20007f28   Data           0  startup_stm32f427xx.o(STACK)



==============================================================================

Memory Map of the image

  Image Entry point : 0x080001ad

  Load Region LR_IROM1 (Base: 0x08000000, Size: 0x00004ce0, Max: 0x00200000, ABSOLUTE)

    Execution Region ER_IROM1 (Base: 0x08000000, Size: 0x00004c1c, Max: 0x00200000, ABSOLUTE)

    Base Addr    Size         Type   Attr      Idx    E Section Name        Object

    0x08000000   0x000001ac   Data   RO         1122    RESET               startup_stm32f427xx.o
    0x080001ac   0x00000000   Code   RO         4940  * .ARM.Collect$$$$00000000  mc_w.l(entry.o)
    0x080001ac   0x00000004   Code   RO         4999    .ARM.Collect$$$$00000001  mc_w.l(entry2.o)
    0x080001b0   0x00000004   Code   RO         5002    .ARM.Collect$$$$00000004  mc_w.l(entry5.o)
    0x080001b4   0x00000000   Code   RO         5004    .ARM.Collect$$$$00000008  mc_w.l(entry7b.o)
    0x080001b4   0x00000000   Code   RO         5006    .ARM.Collect$$$$0000000A  mc_w.l(entry8b.o)
    0x080001b4   0x00000008   Code   RO         5007    .ARM.Collect$$$$0000000B  mc_w.l(entry9a.o)
    0x080001bc   0x00000000   Code   RO         5009    .ARM.Collect$$$$0000000D  mc_w.l(entry10a.o)
    0x080001bc   0x00000000   Code   RO         5011    .ARM.Collect$$$$0000000F  mc_w.l(entry11a.o)
    0x080001bc   0x00000004   Code   RO         5000    .ARM.Collect$$$$00002712  mc_w.l(entry2.o)
    0x080001c0   0x000000ba   Code   RO         4827    .emb_text           port.o
    0x0800027a   0x00000002   PAD
    0x0800027c   0x00000024   Code   RO         1123    .text               startup_stm32f427xx.o
    0x080002a0   0x00000062   Code   RO         4943    .text               mc_w.l(uldiv.o)
    0x08000302   0x00000024   Code   RO         4945    .text               mc_w.l(memcpya.o)
    0x08000326   0x00000024   Code   RO         4947    .text               mc_w.l(memseta.o)
    0x0800034a   0x000000de   Code   RO         4955    .text               mf_w.l(ddiv.o)
    0x08000428   0x00000026   Code   RO         4963    .text               mf_w.l(f2d.o)
    0x0800044e   0x00000038   Code   RO         4969    .text               mf_w.l(d2f.o)
    0x08000486   0x0000001e   Code   RO         5013    .text               mc_w.l(llshl.o)
    0x080004a4   0x00000020   Code   RO         5015    .text               mc_w.l(llushr.o)
    0x080004c4   0x00000000   Code   RO         5026    .text               mc_w.l(iusefp.o)
    0x080004c4   0x0000006e   Code   RO         5027    .text               mf_w.l(fepilogue.o)
    0x08000532   0x000000ba   Code   RO         5029    .text               mf_w.l(depilogue.o)
    0x080005ec   0x000000a2   Code   RO         5031    .text               mf_w.l(dsqrt.o)
    0x0800068e   0x00000002   PAD
    0x08000690   0x00000024   Code   RO         5043    .text               mc_w.l(init.o)
    0x080006b4   0x00000002   Code   RO          960    i.BusFault_Handler  stm32f4xx_it_1.o
    0x080006b6   0x00000002   PAD
    0x080006b8   0x0000000c   Code   RO          961    i.CAN1_RX0_IRQHandler  stm32f4xx_it_1.o
    0x080006c4   0x0000000c   Code   RO          962    i.CAN2_RX0_IRQHandler  stm32f4xx_it_1.o
    0x080006d0   0x00000030   Code   RO          587    i.Calculate         calculate.o
    0x08000700   0x00000020   Code   RO          509    i.CanDataEncoderProcess  canreceive.o
    0x08000720   0x0000005c   Code   RO          510    i.CanDataReceive    canreceive.o
    0x0800077c   0x0000005c   Code   RO          511    i.CanFilterInit     canreceive.o
    0x080007d8   0x00000052   Code   RO          460    i.CanTransmit_1234  sendsignal.o
    0x0800082a   0x00000034   Code   RO          461    i.CanTransmit_5     sendsignal.o
    0x0800085e   0x00000002   PAD
    0x08000860   0x0000000c   Code   RO          963    i.DMA2_Stream1_IRQHandler  stm32f4xx_it_1.o
    0x0800086c   0x0000000c   Code   RO          964    i.DMA2_Stream2_IRQHandler  stm32f4xx_it_1.o
    0x08000878   0x0000000c   Code   RO          965    i.DMA2_Stream6_IRQHandler  stm32f4xx_it_1.o
    0x08000884   0x00000028   Code   RO         3071    i.DMA_CalcBaseAndBitshift  stm32f4xx_hal_dma.o
    0x080008ac   0x00000054   Code   RO         3072    i.DMA_CheckFifoParam  stm32f4xx_hal_dma.o
    0x08000900   0x00000028   Code   RO         3073    i.DMA_SetConfig     stm32f4xx_hal_dma.o
    0x08000928   0x00000002   Code   RO          966    i.DebugMon_Handler  stm32f4xx_it_1.o
    0x0800092a   0x00000006   Code   RO          967    i.EXTI3_IRQHandler  stm32f4xx_it_1.o
    0x08000930   0x00000002   Code   RO          708    i.Error_Handler     main_1.o
    0x08000932   0x00000002   PAD
    0x08000934   0x0000009c   Code   RO          545    i.GyroReceiveHandle  usartreceive.o
    0x080009d0   0x00000028   Code   RO         1131    i.HAL_CAN_ActivateNotification  stm32f4xx_hal_can.o
    0x080009f8   0x000000c8   Code   RO         1132    i.HAL_CAN_AddTxMessage  stm32f4xx_hal_can.o
    0x08000ac0   0x0000010c   Code   RO         1133    i.HAL_CAN_ConfigFilter  stm32f4xx_hal_can.o
    0x08000bcc   0x00000002   Code   RO         1136    i.HAL_CAN_ErrorCallback  stm32f4xx_hal_can.o
    0x08000bce   0x000000fa   Code   RO         1139    i.HAL_CAN_GetRxMessage  stm32f4xx_hal_can.o
    0x08000cc8   0x000001fc   Code   RO         1143    i.HAL_CAN_IRQHandler  stm32f4xx_hal_can.o
    0x08000ec4   0x0000011a   Code   RO         1144    i.HAL_CAN_Init      stm32f4xx_hal_can.o
    0x08000fde   0x00000002   PAD
    0x08000fe0   0x000000fc   Code   RO          815    i.HAL_CAN_MspInit   can_1.o
    0x080010dc   0x00000002   Code   RO         1151    i.HAL_CAN_RxFifo0FullCallback  stm32f4xx_hal_can.o
    0x080010de   0x00000002   PAD
    0x080010e0   0x00000024   Code   RO            4    i.HAL_CAN_RxFifo0MsgPendingCallback  freertos_1.o
    0x08001104   0x00000002   Code   RO         1153    i.HAL_CAN_RxFifo1FullCallback  stm32f4xx_hal_can.o
    0x08001106   0x00000002   Code   RO         1154    i.HAL_CAN_RxFifo1MsgPendingCallback  stm32f4xx_hal_can.o
    0x08001108   0x00000002   Code   RO         1155    i.HAL_CAN_SleepCallback  stm32f4xx_hal_can.o
    0x0800110a   0x00000002   PAD
    0x0800110c   0x00000058   Code   RO         1156    i.HAL_CAN_Start     stm32f4xx_hal_can.o
    0x08001164   0x00000002   Code   RO         1158    i.HAL_CAN_TxMailbox0AbortCallback  stm32f4xx_hal_can.o
    0x08001166   0x00000002   Code   RO         1159    i.HAL_CAN_TxMailbox0CompleteCallback  stm32f4xx_hal_can.o
    0x08001168   0x00000002   Code   RO         1160    i.HAL_CAN_TxMailbox1AbortCallback  stm32f4xx_hal_can.o
    0x0800116a   0x00000002   Code   RO         1161    i.HAL_CAN_TxMailbox1CompleteCallback  stm32f4xx_hal_can.o
    0x0800116c   0x00000002   Code   RO         1162    i.HAL_CAN_TxMailbox2AbortCallback  stm32f4xx_hal_can.o
    0x0800116e   0x00000002   Code   RO         1163    i.HAL_CAN_TxMailbox2CompleteCallback  stm32f4xx_hal_can.o
    0x08001170   0x00000002   Code   RO         1165    i.HAL_CAN_WakeUpFromRxMsgCallback  stm32f4xx_hal_can.o
    0x08001172   0x00000002   PAD
    0x08001174   0x000001a0   Code   RO         3079    i.HAL_DMA_IRQHandler  stm32f4xx_hal_dma.o
    0x08001314   0x000000d4   Code   RO         3080    i.HAL_DMA_Init      stm32f4xx_hal_dma.o
    0x080013e8   0x00000078   Code   RO         3084    i.HAL_DMA_Start_IT  stm32f4xx_hal_dma.o
    0x08001460   0x00000024   Code   RO         3511    i.HAL_Delay         stm32f4xx_hal.o
    0x08001484   0x00000002   Code   RO         2965    i.HAL_GPIO_EXTI_Callback  stm32f4xx_hal_gpio.o
    0x08001486   0x00000002   PAD
    0x08001488   0x00000018   Code   RO         2966    i.HAL_GPIO_EXTI_IRQHandler  stm32f4xx_hal_gpio.o
    0x080014a0   0x000001cc   Code   RO         2967    i.HAL_GPIO_Init     stm32f4xx_hal_gpio.o
    0x0800166c   0x00000008   Code   RO         2970    i.HAL_GPIO_TogglePin  stm32f4xx_hal_gpio.o
    0x08001674   0x0000000a   Code   RO         2971    i.HAL_GPIO_WritePin  stm32f4xx_hal_gpio.o
    0x0800167e   0x00000002   PAD
    0x08001680   0x0000000c   Code   RO         3519    i.HAL_GetTick       stm32f4xx_hal.o
    0x0800168c   0x00000010   Code   RO         3523    i.HAL_IncTick       stm32f4xx_hal.o
    0x0800169c   0x00000034   Code   RO         3524    i.HAL_Init          stm32f4xx_hal.o
    0x080016d0   0x00000074   Code   RO         1084    i.HAL_InitTick      stm32f4xx_hal_timebase_tim_1.o
    0x08001744   0x00000038   Code   RO         1060    i.HAL_MspInit       stm32f4xx_hal_msp_1.o
    0x0800177c   0x00000016   Code   RO         3374    i.HAL_NVIC_EnableIRQ  stm32f4xx_hal_cortex.o
    0x08001792   0x00000002   PAD
    0x08001794   0x00000040   Code   RO         3380    i.HAL_NVIC_SetPriority  stm32f4xx_hal_cortex.o
    0x080017d4   0x00000024   Code   RO         3381    i.HAL_NVIC_SetPriorityGrouping  stm32f4xx_hal_cortex.o
    0x080017f8   0x00000130   Code   RO         2561    i.HAL_RCC_ClockConfig  stm32f4xx_hal_rcc.o
    0x08001928   0x00000040   Code   RO         2565    i.HAL_RCC_GetClockConfig  stm32f4xx_hal_rcc.o
    0x08001968   0x00000020   Code   RO         2568    i.HAL_RCC_GetPCLK1Freq  stm32f4xx_hal_rcc.o
    0x08001988   0x00000020   Code   RO         2569    i.HAL_RCC_GetPCLK2Freq  stm32f4xx_hal_rcc.o
    0x080019a8   0x00000064   Code   RO         2570    i.HAL_RCC_GetSysClockFreq  stm32f4xx_hal_rcc.o
    0x08001a0c   0x0000031c   Code   RO         2573    i.HAL_RCC_OscConfig  stm32f4xx_hal_rcc.o
    0x08001d28   0x00000002   Code   RO         1995    i.HAL_TIMEx_BreakCallback  stm32f4xx_hal_tim_ex.o
    0x08001d2a   0x00000002   Code   RO         1996    i.HAL_TIMEx_CommutationCallback  stm32f4xx_hal_tim_ex.o
    0x08001d2c   0x00000050   Code   RO         2012    i.HAL_TIMEx_MasterConfigSynchronization  stm32f4xx_hal_tim_ex.o
    0x08001d7c   0x00000036   Code   RO         1366    i.HAL_TIM_Base_Init  stm32f4xx_hal_tim.o
    0x08001db2   0x00000002   Code   RO         1368    i.HAL_TIM_Base_MspInit  stm32f4xx_hal_tim.o
    0x08001db4   0x00000018   Code   RO         1371    i.HAL_TIM_Base_Start_IT  stm32f4xx_hal_tim.o
    0x08001dcc   0x00000002   Code   RO         1395    i.HAL_TIM_IC_CaptureCallback  stm32f4xx_hal_tim.o
    0x08001dce   0x00000166   Code   RO         1408    i.HAL_TIM_IRQHandler  stm32f4xx_hal_tim.o
    0x08001f34   0x00000050   Code   RO          863    i.HAL_TIM_MspPostInit  tim_1.o
    0x08001f84   0x00000002   Code   RO         1411    i.HAL_TIM_OC_DelayElapsedCallback  stm32f4xx_hal_tim.o
    0x08001f86   0x000000d0   Code   RO         1432    i.HAL_TIM_PWM_ConfigChannel  stm32f4xx_hal_tim.o
    0x08002056   0x00000036   Code   RO         1435    i.HAL_TIM_PWM_Init  stm32f4xx_hal_tim.o
    0x0800208c   0x00000024   Code   RO          865    i.HAL_TIM_PWM_MspInit  tim_1.o
    0x080020b0   0x00000002   Code   RO         1438    i.HAL_TIM_PWM_PulseFinishedCallback  stm32f4xx_hal_tim.o
    0x080020b2   0x00000002   PAD
    0x080020b4   0x00000014   Code   RO          709    i.HAL_TIM_PeriodElapsedCallback  main_1.o
    0x080020c8   0x00000002   Code   RO         1449    i.HAL_TIM_TriggerCallback  stm32f4xx_hal_tim.o
    0x080020ca   0x00000002   Code   RO         2255    i.HAL_UART_ErrorCallback  stm32f4xx_hal_uart.o
    0x080020cc   0x00000062   Code   RO         2259    i.HAL_UART_Init     stm32f4xx_hal_uart.o
    0x0800212e   0x00000002   PAD
    0x08002130   0x0000016c   Code   RO          913    i.HAL_UART_MspInit  usart_1.o
    0x0800229c   0x00000098   Code   RO         2263    i.HAL_UART_Receive_DMA  stm32f4xx_hal_uart.o
    0x08002334   0x00000044   Code   RO            5    i.HAL_UART_RxCpltCallback  freertos_1.o
    0x08002378   0x00000002   Code   RO         2266    i.HAL_UART_RxHalfCpltCallback  stm32f4xx_hal_uart.o
    0x0800237a   0x00000002   Code   RO          968    i.HardFault_Handler  stm32f4xx_it_1.o
    0x0800237c   0x00000044   Code   RO            6    i.LEDShow           freertos_1.o
    0x080023c0   0x00000028   Code   RO          627    i.LED_HIGH          led.o
    0x080023e8   0x0000002c   Code   RO          628    i.LED_MANUAL        led.o
    0x08002414   0x00000024   Code   RO          629    i.LED_STOP          led.o
    0x08002438   0x00000010   Code   RO          669    i.LostCounterFeed   supervise.o
    0x08002448   0x00000040   Code   RO            7    i.MR1MainTask       freertos_1.o
    0x08002488   0x00000008   Code   RO            8    i.MR1OtherTask      freertos_1.o
    0x08002490   0x000000a4   Code   RO          546    i.MR1StateChange    usartreceive.o
    0x08002534   0x00000144   Code   RO          250    i.MR1_HighSpeed     mission.o
    0x08002678   0x00000010   Code   RO          251    i.MR1_MANUAL        mission.o
    0x08002688   0x00000010   Code   RO          252    i.MR1_STOP          mission.o
    0x08002698   0x00000038   Code   RO          254    i.MR1_SetStage      mission.o
    0x080026d0   0x00000044   Code   RO          816    i.MX_CAN1_Init      can_1.o
    0x08002714   0x00000044   Code   RO          817    i.MX_CAN2_Init      can_1.o
    0x08002758   0x0000004c   Code   RO          790    i.MX_DMA_Init       dma_1.o
    0x080027a4   0x0000007c   Code   RO            9    i.MX_FREERTOS_Init  freertos_1.o
    0x08002820   0x00000194   Code   RO          766    i.MX_GPIO_Init      gpio_1.o
    0x080029b4   0x00000080   Code   RO          866    i.MX_TIM2_Init      tim_1.o
    0x08002a34   0x00000040   Code   RO          914    i.MX_USART1_UART_Init  usart_1.o
    0x08002a74   0x00000038   Code   RO          915    i.MX_USART6_UART_Init  usart_1.o
    0x08002aac   0x00000002   Code   RO          969    i.MemManage_Handler  stm32f4xx_it_1.o
    0x08002aae   0x00000002   Code   RO          970    i.NMI_Handler       stm32f4xx_it_1.o
    0x08002ab0   0x00000020   Code   RO         3387    i.NVIC_SetPriority  stm32f4xx_hal_cortex.o
    0x08002ad0   0x00000076   Code   RO          589    i.PID_Calc          calculate.o
    0x08002b46   0x00000002   PAD
    0x08002b48   0x00000054   Code   RO          547    i.RemoteReceiveHandle  usartreceive.o
    0x08002b9c   0x00000044   Code   RO          371    i.RobotParamInit    mr1init.o
    0x08002be0   0x00000054   Code   RO          463    i.SendSignal        sendsignal.o
    0x08002c34   0x00000002   Code   RO           10    i.SuperviseTask     freertos_1.o
    0x08002c36   0x00000002   PAD
    0x08002c38   0x0000002c   Code   RO         4828    i.SysTick_Handler   port.o
    0x08002c64   0x00000084   Code   RO          710    i.SystemClock_Config  main_1.o
    0x08002ce8   0x00000054   Code   RO         3688    i.SystemInit        system_stm32f4xx.o
    0x08002d3c   0x0000000c   Code   RO          971    i.TIM7_IRQHandler   stm32f4xx_it_1.o
    0x08002d48   0x000000c0   Code   RO         1450    i.TIM_Base_SetConfig  stm32f4xx_hal_tim.o
    0x08002e08   0x00000058   Code   RO         1459    i.TIM_OC1_SetConfig  stm32f4xx_hal_tim.o
    0x08002e60   0x00000064   Code   RO         1460    i.TIM_OC2_SetConfig  stm32f4xx_hal_tim.o
    0x08002ec4   0x00000060   Code   RO         1461    i.TIM_OC3_SetConfig  stm32f4xx_hal_tim.o
    0x08002f24   0x00000050   Code   RO         1462    i.TIM_OC4_SetConfig  stm32f4xx_hal_tim.o
    0x08002f74   0x0000004a   Code   RO         2273    i.UART_DMAError     stm32f4xx_hal_uart.o
    0x08002fbe   0x0000003c   Code   RO         2274    i.UART_DMAReceiveCplt  stm32f4xx_hal_uart.o
    0x08002ffa   0x0000000a   Code   RO         2276    i.UART_DMARxHalfCplt  stm32f4xx_hal_uart.o
    0x08003004   0x0000001c   Code   RO         2282    i.UART_EndRxTransfer  stm32f4xx_hal_uart.o
    0x08003020   0x00000012   Code   RO         2283    i.UART_EndTxTransfer  stm32f4xx_hal_uart.o
    0x08003032   0x00000002   PAD
    0x08003034   0x000002ac   Code   RO         2285    i.UART_SetConfig    stm32f4xx_hal_uart.o
    0x080032e0   0x00000002   Code   RO          972    i.UsageFault_Handler  stm32f4xx_it_1.o
    0x080032e2   0x0000007a   Code   RO         4928    i.__hardfp_sqrt     m_wm.l(sqrt.o)
    0x0800335c   0x0000000e   Code   RO         5049    i.__scatterload_copy  mc_w.l(handlers.o)
    0x0800336a   0x00000002   Code   RO         5050    i.__scatterload_null  mc_w.l(handlers.o)
    0x0800336c   0x0000000e   Code   RO         5051    i.__scatterload_zeroinit  mc_w.l(handlers.o)
    0x0800337a   0x00000002   PAD
    0x0800337c   0x0000000c   Code   RO         5021    i.__set_errno       mc_w.l(errno.o)
    0x08003388   0x0000000c   Code   RO         4406    i.inHandlerMode     cmsis_os.o
    0x08003394   0x00000068   Code   RO          711    i.main              main_1.o
    0x080033fc   0x0000000c   Code   RO         4408    i.makeFreeRtosPriority  cmsis_os.o
    0x08003408   0x0000000e   Code   RO         4410    i.osDelay           cmsis_os.o
    0x08003416   0x0000000a   Code   RO         4413    i.osKernelStart     cmsis_os.o
    0x08003420   0x00000026   Code   RO         4439    i.osSemaphoreCreate  cmsis_os.o
    0x08003446   0x0000002e   Code   RO         4447    i.osThreadCreate    cmsis_os.o
    0x08003474   0x00000024   Code   RO         4458    i.osTimerCreate     cmsis_os.o
    0x08003498   0x0000005c   Code   RO         4460    i.osTimerStart      cmsis_os.o
    0x080034f4   0x00000070   Code   RO         4003    i.prvAddCurrentTaskToDelayedList  tasks.o
    0x08003564   0x000000d0   Code   RO         4004    i.prvAddNewTaskToReadyList  tasks.o
    0x08003634   0x00000050   Code   RO         4289    i.prvCheckForValidListAndQueue  timers.o
    0x08003684   0x00000050   Code   RO         4005    i.prvCheckTasksWaitingTermination  tasks.o
    0x080036d4   0x00000026   Code   RO         3857    i.prvCopyDataFromQueue  queue.o
    0x080036fa   0x0000006c   Code   RO         3858    i.prvCopyDataToQueue  queue.o
    0x08003766   0x00000014   Code   RO         4006    i.prvDeleteTCB      tasks.o
    0x0800377a   0x00000002   PAD
    0x0800377c   0x00000048   Code   RO         4778    i.prvHeapInit       heap_4.o
    0x080037c4   0x00000028   Code   RO         4007    i.prvIdleTask       tasks.o
    0x080037ec   0x0000008e   Code   RO         4008    i.prvInitialiseNewTask  tasks.o
    0x0800387a   0x00000002   PAD
    0x0800387c   0x0000004c   Code   RO         4779    i.prvInsertBlockIntoFreeList  heap_4.o
    0x080038c8   0x00000038   Code   RO         4290    i.prvInsertTimerInActiveList  timers.o
    0x08003900   0x0000001c   Code   RO         3859    i.prvIsQueueEmpty   queue.o
    0x0800391c   0x000000b8   Code   RO         4291    i.prvProcessReceivedCommands  timers.o
    0x080039d4   0x000000b4   Code   RO         4292    i.prvProcessTimerOrBlockTask  timers.o
    0x08003a88   0x00000020   Code   RO         4009    i.prvResetNextTaskUnblockTime  tasks.o
    0x08003aa8   0x00000028   Code   RO         4293    i.prvSampleTimeNow  timers.o
    0x08003ad0   0x0000006c   Code   RO         4294    i.prvSwitchTimerLists  timers.o
    0x08003b3c   0x00000028   Code   RO         4829    i.prvTaskExitError  port.o
    0x08003b64   0x00000024   Code   RO         4295    i.prvTimerTask      timers.o
    0x08003b88   0x0000006a   Code   RO         3860    i.prvUnlockQueue    queue.o
    0x08003bf2   0x00000002   PAD
    0x08003bf4   0x000000d8   Code   RO         4780    i.pvPortMalloc      heap_4.o
    0x08003ccc   0x00000018   Code   RO         4011    i.pvTaskIncrementMutexHeldCount  tasks.o
    0x08003ce4   0x0000002c   Code   RO         4830    i.pxPortInitialiseStack  port.o
    0x08003d10   0x00000024   Code   RO         3820    i.uxListRemove      list.o
    0x08003d34   0x00000016   Code   RO         3821    i.vListInitialise   list.o
    0x08003d4a   0x00000006   Code   RO         3822    i.vListInitialiseItem  list.o
    0x08003d50   0x00000030   Code   RO         3823    i.vListInsert       list.o
    0x08003d80   0x00000018   Code   RO         3824    i.vListInsertEnd    list.o
    0x08003d98   0x00000040   Code   RO         4832    i.vPortEnterCritical  port.o
    0x08003dd8   0x00000028   Code   RO         4833    i.vPortExitCritical  port.o
    0x08003e00   0x0000005c   Code   RO         4781    i.vPortFree         heap_4.o
    0x08003e5c   0x00000020   Code   RO         4834    i.vPortSetupTimerInterrupt  port.o
    0x08003e7c   0x00000054   Code   RO         4835    i.vPortValidateInterruptPriority  port.o
    0x08003ed0   0x00000028   Code   RO         3864    i.vQueueAddToRegistry  queue.o
    0x08003ef8   0x00000044   Code   RO         3867    i.vQueueWaitForMessageRestricted  queue.o
    0x08003f3c   0x0000004c   Code   RO         4017    i.vTaskDelay        tasks.o
    0x08003f88   0x0000000c   Code   RO         4020    i.vTaskMissedYield  tasks.o
    0x08003f94   0x00000030   Code   RO         4022    i.vTaskPlaceOnEventList  tasks.o
    0x08003fc4   0x00000038   Code   RO         4023    i.vTaskPlaceOnEventListRestricted  tasks.o
    0x08003ffc   0x00000084   Code   RO         4025    i.vTaskPriorityInherit  tasks.o
    0x08004080   0x00000024   Code   RO         4028    i.vTaskSetTimeOutState  tasks.o
    0x080040a4   0x00000070   Code   RO         4029    i.vTaskStartScheduler  tasks.o
    0x08004114   0x00000010   Code   RO         4031    i.vTaskSuspendAll   tasks.o
    0x08004124   0x0000005c   Code   RO         4032    i.vTaskSwitchContext  tasks.o
    0x08004180   0x000000e0   Code   RO         4836    i.xPortStartScheduler  port.o
    0x08004260   0x00000048   Code   RO         3869    i.xQueueGenericCreate  queue.o
    0x080042a8   0x0000016c   Code   RO         3870    i.xQueueGenericReceive  queue.o
    0x08004414   0x00000088   Code   RO         3871    i.xQueueGenericReset  queue.o
    0x0800449c   0x00000160   Code   RO         3872    i.xQueueGenericSend  queue.o
    0x080045fc   0x000000bc   Code   RO         3873    i.xQueueGenericSendFromISR  queue.o
    0x080046b8   0x0000006c   Code   RO         4033    i.xTaskCheckForTimeOut  tasks.o
    0x08004724   0x00000056   Code   RO         4034    i.xTaskCreate       tasks.o
    0x0800477a   0x00000002   PAD
    0x0800477c   0x0000001c   Code   RO         4038    i.xTaskGetSchedulerState  tasks.o
    0x08004798   0x0000000c   Code   RO         4039    i.xTaskGetTickCount  tasks.o
    0x080047a4   0x000000c8   Code   RO         4041    i.xTaskIncrementTick  tasks.o
    0x0800486c   0x00000098   Code   RO         4044    i.xTaskPriorityDisinherit  tasks.o
    0x08004904   0x00000074   Code   RO         4045    i.xTaskRemoveFromEventList  tasks.o
    0x08004978   0x000000c4   Code   RO         4047    i.xTaskResumeAll    tasks.o
    0x08004a3c   0x0000004e   Code   RO         4298    i.xTimerCreate      timers.o
    0x08004a8a   0x00000002   PAD
    0x08004a8c   0x0000004c   Code   RO         4299    i.xTimerCreateTimerTask  timers.o
    0x08004ad8   0x00000060   Code   RO         4300    i.xTimerGenericCommand  timers.o
    0x08004b38   0x00000040   Data   RO           11    .constdata          freertos_1.o
    0x08004b78   0x00000040   Data   RO          255    .constdata          mission.o
    0x08004bb8   0x00000008   Data   RO         3086    .constdata          stm32f4xx_hal_dma.o
    0x08004bc0   0x00000010   Data   RO         3689    .constdata          system_stm32f4xx.o
    0x08004bd0   0x00000008   Data   RO         3690    .constdata          system_stm32f4xx.o
    0x08004bd8   0x00000021   Data   RO           12    .conststring        freertos_1.o
    0x08004bf9   0x00000003   PAD
    0x08004bfc   0x00000020   Data   RO         5047    Region$$Table       anon$$obj.o


    Execution Region RW_IRAM1 (Base: 0x20000000, Size: 0x00007f28, Max: 0x00030000, ABSOLUTE)

    Base Addr    Size         Type   Attr      Idx    E Section Name        Object

    0x20000000   0x00000014   Data   RW           13    .data               freertos_1.o
    0x20000014   0x00000018   Data   RW          256    .data               mission.o
    0x2000002c   0x00000001   Data   RW          375    .data               mr1init.o
    0x2000002d   0x00000008   Data   RW          376    .data               mr1init.o
    0x20000035   0x00000002   Data   RW          549    .data               usartreceive.o
    0x20000037   0x00000001   PAD
    0x20000038   0x00000004   Data   RW          819    .data               can_1.o
    0x2000003c   0x0000000c   Data   RW         3531    .data               stm32f4xx_hal.o
    0x20000048   0x00000004   Data   RW         3691    .data               system_stm32f4xx.o
    0x2000004c   0x0000003c   Data   RW         4050    .data               tasks.o
    0x20000088   0x00000014   Data   RW         4306    .data               timers.o
    0x2000009c   0x00000018   Data   RW         4786    .data               heap_4.o
    0x200000b4   0x0000000c   Data   RW         4837    .data               port.o
    0x200000c0   0x00000004   Data   RW         5022    .data               mc_w.l(errno.o)
    0x200000c4   0x00000124   Zero   RW          372    .bss                mr1init.o
    0x200001e8   0x00000012   Zero   RW          373    .bss                mr1init.o
    0x200001fa   0x00000002   PAD
    0x200001fc   0x00000022   Zero   RW          548    .bss                usartreceive.o
    0x2000021e   0x00000002   PAD
    0x20000220   0x00000014   Zero   RW          671    .bss                supervise.o
    0x20000234   0x00000050   Zero   RW          818    .bss                can_1.o
    0x20000284   0x0000003c   Zero   RW          867    .bss                tim_1.o
    0x200002c0   0x000001a0   Zero   RW          916    .bss                usart_1.o
    0x20000460   0x0000003c   Zero   RW         1087    .bss                stm32f4xx_hal_timebase_tim_1.o
    0x2000049c   0x00000040   Zero   RW         3879    .bss                queue.o
    0x200004dc   0x000000f0   Zero   RW         4049    .bss                tasks.o
    0x200005cc   0x00000028   Zero   RW         4305    .bss                timers.o
    0x200005f4   0x00007530   Zero   RW         4785    .bss                heap_4.o
    0x20007b24   0x00000004   PAD
    0x20007b28   0x00000400   Zero   RW         1120    STACK               startup_stm32f427xx.o


==============================================================================

Image component sizes


      Code (inc. data)   RO Data    RW Data    ZI Data      Debug   Object Name

       166          4          0          0          0       1419   calculate.o
       388         40          0          4         80       2454   can_1.o
       216         22          0          0          0       2209   canreceive.o
       260         10          0          0          0      17048   cmsis_os.o
        76          4          0          0          0        786   dma_1.o
         0          0          0          0          0       9512   event_groups.o
       370         50         97         20          0     765871   freertos_1.o
       404         34          0          0          0       1191   gpio_1.o
       456         22          0         24      30000       4755   heap_4.o
       120         26          0          0          0       1435   led.o
       136          0          0          0          0       3522   list.o
       258         40          0          0          0       2668   main_1.o
       412         48         64         24          0       3658   mission.o
        68          6          0          9        310       2344   mr1init.o
       758         84          0         12          0      11849   port.o
      1500         20          0          0         64      14077   queue.o
       218         10          0          0          0       2364   sendsignal.o
        36          8        428          0       1024        800   startup_stm32f427xx.o
       116         18          0         12          0       3874   stm32f4xx_hal.o
      1660          6          0          0          0      13939   stm32f4xx_hal_can.o
       154         14          0          0          0      29598   stm32f4xx_hal_cortex.o
       912         16          8          0          0       5799   stm32f4xx_hal_dma.o
       504         58          0          0          0       4209   stm32f4xx_hal_gpio.o
        56          4          0          0          0        862   stm32f4xx_hal_msp_1.o
      1328         90          0          0          0       5781   stm32f4xx_hal_rcc.o
      1264         80          0          0          0      11565   stm32f4xx_hal_tim.o
        84          0          0          0          0       2398   stm32f4xx_hal_tim_ex.o
       116         16          0          0         60       1411   stm32f4xx_hal_timebase_tim_1.o
      1128         22          0          0          0       6898   stm32f4xx_hal_uart.o
        90         36          0          0          0       6068   stm32f4xx_it_1.o
        16          6          0          0         20       1078   supervise.o
        84         18         24          4          0       1167   system_stm32f4xx.o
      2136        182          0         60        240      23823   tasks.o
       244         20          0          0         60       2341   tim_1.o
       934         80          0         20         40      19010   timers.o
       484         54          0          0        416       2712   usart_1.o
       404         40          0          2         34       2149   usartreceive.o

    ----------------------------------------------------------------------
     17598       1188        656        192      32356     992644   Object Totals
         0          0         32          0          0          0   (incl. Generated)
        42          0          3          1          8          0   (incl. Padding)

    ----------------------------------------------------------------------

      Code (inc. data)   RO Data    RW Data    ZI Data      Debug   Library Member Name

       122          0          0          0          0        148   sqrt.o
         0          0          0          0          0          0   entry.o
         0          0          0          0          0          0   entry10a.o
         0          0          0          0          0          0   entry11a.o
         8          4          0          0          0          0   entry2.o
         4          0          0          0          0          0   entry5.o
         0          0          0          0          0          0   entry7b.o
         0          0          0          0          0          0   entry8b.o
         8          4          0          0          0          0   entry9a.o
        12          6          0          4          0         68   errno.o
        30          0          0          0          0          0   handlers.o
        36          8          0          0          0         68   init.o
         0          0          0          0          0          0   iusefp.o
        30          0          0          0          0         68   llshl.o
        32          0          0          0          0         68   llushr.o
        36          0          0          0          0         68   memcpya.o
        36          0          0          0          0        108   memseta.o
        98          0          0          0          0         92   uldiv.o
        56          0          0          0          0         88   d2f.o
       222          0          0          0          0        100   ddiv.o
       186          0          0          0          0        176   depilogue.o
       162          0          0          0          0        100   dsqrt.o
        38          0          0          0          0         68   f2d.o
       110          0          0          0          0        168   fepilogue.o

    ----------------------------------------------------------------------
      1230         22          0          4          0       1388   Library Totals
         4          0          0          0          0          0   (incl. Padding)

    ----------------------------------------------------------------------

      Code (inc. data)   RO Data    RW Data    ZI Data      Debug   Library Name

       122          0          0          0          0        148   m_wm.l
       330         22          0          4          0        540   mc_w.l
       774          0          0          0          0        700   mf_w.l

    ----------------------------------------------------------------------
      1230         22          0          4          0       1388   Library Totals

    ----------------------------------------------------------------------

==============================================================================


      Code (inc. data)   RO Data    RW Data    ZI Data      Debug   

     18828       1210        656        196      32356     974516   Grand Totals
     18828       1210        656        196      32356     974516   ELF Image Totals
     18828       1210        656        196          0          0   ROM Totals

==============================================================================

    Total RO  Size (Code + RO Data)                19484 (  19.03kB)
    Total RW  Size (RW Data + ZI Data)             32552 (  31.79kB)
    Total ROM Size (Code + RO Data + RW Data)      19680 (  19.22kB)

==============================================================================

