Component: ARM Compiler 5.06 update 2 (build 183) Tool: armlink [4d35b7]

==============================================================================

Section Cross References

    mission.o(i.MR1_MANUAL) refers to calculate.o(i.FourWheelVellControl) for FourWheelVellControl
    mission.o(i.MR1_MANUAL) refers to mission.o(i.MR1_SendSignal) for MR1_SendSignal
    mission.o(i.MR1_MANUAL) refers to tim_1.o(.bss) for htim2
    mission.o(i.MR1_MANUAL) refers to mr1init.o(.bss) for MR1
    mission.o(i.MR1_STOP) refers to stm32f4xx_hal_gpio.o(i.HAL_GPIO_WritePin) for HAL_GPIO_WritePin
    mission.o(i.MR1_STOP) refers to mission.o(i.MR1_SendSignal) for MR1_SendSignal
    mission.o(i.MR1_STOP) refers to mr1init.o(.bss) for MR1
    mission.o(i.MR1_SendSignal) refers to calculate.o(i.Calculate) for Calculate
    mission.o(i.MR1_SendSignal) refers to sendsignal.o(i.SendSignal) for SendSignal
    mission.o(i.MR1_SetStage) refers to stm32f4xx_hal_gpio.o(i.HAL_GPIO_WritePin) for HAL_GPIO_WritePin
    mission.o(i.MR1_SetStage) refers to calculate.o(i.Calculate) for Calculate
    mission.o(i.MR1_SetStage) refers to sendsignal.o(i.SendSignal) for SendSignal
    mission.o(i.MR1_SetStage) refers to mr1init.o(.bss) for MR1
    mission.o(i.MR1_Shoot) refers to stm32f4xx_hal_gpio.o(i.HAL_GPIO_WritePin) for HAL_GPIO_WritePin
    mission.o(i.MR1_ToToken) refers to calculate.o(i.FourWheelVellControl) for FourWheelVellControl
    mission.o(i.MR1_ToToken) refers to calculate.o(i.Calculate) for Calculate
    mission.o(i.MR1_ToToken) refers to sendsignal.o(i.SendSignal) for SendSignal
    mission.o(i.MR1_ToToken) refers to mr1init.o(.bss) for MR1
    mission.o(i.MR1_TransToken) refers to tim_1.o(.bss) for htim2
    mr1init.o(i.RobotParamInit) refers to memseta.o(.text) for __aeabi_memclr4
    mr1init.o(i.RobotParamInit) refers to mr1init.o(.bss) for .bss
    freertos_1.o(i.HAL_CAN_RxFifo0MsgPendingCallback) refers to stm32f4xx_hal_can.o(i.HAL_CAN_GetRxMessage) for HAL_CAN_GetRxMessage
    freertos_1.o(i.HAL_CAN_RxFifo0MsgPendingCallback) refers to main_1.o(i.Error_Handler) for Error_Handler
    freertos_1.o(i.HAL_CAN_RxFifo0MsgPendingCallback) refers to canreceive.o(i.CanDataReceive) for CanDataReceive
    freertos_1.o(i.HAL_CAN_RxFifo0MsgPendingCallback) refers to mr1init.o(.data) for CanReceiveData
    freertos_1.o(i.HAL_UART_RxCpltCallback) refers to stm32f4xx_hal_uart.o(i.HAL_UART_Receive_DMA) for HAL_UART_Receive_DMA
    freertos_1.o(i.HAL_UART_RxCpltCallback) refers to usartreceive.o(i.RemoteReceiveHandle) for RemoteReceiveHandle
    freertos_1.o(i.HAL_UART_RxCpltCallback) refers to usartreceive.o(i.GyroReceiveHandle) for GyroReceiveHandle
    freertos_1.o(i.HAL_UART_RxCpltCallback) refers to usart_1.o(.bss) for huart1
    freertos_1.o(i.HAL_UART_RxCpltCallback) refers to mr1init.o(.bss) for UsartReceiveRemote
    freertos_1.o(i.HAL_UART_RxCpltCallback) refers to mr1init.o(.data) for UsartReceiveGyro
    freertos_1.o(i.LEDShow) refers to stm32f4xx_hal_gpio.o(i.HAL_GPIO_WritePin) for HAL_GPIO_WritePin
    freertos_1.o(i.LEDShow) refers to led.o(i.LED_Water) for LED_Water
    freertos_1.o(i.LEDShow) refers to cmsis_os.o(i.osDelay) for osDelay
    freertos_1.o(i.MR1MainTask) refers to mr1init.o(i.RobotParamInit) for RobotParamInit
    freertos_1.o(i.MR1MainTask) refers to stm32f4xx_hal_gpio.o(i.HAL_GPIO_WritePin) for HAL_GPIO_WritePin
    freertos_1.o(i.MR1MainTask) refers to mission.o(i.MR1_MANUAL) for MR1_MANUAL
    freertos_1.o(i.MR1MainTask) refers to mission.o(i.MR1_STOP) for MR1_STOP
    freertos_1.o(i.MR1MainTask) refers to mission.o(i.StopShoot) for StopShoot
    freertos_1.o(i.MR1MainTask) refers to mission.o(i.MR1_SetStage) for MR1_SetStage
    freertos_1.o(i.MR1MainTask) refers to mission.o(i.MR1_ToToken) for MR1_ToToken
    freertos_1.o(i.MR1MainTask) refers to mission.o(i.MR1_TransToken) for MR1_TransToken
    freertos_1.o(i.MR1MainTask) refers to mission.o(i.MR1_Shoot) for MR1_Shoot
    freertos_1.o(i.MR1MainTask) refers to cmsis_os.o(i.osDelay) for osDelay
    freertos_1.o(i.MR1MainTask) refers to tim_1.o(.bss) for htim2
    freertos_1.o(i.MR1MainTask) refers to mr1init.o(.bss) for MR1
    freertos_1.o(i.MR1OtherTask) refers to sendsignal.o(i.SendSignal) for SendSignal
    freertos_1.o(i.MR1OtherTask) refers to cmsis_os.o(i.osDelay) for osDelay
    freertos_1.o(i.MR1OtherTask) refers to mr1init.o(.bss) for MR1
    freertos_1.o(i.MX_FREERTOS_Init) refers to cmsis_os.o(i.osSemaphoreCreate) for osSemaphoreCreate
    freertos_1.o(i.MX_FREERTOS_Init) refers to cmsis_os.o(i.osTimerCreate) for osTimerCreate
    freertos_1.o(i.MX_FREERTOS_Init) refers to cmsis_os.o(i.osTimerStart) for osTimerStart
    freertos_1.o(i.MX_FREERTOS_Init) refers to memcpya.o(.text) for __aeabi_memcpy4
    freertos_1.o(i.MX_FREERTOS_Init) refers to cmsis_os.o(i.osThreadCreate) for osThreadCreate
    freertos_1.o(i.MX_FREERTOS_Init) refers to freertos_1.o(.data) for .data
[...]
    i.TIM_OC2_SetConfig                      0x080033a4   Section        0  stm32f4xx_hal_tim.o(i.TIM_OC2_SetConfig)
    i.TIM_OC3_SetConfig                      0x08003408   Section        0  stm32f4xx_hal_tim.o(i.TIM_OC3_SetConfig)
    TIM_OC3_SetConfig                        0x08003409   Thumb Code    88  stm32f4xx_hal_tim.o(i.TIM_OC3_SetConfig)
    i.TIM_OC4_SetConfig                      0x08003468   Section        0  stm32f4xx_hal_tim.o(i.TIM_OC4_SetConfig)
    TIM_OC4_SetConfig                        0x08003469   Thumb Code    70  stm32f4xx_hal_tim.o(i.TIM_OC4_SetConfig)
    i.UART_DMAError                          0x080034b8   Section        0  stm32f4xx_hal_uart.o(i.UART_DMAError)
    UART_DMAError                            0x080034b9   Thumb Code    74  stm32f4xx_hal_uart.o(i.UART_DMAError)
    i.UART_DMAReceiveCplt                    0x08003502   Section        0  stm32f4xx_hal_uart.o(i.UART_DMAReceiveCplt)
    UART_DMAReceiveCplt                      0x08003503   Thumb Code    60  stm32f4xx_hal_uart.o(i.UART_DMAReceiveCplt)
    i.UART_DMARxHalfCplt                     0x0800353e   Section        0  stm32f4xx_hal_uart.o(i.UART_DMARxHalfCplt)
    UART_DMARxHalfCplt                       0x0800353f   Thumb Code    10  stm32f4xx_hal_uart.o(i.UART_DMARxHalfCplt)
    i.UART_EndRxTransfer                     0x08003548   Section        0  stm32f4xx_hal_uart.o(i.UART_EndRxTransfer)
    UART_EndRxTransfer                       0x08003549   Thumb Code    28  stm32f4xx_hal_uart.o(i.UART_EndRxTransfer)
    i.UART_EndTxTransfer                     0x08003564   Section        0  stm32f4xx_hal_uart.o(i.UART_EndTxTransfer)
    UART_EndTxTransfer                       0x08003565   Thumb Code    18  stm32f4xx_hal_uart.o(i.UART_EndTxTransfer)
    i.UART_SetConfig                         0x08003578   Section        0  stm32f4xx_hal_uart.o(i.UART_SetConfig)
    UART_SetConfig                           0x08003579   Thumb Code   676  stm32f4xx_hal_uart.o(i.UART_SetConfig)
    i.UsageFault_Handler                     0x08003824   Section        0  stm32f4xx_it_1.o(i.UsageFault_Handler)
    i.__ARM_fpclassify                       0x08003826   Section        0  fpclassify.o(i.__ARM_fpclassify)
    i.__hardfp_cos                           0x08003858   Section        0  cos.o(i.__hardfp_cos)
    i.__hardfp_sin                           0x08003920   Section        0  sin.o(i.__hardfp_sin)
    i.__ieee754_rem_pio2                     0x080039e8   Section        0  rred.o(i.__ieee754_rem_pio2)
    i.__kernel_cos                           0x08003e20   Section        0  cos_i.o(i.__kernel_cos)
    i.__kernel_poly                          0x08003f90   Section        0  poly.o(i.__kernel_poly)
    i.__kernel_sin                           0x08004088   Section        0  sin_i.o(i.__kernel_sin)
    i.__mathlib_dbl_infnan                   0x080041b8   Section        0  dunder.o(i.__mathlib_dbl_infnan)
    i.__mathlib_dbl_invalid                  0x080041d0   Section        0  dunder.o(i.__mathlib_dbl_invalid)
    i.__mathlib_dbl_underflow                0x080041f0   Section        0  dunder.o(i.__mathlib_dbl_underflow)
    i.__scatterload_copy                     0x08004210   Section       14  handlers.o(i.__scatterload_copy)
    i.__scatterload_null                     0x0800421e   Section        2  handlers.o(i.__scatterload_null)
    i.__scatterload_zeroinit                 0x08004220   Section       14  handlers.o(i.__scatterload_zeroinit)
    i.__set_errno                            0x08004230   Section        0  errno.o(i.__set_errno)
    i.fabs                                   0x0800423c   Section        0  fabs.o(i.fabs)
    i.inHandlerMode                          0x08004254   Section        0  cmsis_os.o(i.inHandlerMode)
    inHandlerMode                            0x08004255   Thumb Code    12  cmsis_os.o(i.inHandlerMode)
    i.main                                   0x08004260   Section        0  main_1.o(i.main)
    i.makeFreeRtosPriority                   0x080042d8   Section        0  cmsis_os.o(i.makeFreeRtosPriority)
    makeFreeRtosPriority                     0x080042d9   Thumb Code    12  cmsis_os.o(i.makeFreeRtosPriority)
    i.osDelay                                0x080042e4   Section        0  cmsis_os.o(i.osDelay)
    i.osKernelStart                          0x080042f2   Section        0  cmsis_os.o(i.osKernelStart)
    i.osSemaphoreCreate                      0x080042fc   Section        0  cmsis_os.o(i.osSemaphoreCreate)
    i.osThreadCreate                         0x08004322   Section        0  cmsis_os.o(i.osThreadCreate)
    i.osTimerCreate                          0x08004350   Section        0  cmsis_os.o(i.osTimerCreate)
    i.osTimerStart                           0x08004374   Section        0  cmsis_os.o(i.osTimerStart)
    i.prvAddCurrentTaskToDelayedList         0x080043d0   Section        0  tasks.o(i.prvAddCurrentTaskToDelayedList)
    prvAddCurrentTaskToDelayedList           0x080043d1   Thumb Code   102  tasks.o(i.prvAddCurrentTaskToDelayedList)
    i.prvAddNewTaskToReadyList               0x08004440   Section        0  tasks.o(i.prvAddNewTaskToReadyList)
    prvAddNewTaskToReadyList                 0x08004441   Thumb Code   194  tasks.o(i.prvAddNewTaskToReadyList)
    i.prvCheckForValidListAndQueue           0x08004510   Section        0  timers.o(i.prvCheckForValidListAndQueue)
    prvCheckForValidListAndQueue             0x08004511   Thumb Code    62  timers.o(i.prvCheckForValidListAndQueue)
    i.prvCheckTasksWaitingTermination        0x08004560   Section        0  tasks.o(i.prvCheckTasksWaitingTermination)
    prvCheckTasksWaitingTermination          0x08004561   Thumb Code    70  tasks.o(i.prvCheckTasksWaitingTermination)
    i.prvCopyDataFromQueue                   0x080045b0   Section        0  queue.o(i.prvCopyDataFromQueue)
    prvCopyDataFromQueue                     0x080045b1   Thumb Code    38  queue.o(i.prvCopyDataFromQueue)
    i.prvCopyDataToQueue                     0x080045d6   Section        0  queue.o(i.prvCopyDataToQueue)
    prvCopyDataToQueue                       0x080045d7   Thumb Code   108  queue.o(i.prvCopyDataToQueue)
    i.prvDeleteTCB                           0x08004642   Section        0  tasks.o(i.prvDeleteTCB)
    prvDeleteTCB                             0x08004643   Thumb Code    20  tasks.o(i.prvDeleteTCB)
    i.prvHeapInit                            0x08004658   Section        0  heap_4.o(i.prvHeapInit)
    prvHeapInit                              0x08004659   Thumb Code    64  heap_4.o(i.prvHeapInit)
    i.prvIdleTask                            0x080046a0   Section        0  tasks.o(i.prvIdleTask)
    prvIdleTask                              0x080046a1   Thumb Code    30  tasks.o(i.prvIdleTask)
    i.prvInitialiseNewTask                   0x080046c8   Section        0  tasks.o(i.prvInitialiseNewTask)
    prvInitialiseNewTask                     0x080046c9   Thumb Code   142  tasks.o(i.prvInitialiseNewTask)
    i.prvInsertBlockIntoFreeList             0x08004758   Section        0  heap_4.o(i.prvInsertBlockIntoFreeList)
    prvInsertBlockIntoFreeList               0x08004759   Thumb Code    72  heap_4.o(i.prvInsertBlockIntoFreeList)
    i.prvInsertTimerInActiveList             0x080047a4   Section        0  timers.o(i.prvInsertTimerInActiveList)
    prvInsertTimerInActiveList               0x080047a5   Thumb Code    52  timers.o(i.prvInsertTimerInActiveList)
    i.prvIsQueueEmpty                        0x080047dc   Section        0  queue.o(i.prvIsQueueEmpty)
    prvIsQueueEmpty                          0x080047dd   Thumb Code    28  queue.o(i.prvIsQueueEmpty)
    i.prvProcessReceivedCommands             0x080047f8   Section        0  timers.o(i.prvProcessReceivedCommands)
    prvProcessReceivedCommands               0x080047f9   Thumb Code   180  timers.o(i.prvProcessReceivedCommands)
    i.prvProcessTimerOrBlockTask             0x080048b0   Section        0  timers.o(i.prvProcessTimerOrBlockTask)
    prvProcessTimerOrBlockTask               0x080048b1   Thumb Code   172  timers.o(i.prvProcessTimerOrBlockTask)
    i.prvResetNextTaskUnblockTime            0x08004964   Section        0  tasks.o(i.prvResetNextTaskUnblockTime)
    prvResetNextTaskUnblockTime              0x08004965   Thumb Code    26  tasks.o(i.prvResetNextTaskUnblockTime)
    i.prvSampleTimeNow                       0x08004984   Section        0  timers.o(i.prvSampleTimeNow)
    prvSampleTimeNow                         0x08004985   Thumb Code    36  timers.o(i.prvSampleTimeNow)
    i.prvSwitchTimerLists                    0x080049ac   Section        0  timers.o(i.prvSwitchTimerLists)
    prvSwitchTimerLists                      0x080049ad   Thumb Code   102  timers.o(i.prvSwitchTimerLists)
    i.prvTaskExitError                       0x08004a18   Section        0  port.o(i.prvTaskExitError)
    prvTaskExitError                         0x08004a19   Thumb Code    36  port.o(i.prvTaskExitError)
    i.prvTimerTask                           0x08004a40   Section        0  timers.o(i.prvTimerTask)
    prvTimerTask                             0x08004a41   Thumb Code    32  timers.o(i.prvTimerTask)
    i.prvUnlockQueue                         0x08004a64   Section        0  queue.o(i.prvUnlockQueue)
    prvUnlockQueue                           0x08004a65   Thumb Code   106  queue.o(i.prvUnlockQueue)
    i.pvPortMalloc                           0x08004ad0   Section        0  heap_4.o(i.pvPortMalloc)
    i.pvTaskIncrementMutexHeldCount          0x08004ba8   Section        0  tasks.o(i.pvTaskIncrementMutexHeldCount)
    i.pxPortInitialiseStack                  0x08004bc0   Section        0  port.o(i.pxPortInitialiseStack)
    i.uxListRemove                           0x08004bec   Section        0  list.o(i.uxListRemove)
    i.vListInitialise                        0x08004c10   Section        0  list.o(i.vListInitialise)
    i.vListInitialiseItem                    0x08004c26   Section        0  list.o(i.vListInitialiseItem)
    i.vListInsert                            0x08004c2c   Section        0  list.o(i.vListInsert)
    i.vListInsertEnd                         0x08004c5c   Section        0  list.o(i.vListInsertEnd)
    i.vPortEnterCritical                     0x08004c74   Section        0  port.o(i.vPortEnterCritical)
    i.vPortExitCritical                      0x08004cb4   Section        0  port.o(i.vPortExitCritical)
    i.vPortFree                              0x08004cdc   Section        0  heap_4.o(i.vPortFree)
    i.vPortSetupTimerInterrupt               0x08004d38   Section        0  port.o(i.vPortSetupTimerInterrupt)
    i.vPortValidateInterruptPriority         0x08004d58   Section        0  port.o(i.vPortValidateInterruptPriority)
    i.vQueueAddToRegistry                    0x08004dac   Section        0  queue.o(i.vQueueAddToRegistry)
    i.vQueueWaitForMessageRestricted         0x08004dd4   Section        0  queue.o(i.vQueueWaitForMessageRestricted)
    i.vTaskDelay                             0x08004e18   Section        0  tasks.o(i.vTaskDelay)
    i.vTaskMissedYield                       0x08004e64   Section        0  tasks.o(i.vTaskMissedYield)
    i.vTaskPlaceOnEventList                  0x08004e70   Section        0  tasks.o(i.vTaskPlaceOnEventList)
    i.vTaskPlaceOnEventListRestricted        0x08004ea0   Section        0  tasks.o(i.vTaskPlaceOnEventListRestricted)
    i.vTaskPriorityInherit                   0x08004ed8   Section        0  tasks.o(i.vTaskPriorityInherit)
    i.vTaskSetTimeOutState                   0x08004f5c   Section        0  tasks.o(i.vTaskSetTimeOutState)
    i.vTaskStartScheduler                    0x08004f80   Section        0  tasks.o(i.vTaskStartScheduler)
    i.vTaskSuspendAll                        0x08004ff0   Section        0  tasks.o(i.vTaskSuspendAll)
    i.vTaskSwitchContext                     0x08005000   Section        0  tasks.o(i.vTaskSwitchContext)
    i.xPortStartScheduler                    0x0800505c   Section        0  port.o(i.xPortStartScheduler)
    i.xQueueGenericCreate                    0x0800513c   Section        0  queue.o(i.xQueueGenericCreate)
    i.xQueueGenericReceive                   0x08005184   Section        0  queue.o(i.xQueueGenericReceive)
    i.xQueueGenericReset                     0x080052f0   Section        0  queue.o(i.xQueueGenericReset)
    i.xQueueGenericSend                      0x08005378   Section        0  queue.o(i.xQueueGenericSend)
    i.xQueueGenericSendFromISR               0x080054d8   Section        0  queue.o(i.xQueueGenericSendFromISR)
    i.xTaskCheckForTimeOut                   0x08005594   Section        0  tasks.o(i.xTaskCheckForTimeOut)
    i.xTaskCreate                            0x08005600   Section        0  tasks.o(i.xTaskCreate)
    i.xTaskGetSchedulerState                 0x08005658   Section        0  tasks.o(i.xTaskGetSchedulerState)
    i.xTaskGetTickCount                      0x08005674   Section        0  tasks.o(i.xTaskGetTickCount)
    i.xTaskIncrementTick                     0x08005680   Section        0  tasks.o(i.xTaskIncrementTick)
    i.xTaskPriorityDisinherit                0x08005748   Section        0  tasks.o(i.xTaskPriorityDisinherit)
    i.xTaskRemoveFromEventList               0x080057e0   Section        0  tasks.o(i.xTaskRemoveFromEventList)
    i.xTaskResumeAll                         0x08005854   Section        0  tasks.o(i.xTaskResumeAll)
    i.xTimerCreate                           0x08005918   Section        0  timers.o(i.xTimerCreate)
    i.xTimerCreateTimerTask                  0x08005968   Section        0  timers.o(i.xTimerCreateTimerTask)
    i.xTimerGenericCommand                   0x080059b4   Section        0  timers.o(i.xTimerGenericCommand)
    .constdata                               0x08005a14   Section       64  freertos_1.o(.constdata)
    .constdata                               0x08005a54   Section        8  stm32f4xx_hal_dma.o(.constdata)
    flagBitshiftOffset                       0x08005a54   Data           8  stm32f4xx_hal_dma.o(.constdata)
    .constdata                               0x08005a5c   Section       16  system_stm32f4xx.o(.constdata)
    .constdata                               0x08005a6c   Section        8  system_stm32f4xx.o(.constdata)
    .constdata                               0x08005a78   Section       48  cos_i.o(.constdata)
    C                                        0x08005a78   Data          48  cos_i.o(.constdata)
    .constdata                               0x08005aa8   Section      200  rred.o(.constdata)
    pio2s                                    0x08005aa8   Data          48  rred.o(.constdata)
    twooverpi                                0x08005ad8   Data         152  rred.o(.constdata)
    .constdata                               0x08005b70   Section       40  sin_i.o(.constdata)
    S                                        0x08005b70   Data          40  sin_i.o(.constdata)
    .conststring                             0x08005b98   Section       33  freertos_1.o(.conststring)
    .data                                    0x20000000   Section        1  mr1init.o(.data)
    .data                                    0x20000001   Section        8  mr1init.o(.data)
    .data                                    0x2000000c   Section       20  freertos_1.o(.data)
    .data                                    0x20000020   Section        2  usartreceive.o(.data)
    count                                    0x20000020   Data           1  usartreceive.o(.data)
    i                                        0x20000021   Data           1  usartreceive.o(.data)
    .data                                    0x20000024   Section        4  led.o(.data)
    .data                                    0x20000028   Section        4  can_1.o(.data)
    HAL_RCC_CAN1_CLK_ENABLED                 0x20000028   Data           4  can_1.o(.data)
    .data                                    0x2000002c   Section       12  stm32f4xx_hal.o(.data)
    .data                                    0x20000038   Section        4  system_stm32f4xx.o(.data)
    .data                                    0x2000003c   Section       60  tasks.o(.data)
    uxDeletedTasksWaitingCleanUp             0x20000040   Data           4  tasks.o(.data)
    uxCurrentNumberOfTasks                   0x20000044   Data           4  tasks.o(.data)
    xTickCount                               0x20000048   Data           4  tasks.o(.data)
    uxTopReadyPriority                       0x2000004c   Data           4  tasks.o(.data)
    xSchedulerRunning                        0x20000050   Data           4  tasks.o(.data)
    uxPendedTicks                            0x20000054   Data           4  tasks.o(.data)
    xYieldPending                            0x20000058   Data           4  tasks.o(.data)
    xNumOfOverflows                          0x2000005c   Data           4  tasks.o(.data)
    uxTaskNumber                             0x20000060   Data           4  tasks.o(.data)
    xNextTaskUnblockTime                     0x20000064   Data           4  tasks.o(.data)
    xIdleTaskHandle                          0x20000068   Data           4  tasks.o(.data)
    uxSchedulerSuspended                     0x2000006c   Data           4  tasks.o(.data)
    pxDelayedTaskList                        0x20000070   Data           4  tasks.o(.data)
    pxOverflowDelayedTaskList                0x20000074   Data           4  tasks.o(.data)
    .data                                    0x20000078   Section       20  timers.o(.data)
    xTimerQueue                              0x20000078   Data           4  timers.o(.data)
    xTimerTaskHandle                         0x2000007c   Data           4  timers.o(.data)
    xLastTime                                0x20000080   Data           4  timers.o(.data)
    pxCurrentTimerList                       0x20000084   Data           4  timers.o(.data)
    pxOverflowTimerList                      0x20000088   Data           4  timers.o(.data)
    .data                                    0x2000008c   Section       24  heap_4.o(.data)
    pxEnd                                    0x2000008c   Data           4  heap_4.o(.data)
    xFreeBytesRemaining                      0x20000090   Data           4  heap_4.o(.data)
    xMinimumEverFreeBytesRemaining           0x20000094   Data           4  heap_4.o(.data)
    xBlockAllocatedBit                       0x20000098   Data           4  heap_4.o(.data)
    xStart                                   0x2000009c   Data           8  heap_4.o(.data)
    .data                                    0x200000a4   Section       12  port.o(.data)
    ucMaxSysCallPriority                     0x200000a4   Data           1  port.o(.data)
    uxCriticalNesting                        0x200000a8   Data           4  port.o(.data)
    ulMaxPRIGROUPValue                       0x200000ac   Data           4  port.o(.data)
    .data                                    0x200000b0   Section        4  errno.o(.data)
    _errno                                   0x200000b0   Data           4  errno.o(.data)
    .bss                                     0x200000b4   Section      416  mr1init.o(.bss)
    .bss                                     0x20000254   Section       18  mr1init.o(.bss)
    .bss                                     0x20000268   Section       34  usartreceive.o(.bss)
    posture                                  0x20000268   Data          24  usartreceive.o(.bss)
    .bss                                     0x2000028c   Section       20  supervise.o(.bss)
    .bss                                     0x200002a0   Section       80  can_1.o(.bss)
    .bss                                     0x200002f0   Section       60  tim_1.o(.bss)
    .bss                                     0x2000032c   Section      416  usart_1.o(.bss)
    .bss                                     0x200004cc   Section       60  stm32f4xx_hal_timebase_tim_1.o(.bss)
    .bss                                     0x20000508   Section       64  queue.o(.bss)
    .bss                                     0x20000548   Section      240  tasks.o(.bss)
    pxReadyTasksLists                        0x20000548   Data         140  tasks.o(.bss)
    xDelayedTaskList1                        0x200005d4   Data          20  tasks.o(.bss)
    xDelayedTaskList2                        0x200005e8   Data          20  tasks.o(.bss)
    xPendingReadyList                        0x200005fc   Data          20  tasks.o(.bss)
    xTasksWaitingTermination                 0x20000610   Data          20  tasks.o(.bss)
    xSuspendedTaskList                       0x20000624   Data          20  tasks.o(.bss)
    .bss                                     0x20000638   Section       40  timers.o(.bss)
    xActiveTimerList1                        0x20000638   Data          20  timers.o(.bss)
    xActiveTimerList2                        0x2000064c   Data          20  timers.o(.bss)
    .bss                                     0x20000660   Section    30000  heap_4.o(.bss)
    ucHeap                                   0x20000660   Data       30000  heap_4.o(.bss)
    STACK                                    0x20007b90   Section     1024  startup_stm32f427xx.o(STACK)

    Global Symbols

    Symbol Name                              Value     Ov Type        Size  Object(Section)

    BuildAttributes$$THM_ISAv4$E$P$D$K$B$S$7EM$VFPi3$EXTD16$VFPS$VFMA$PE$A:L22UL41UL21$X:L11$S22US41US21$IEEE1$IW$USESV6$~STKCKD$USESV7$~SHL$OTIME$ROPI$IEEEX$EBA8$MICROLIB$REQ8$PRES8$EABIv2 0x00000000   Number         0  anon$$obj.o ABSOLUTE
    __ARM_use_no_argv                        0x00000000   Number         0  main_1.o ABSOLUTE
    __cpp_initialize__aeabi_                  - Undefined Weak Reference
    __cxa_finalize                            - Undefined Weak Reference
    __decompress                              - Undefined Weak Reference
    _clock_init                               - Undefined Weak Reference
    _microlib_exit                            - Undefined Weak Reference
    __Vectors_Size                           0x000001ac   Number         0  startup_stm32f427xx.o ABSOLUTE
    __Vectors                                0x08000000   Data           4  startup_stm32f427xx.o(RESET)
    __Vectors_End                            0x080001ac   Data           0  startup_stm32f427xx.o(RESET)
    __main                                   0x080001ad   Thumb Code     0  entry.o(.ARM.Collect$$$$00000000)
    _main_stk                                0x080001ad   Thumb Code     0  entry2.o(.ARM.Collect$$$$00000001)
    _main_scatterload                        0x080001b1   Thumb Code     0  entry5.o(.ARM.Collect$$$$00000004)
    __main_after_scatterload                 0x080001b5   Thumb Code     0  entry5.o(.ARM.Collect$$$$00000004)
    _main_clock                              0x080001b5   Thumb Code     0  entry7b.o(.ARM.Collect$$$$00000008)
    _main_cpp_init                           0x080001b5   Thumb Code     0  entry8b.o(.ARM.Collect$$$$0000000A)
    _main_init                               0x080001b5   Thumb Code     0  entry9a.o(.ARM.Collect$$$$0000000B)
    __rt_final_cpp                           0x080001bd   Thumb Code     0  entry10a.o(.ARM.Collect$$$$0000000D)
    __rt_final_exit                          0x080001bd   Thumb Code     0  entry11a.o(.ARM.Collect$$$$0000000F)
    SVC_Handler                              0x080001c1   Thumb Code    28  port.o(.emb_text)
    __asm___6_port_c_39a90d8d__prvStartFirstTask 0x080001e1   Thumb Code    28  port.o(.emb_text)
    __asm___6_port_c_39a90d8d__prvEnableVFP  0x08000201   Thumb Code    16  port.o(.emb_text)
    PendSV_Handler                           0x08000215   Thumb Code    92  port.o(.emb_text)
    vPortGetIPSR                             0x08000275   Thumb Code     6  port.o(.emb_text)
    Reset_Handler                            0x0800027d   Thumb Code     8  startup_stm32f427xx.o(.text)
    ADC_IRQHandler                           0x08000297   Thumb Code     0  startup_stm32f427xx.o(.text)
    CAN1_RX1_IRQHandler                      0x08000297   Thumb Code     0  startup_stm32f427xx.o(.text)
    CAN1_SCE_IRQHandler                      0x08000297   Thumb Code     0  startup_stm32f427xx.o(.text)
    CAN1_TX_IRQHandler                       0x08000297   Thumb Code     0  startup_stm32f427xx.o(.text)
    CAN2_RX1_IRQHandler                      0x08000297   Thumb Code     0  startup_stm32f427xx.o(.text)
    CAN2_SCE_IRQHandler                      0x08000297   Thumb Code     0  startup_stm32f427xx.o(.text)
    CAN2_TX_IRQHandler                       0x08000297   Thumb Code     0  startup_stm32f427xx.o(.text)
    DCMI_IRQHandler                          0x08000297   Thumb Code     0  startup_stm32f427xx.o(.text)
    DMA1_Stream0_IRQHandler                  0x08000297   Thumb Code     0  startup_stm32f427xx.o(.text)
    DMA1_Stream1_IRQHandler                  0x08000297   Thumb Code     0  startup_stm32f427xx.o(.text)
    DMA1_Stream2_IRQHandler                  0x08000297   Thumb Code     0  startup_stm32f427xx.o(.text)
    DMA1_Stream3_IRQHandler                  0x08000297   Thumb Code     0  startup_stm32f427xx.o(.text)
    DMA1_Stream4_IRQHandler                  0x08000297   Thumb Code     0  startup_stm32f427xx.o(.text)
    DMA1_Stream5_IRQHandler                  0x08000297   Thumb Code     0  startup_stm32f427xx.o(.text)
    DMA1_Stream6_IRQHandler                  0x08000297   Thumb Code     0  startup_stm32f427xx.o(.text)
    DMA1_Stream7_IRQHandler                  0x08000297   Thumb Code     0  startup_stm32f427xx.o(.text)
    DMA2D_IRQHandler                         0x08000297   Thumb Code     0  startup_stm32f427xx.o(.text)
    DMA2_Stream0_IRQHandler                  0x08000297   Thumb Code     0  startup_stm32f427xx.o(.text)
    DMA2_Stream3_IRQHandler                  0x08000297   Thumb Code     0  startup_stm32f427xx.o(.text)
    DMA2_Stream4_IRQHandler                  0x08000297   Thumb Code     0  startup_stm32f427xx.o(.text)
    DMA2_Stream5_IRQHandler                  0x08000297   Thumb Code     0  startup_stm32f427xx.o(.text)
    DMA2_Stream7_IRQHandler                  0x08000297   Thumb Code     0  startup_stm32f427xx.o(.text)
    ETH_IRQHandler                           0x08000297   Thumb Code     0  startup_stm32f427xx.o(.text)
    ETH_WKUP_IRQHandler                      0x08000297   Thumb Code     0  startup_stm32f427xx.o(.text)
    EXTI0_IRQHandler                         0x08000297   Thumb Code     0  startup_stm32f427xx.o(.text)
    EXTI15_10_IRQHandler                     0x08000297   Thumb Code     0  startup_stm32f427xx.o(.text)
    EXTI1_IRQHandler                         0x08000297   Thumb Code     0  startup_stm32f427xx.o(.text)
    EXTI2_IRQHandler                         0x08000297   Thumb Code     0  startup_stm32f427xx.o(.text)
    EXTI4_IRQHandler                         0x08000297   Thumb Code     0  startup_stm32f427xx.o(.text)
    EXTI9_5_IRQHandler                       0x08000297   Thumb Code     0  startup_stm32f427xx.o(.text)
    FLASH_IRQHandler                         0x08000297   Thumb Code     0  startup_stm32f427xx.o(.text)
    FMC_IRQHandler                           0x08000297   Thumb Code     0  startup_stm32f427xx.o(.text)
    FPU_IRQHandler                           0x08000297   Thumb Code     0  startup_stm32f427xx.o(.text)
    HASH_RNG_IRQHandler                      0x08000297   Thumb Code     0  startup_stm32f427xx.o(.text)
    I2C1_ER_IRQHandler                       0x08000297   Thumb Code     0  startup_stm32f427xx.o(.text)
    I2C1_EV_IRQHandler                       0x08000297   Thumb Code     0  startup_stm32f427xx.o(.text)
    I2C2_ER_IRQHandler                       0x08000297   Thumb Code     0  startup_stm32f427xx.o(.text)
    I2C2_EV_IRQHandler                       0x08000297   Thumb Code     0  startup_stm32f427xx.o(.text)
    I2C3_ER_IRQHandler                       0x08000297   Thumb Code     0  startup_stm32f427xx.o(.text)
    I2C3_EV_IRQHandler                       0x08000297   Thumb Code     0  startup_stm32f427xx.o(.text)
    OTG_FS_IRQHandler                        0x08000297   Thumb Code     0  startup_stm32f427xx.o(.text)
    OTG_FS_WKUP_IRQHandler                   0x08000297   Thumb Code     0  startup_stm32f427xx.o(.text)
    OTG_HS_EP1_IN_IRQHandler                 0x08000297   Thumb Code     0  startup_stm32f427xx.o(.text)
    OTG_HS_EP1_OUT_IRQHandler                0x08000297   Thumb Code     0  startup_stm32f427xx.o(.text)
    OTG_HS_IRQHandler                        0x08000297   Thumb Code     0  startup_stm32f427xx.o(.text)
    OTG_HS_WKUP_IRQHandler                   0x08000297   Thumb Code     0  startup_stm32f427xx.o(.text)
    PVD_IRQHandler                           0x08000297   Thumb Code     0  startup_stm32f427xx.o(.text)
    RCC_IRQHandler                           0x08000297   Thumb Code     0  startup_stm32f427xx.o(.text)
    RTC_Alarm_IRQHandler                     0x08000297   Thumb Code     0  startup_stm32f427xx.o(.text)
    RTC_WKUP_IRQHandler                      0x08000297   Thumb Code     0  startup_stm32f427xx.o(.text)
    SAI1_IRQHandler                          0x08000297   Thumb Code     0  startup_stm32f427xx.o(.text)
    SDIO_IRQHandler                          0x08000297   Thumb Code     0  startup_stm32f427xx.o(.text)
    SPI1_IRQHandler                          0x08000297   Thumb Code     0  startup_stm32f427xx.o(.text)
    SPI2_IRQHandler                          0x08000297   Thumb Code     0  startup_stm32f427xx.o(.text)
    SPI3_IRQHandler                          0x08000297   Thumb Code     0  startup_stm32f427xx.o(.text)
    SPI4_IRQHandler                          0x08000297   Thumb Code     0  startup_stm32f427xx.o(.text)
    SPI5_IRQHandler                          0x08000297   Thumb Code     0  startup_stm32f427xx.o(.text)
    SPI6_IRQHandler                          0x08000297   Thumb Code     0  startup_stm32f427xx.o(.text)
    TAMP_STAMP_IRQHandler                    0x08000297   Thumb Code     0  startup_stm32f427xx.o(.text)
    TIM1_BRK_TIM9_IRQHandler                 0x08000297   Thumb Code     0  startup_stm32f427xx.o(.text)
    TIM1_CC_IRQHandler                       0x08000297   Thumb Code     0  startup_stm32f427xx.o(.text)
    TIM1_TRG_COM_TIM11_IRQHandler            0x08000297   Thumb Code     0  startup_stm32f427xx.o(.text)
    TIM1_UP_TIM10_IRQHandler                 0x08000297   Thumb Code     0  startup_stm32f427xx.o(.text)
    TIM2_IRQHandler                          0x08000297   Thumb Code     0  startup_stm32f427xx.o(.text)
    TIM3_IRQHandler                          0x08000297   Thumb Code     0  startup_stm32f427xx.o(.text)
    TIM4_IRQHandler                          0x08000297   Thumb Code     0  startup_stm32f427xx.o(.text)
    TIM5_IRQHandler                          0x08000297   Thumb Code     0  startup_stm32f427xx.o(.text)
    TIM6_DAC_IRQHandler                      0x08000297   Thumb Code     0  startup_stm32f427xx.o(.text)
    TIM8_BRK_TIM12_IRQHandler                0x08000297   Thumb Code     0  startup_stm32f427xx.o(.text)
    TIM8_CC_IRQHandler                       0x08000297   Thumb Code     0  startup_stm32f427xx.o(.text)
    TIM8_TRG_COM_TIM14_IRQHandler            0x08000297   Thumb Code     0  startup_stm32f427xx.o(.text)
    TIM8_UP_TIM13_IRQHandler                 0x08000297   Thumb Code     0  startup_stm32f427xx.o(.text)
    UART4_IRQHandler                         0x08000297   Thumb Code     0  startup_stm32f427xx.o(.text)
    UART5_IRQHandler                         0x08000297   Thumb Code     0  startup_stm32f427xx.o(.text)
    UART7_IRQHandler                         0x08000297   Thumb Code     0  startup_stm32f427xx.o(.text)
    UART8_IRQHandler                         0x08000297   Thumb Code     0  startup_stm32f427xx.o(.text)
    USART1_IRQHandler                        0x08000297   Thumb Code     0  startup_stm32f427xx.o(.text)
    USART2_IRQHandler                        0x08000297   Thumb Code     0  startup_stm32f427xx.o(.text)
    USART3_IRQHandler                        0x08000297   Thumb Code     0  startup_stm32f427xx.o(.text)
    USART6_IRQHandler                        0x08000297   Thumb Code     0  startup_stm32f427xx.o(.text)
    WWDG_IRQHandler                          0x08000297   Thumb Code     0  startup_stm32f427xx.o(.text)
    __aeabi_uldivmod                         0x080002a1   Thumb Code    98  uldiv.o(.text)
    __aeabi_memcpy                           0x08000303   Thumb Code    36  memcpya.o(.text)
    __aeabi_memcpy4                          0x08000303   Thumb Code     0  memcpya.o(.text)
    __aeabi_memcpy8                          0x08000303   Thumb Code     0  memcpya.o(.text)
    __aeabi_memset                           0x08000327   Thumb Code    14  memseta.o(.text)
    __aeabi_memset4                          0x08000327   Thumb Code     0  memseta.o(.text)
    __aeabi_memset8                          0x08000327   Thumb Code     0  memseta.o(.text)
    __aeabi_memclr                           0x08000335   Thumb Code     4  memseta.o(.text)
    __aeabi_memclr4                          0x08000335   Thumb Code     0  memseta.o(.text)
    __aeabi_memclr8                          0x08000335   Thumb Code     0  memseta.o(.text)
    _memset$wrapper                          0x08000339   Thumb Code    18  memseta.o(.text)
    __aeabi_dadd                             0x0800034b   Thumb Code   322  dadd.o(.text)
    __aeabi_dsub                             0x0800048d   Thumb Code     6  dadd.o(.text)
    __aeabi_drsub                            0x08000493   Thumb Code     6  dadd.o(.text)
    __aeabi_dmul                             0x08000499   Thumb Code   228  dmul.o(.text)
    __aeabi_i2d                              0x0800057d   Thumb Code    34  dflti.o(.text)
    __aeabi_d2iz                             0x0800059f   Thumb Code    62  dfixi.o(.text)
    __aeabi_llsl                             0x080005dd   Thumb Code    30  llshl.o(.text)
    _ll_shift_l                              0x080005dd   Thumb Code     0  llshl.o(.text)
    __aeabi_llsr                             0x080005fb   Thumb Code    32  llushr.o(.text)
    _ll_ushift_r                             0x080005fb   Thumb Code     0  llushr.o(.text)
    __aeabi_lasr                             0x0800061b   Thumb Code    36  llsshr.o(.text)
    _ll_sshift_r                             0x0800061b   Thumb Code     0  llsshr.o(.text)
    __I$use$fp                               0x0800063f   Thumb Code     0  iusefp.o(.text)
    _double_round                            0x0800063f   Thumb Code    30  depilogue.o(.text)
    _double_epilogue                         0x0800065d   Thumb Code   156  depilogue.o(.text)
    __scatterload                            0x080006f9   Thumb Code    28  init.o(.text)
    __scatterload_rt2                        0x080006f9   Thumb Code     0  init.o(.text)
    __aeabi_ddiv                             0x0800071d   Thumb Code   222  ddiv.o(.text)
    __aeabi_ui2d                             0x080007fb   Thumb Code    26  dfltui.o(.text)
    BusFault_Handler                         0x08000815   Thumb Code     2  stm32f4xx_it_1.o(i.BusFault_Handler)
    CAN1_RX0_IRQHandler                      0x08000819   Thumb Code     6  stm32f4xx_it_1.o(i.CAN1_RX0_IRQHandler)
    CAN2_RX0_IRQHandler                      0x08000825   Thumb Code     6  stm32f4xx_it_1.o(i.CAN2_RX0_IRQHandler)
    Calculate                                0x08000831   Thumb Code    44  calculate.o(i.Calculate)
    CanDataEncoderProcess                    0x08000861   Thumb Code    28  canreceive.o(i.CanDataEncoderProcess)
    CanDataReceive                           0x08000881   Thumb Code    86  canreceive.o(i.CanDataReceive)
    CanFilterInit                            0x080008dd   Thumb Code    86  canreceive.o(i.CanFilterInit)
    CanTransmit_1234                         0x08000939   Thumb Code    82  sendsignal.o(i.CanTransmit_1234)
    CanTransmit_5                            0x0800098b   Thumb Code    52  sendsignal.o(i.CanTransmit_5)
    DMA2_Stream1_IRQHandler                  0x080009c1   Thumb Code     6  stm32f4xx_it_1.o(i.DMA2_Stream1_IRQHandler)
    DMA2_Stream2_IRQHandler                  0x080009cd   Thumb Code     6  stm32f4xx_it_1.o(i.DMA2_Stream2_IRQHandler)
    DMA2_Stream6_IRQHandler                  0x080009d9   Thumb Code     6  stm32f4xx_it_1.o(i.DMA2_Stream6_IRQHandler)
    DebugMon_Handler                         0x08000a89   Thumb Code     2  stm32f4xx_it_1.o(i.DebugMon_Handler)
    EXTI3_IRQHandler                         0x08000a8b   Thumb Code     6  stm32f4xx_it_1.o(i.EXTI3_IRQHandler)
    Error_Handler                            0x08000a91   Thumb Code     2  main_1.o(i.Error_Handler)
    FourWheelVellControl                     0x08000a95   Thumb Code   444  calculate.o(i.FourWheelVellControl)
    GyroReceiveHandle                        0x08000c6d   Thumb Code   140  usartreceive.o(i.GyroReceiveHandle)
    HAL_CAN_ActivateNotification             0x08000d09   Thumb Code    40  stm32f4xx_hal_can.o(i.HAL_CAN_ActivateNotification)
    HAL_CAN_AddTxMessage                     0x08000d31   Thumb Code   200  stm32f4xx_hal_can.o(i.HAL_CAN_AddTxMessage)
    HAL_CAN_ConfigFilter                     0x08000df9   Thumb Code   262  stm32f4xx_hal_can.o(i.HAL_CAN_ConfigFilter)
    HAL_CAN_ErrorCallback                    0x08000f05   Thumb Code     2  stm32f4xx_hal_can.o(i.HAL_CAN_ErrorCallback)
    HAL_CAN_GetRxMessage                     0x08000f07   Thumb Code   250  stm32f4xx_hal_can.o(i.HAL_CAN_GetRxMessage)
    HAL_CAN_IRQHandler                       0x08001001   Thumb Code   508  stm32f4xx_hal_can.o(i.HAL_CAN_IRQHandler)
    HAL_CAN_Init                             0x080011fd   Thumb Code   282  stm32f4xx_hal_can.o(i.HAL_CAN_Init)
    HAL_CAN_MspInit                          0x08001319   Thumb Code   228  can_1.o(i.HAL_CAN_MspInit)
    HAL_CAN_RxFifo0FullCallback              0x08001415   Thumb Code     2  stm32f4xx_hal_can.o(i.HAL_CAN_RxFifo0FullCallback)
    HAL_CAN_RxFifo0MsgPendingCallback        0x08001419   Thumb Code    30  freertos_1.o(i.HAL_CAN_RxFifo0MsgPendingCallback)
    HAL_CAN_RxFifo1FullCallback              0x0800143d   Thumb Code     2  stm32f4xx_hal_can.o(i.HAL_CAN_RxFifo1FullCallback)
    HAL_CAN_RxFifo1MsgPendingCallback        0x0800143f   Thumb Code     2  stm32f4xx_hal_can.o(i.HAL_CAN_RxFifo1MsgPendingCallback)
    HAL_CAN_SleepCallback                    0x08001441   Thumb Code     2  stm32f4xx_hal_can.o(i.HAL_CAN_SleepCallback)
    HAL_CAN_Start                            0x08001445   Thumb Code    88  stm32f4xx_hal_can.o(i.HAL_CAN_Start)
    HAL_CAN_TxMailbox0AbortCallback          0x0800149d   Thumb Code     2  stm32f4xx_hal_can.o(i.HAL_CAN_TxMailbox0AbortCallback)
    HAL_CAN_TxMailbox0CompleteCallback       0x0800149f   Thumb Code     2  stm32f4xx_hal_can.o(i.HAL_CAN_TxMailbox0CompleteCallback)
    HAL_CAN_TxMailbox1AbortCallback          0x080014a1   Thumb Code     2  stm32f4xx_hal_can.o(i.HAL_CAN_TxMailbox1AbortCallback)
    HAL_CAN_TxMailbox1CompleteCallback       0x080014a3   Thumb Code     2  stm32f4xx_hal_can.o(i.HAL_CAN_TxMailbox1CompleteCallback)
    HAL_CAN_TxMailbox2AbortCallback          0x080014a5   Thumb Code     2  stm32f4xx_hal_can.o(i.HAL_CAN_TxMailbox2AbortCallback)
    HAL_CAN_TxMailbox2CompleteCallback       0x080014a7   Thumb Code     2  stm32f4xx_hal_can.o(i.HAL_CAN_TxMailbox2CompleteCallback)
    HAL_CAN_WakeUpFromRxMsgCallback          0x080014a9   Thumb Code     2  stm32f4xx_hal_can.o(i.HAL_CAN_WakeUpFromRxMsgCallback)
    HAL_DMA_IRQHandler                       0x080014ad   Thumb Code   412  stm32f4xx_hal_dma.o(i.HAL_DMA_IRQHandler)
    HAL_DMA_Init                             0x0800164d   Thumb Code   206  stm32f4xx_hal_dma.o(i.HAL_DMA_Init)
    HAL_DMA_Start_IT                         0x08001721   Thumb Code   120  stm32f4xx_hal_dma.o(i.HAL_DMA_Start_IT)
    HAL_Delay                                0x08001799   Thumb Code    32  stm32f4xx_hal.o(i.HAL_Delay)
    HAL_GPIO_EXTI_Callback                   0x080017bd   Thumb Code     2  stm32f4xx_hal_gpio.o(i.HAL_GPIO_EXTI_Callback)
    HAL_GPIO_EXTI_IRQHandler                 0x080017c1   Thumb Code    18  stm32f4xx_hal_gpio.o(i.HAL_GPIO_EXTI_IRQHandler)
    HAL_GPIO_Init                            0x080017d9   Thumb Code   408  stm32f4xx_hal_gpio.o(i.HAL_GPIO_Init)
    HAL_GPIO_TogglePin                       0x080019a5   Thumb Code     8  stm32f4xx_hal_gpio.o(i.HAL_GPIO_TogglePin)
    HAL_GPIO_WritePin                        0x080019ad   Thumb Code    10  stm32f4xx_hal_gpio.o(i.HAL_GPIO_WritePin)
    HAL_GetTick                              0x080019b9   Thumb Code     6  stm32f4xx_hal.o(i.HAL_GetTick)
    HAL_IncTick                              0x080019c5   Thumb Code    12  stm32f4xx_hal.o(i.HAL_IncTick)
    HAL_Init                                 0x080019d5   Thumb Code    48  stm32f4xx_hal.o(i.HAL_Init)
    HAL_InitTick                             0x08001a09   Thumb Code   100  stm32f4xx_hal_timebase_tim_1.o(i.HAL_InitTick)
    HAL_MspInit                              0x08001a7d   Thumb Code    52  stm32f4xx_hal_msp_1.o(i.HAL_MspInit)
    HAL_NVIC_EnableIRQ                       0x08001ab5   Thumb Code    22  stm32f4xx_hal_cortex.o(i.HAL_NVIC_EnableIRQ)
    HAL_NVIC_SetPriority                     0x08001acd   Thumb Code    60  stm32f4xx_hal_cortex.o(i.HAL_NVIC_SetPriority)
    HAL_NVIC_SetPriorityGrouping             0x08001b0d   Thumb Code    26  stm32f4xx_hal_cortex.o(i.HAL_NVIC_SetPriorityGrouping)
    HAL_RCC_ClockConfig                      0x08001b31   Thumb Code   286  stm32f4xx_hal_rcc.o(i.HAL_RCC_ClockConfig)
    HAL_RCC_GetClockConfig                   0x08001c61   Thumb Code    54  stm32f4xx_hal_rcc.o(i.HAL_RCC_GetClockConfig)
    HAL_RCC_GetPCLK1Freq                     0x08001ca1   Thumb Code    20  stm32f4xx_hal_rcc.o(i.HAL_RCC_GetPCLK1Freq)
    HAL_RCC_GetPCLK2Freq                     0x08001cc1   Thumb Code    20  stm32f4xx_hal_rcc.o(i.HAL_RCC_GetPCLK2Freq)
    HAL_RCC_GetSysClockFreq                  0x08001ce1   Thumb Code    88  stm32f4xx_hal_rcc.o(i.HAL_RCC_GetSysClockFreq)
    HAL_RCC_OscConfig                        0x08001d45   Thumb Code   770  stm32f4xx_hal_rcc.o(i.HAL_RCC_OscConfig)
    HAL_TIMEx_BreakCallback                  0x08002061   Thumb Code     2  stm32f4xx_hal_tim_ex.o(i.HAL_TIMEx_BreakCallback)
    HAL_TIMEx_CommutationCallback            0x08002063   Thumb Code     2  stm32f4xx_hal_tim_ex.o(i.HAL_TIMEx_CommutationCallback)
    HAL_TIMEx_MasterConfigSynchronization    0x08002065   Thumb Code    80  stm32f4xx_hal_tim_ex.o(i.HAL_TIMEx_MasterConfigSynchronization)
    HAL_TIM_Base_Init                        0x080020b5   Thumb Code    54  stm32f4xx_hal_tim.o(i.HAL_TIM_Base_Init)
    HAL_TIM_Base_MspInit                     0x080020eb   Thumb Code     2  stm32f4xx_hal_tim.o(i.HAL_TIM_Base_MspInit)
    HAL_TIM_Base_Start_IT                    0x080020ed   Thumb Code    24  stm32f4xx_hal_tim.o(i.HAL_TIM_Base_Start_IT)
    HAL_TIM_IC_CaptureCallback               0x08002105   Thumb Code     2  stm32f4xx_hal_tim.o(i.HAL_TIM_IC_CaptureCallback)
    HAL_TIM_IRQHandler                       0x08002107   Thumb Code   358  stm32f4xx_hal_tim.o(i.HAL_TIM_IRQHandler)
    HAL_TIM_MspPostInit                      0x0800226d   Thumb Code    70  tim_1.o(i.HAL_TIM_MspPostInit)
    HAL_TIM_OC_DelayElapsedCallback          0x080022bd   Thumb Code     2  stm32f4xx_hal_tim.o(i.HAL_TIM_OC_DelayElapsedCallback)
    HAL_TIM_PWM_ConfigChannel                0x080022bf   Thumb Code   208  stm32f4xx_hal_tim.o(i.HAL_TIM_PWM_ConfigChannel)
    HAL_TIM_PWM_Init                         0x0800238f   Thumb Code    54  stm32f4xx_hal_tim.o(i.HAL_TIM_PWM_Init)
    HAL_TIM_PWM_MspInit                      0x080023c5   Thumb Code    30  tim_1.o(i.HAL_TIM_PWM_MspInit)
    HAL_TIM_PWM_PulseFinishedCallback        0x080023e9   Thumb Code     2  stm32f4xx_hal_tim.o(i.HAL_TIM_PWM_PulseFinishedCallback)
    HAL_TIM_PWM_Start                        0x080023ed   Thumb Code    48  stm32f4xx_hal_tim.o(i.HAL_TIM_PWM_Start)
    HAL_TIM_PeriodElapsedCallback            0x08002425   Thumb Code    14  main_1.o(i.HAL_TIM_PeriodElapsedCallback)
    HAL_TIM_TriggerCallback                  0x08002439   Thumb Code     2  stm32f4xx_hal_tim.o(i.HAL_TIM_TriggerCallback)
    HAL_UART_ErrorCallback                   0x0800243b   Thumb Code     2  stm32f4xx_hal_uart.o(i.HAL_UART_ErrorCallback)
    HAL_UART_Init                            0x0800243d   Thumb Code    98  stm32f4xx_hal_uart.o(i.HAL_UART_Init)
    HAL_UART_MspInit                         0x080024a1   Thumb Code   332  usart_1.o(i.HAL_UART_MspInit)
    HAL_UART_Receive_DMA                     0x0800260d   Thumb Code   138  stm32f4xx_hal_uart.o(i.HAL_UART_Receive_DMA)
    HAL_UART_RxCpltCallback                  0x080026a5   Thumb Code    52  freertos_1.o(i.HAL_UART_RxCpltCallback)
    HAL_UART_RxHalfCpltCallback              0x080026e9   Thumb Code     2  stm32f4xx_hal_uart.o(i.HAL_UART_RxHalfCpltCallback)
    HardFault_Handler                        0x080026eb   Thumb Code     2  stm32f4xx_it_1.o(i.HardFault_Handler)
    LEDShow                                  0x080026ed   Thumb Code    32  freertos_1.o(i.LEDShow)
    LED_Water                                0x08002715   Thumb Code   146  led.o(i.LED_Water)
    LostCounterFeed                          0x080027b9   Thumb Code    10  supervise.o(i.LostCounterFeed)
    MR1MainTask                              0x080027c9   Thumb Code   118  freertos_1.o(i.MR1MainTask)
    MR1OtherTask                             0x08002851   Thumb Code    30  freertos_1.o(i.MR1OtherTask)
    MR1StateChange                           0x08002875   Thumb Code   158  usartreceive.o(i.MR1StateChange)
    MR1_MANUAL                               0x0800291d   Thumb Code    56  mission.o(i.MR1_MANUAL)
    MR1_STOP                                 0x08002961   Thumb Code    80  mission.o(i.MR1_STOP)
    MR1_SendSignal                           0x080029c1   Thumb Code    14  mission.o(i.MR1_SendSignal)
    MR1_SetStage                             0x080029d1   Thumb Code    98  mission.o(i.MR1_SetStage)
    MR1_Shoot                                0x08002a45   Thumb Code    26  mission.o(i.MR1_Shoot)
    MR1_ToToken                              0x08002a69   Thumb Code   248  mission.o(i.MR1_ToToken)
    MR1_TransToken                           0x08002b89   Thumb Code    12  mission.o(i.MR1_TransToken)
    MX_CAN1_Init                             0x08002b99   Thumb Code    60  can_1.o(i.MX_CAN1_Init)
    MX_CAN2_Init                             0x08002bdd   Thumb Code    60  can_1.o(i.MX_CAN2_Init)
    MX_DMA_Init                              0x08002c21   Thumb Code    72  dma_1.o(i.MX_DMA_Init)
    MX_FREERTOS_Init                         0x08002c6d   Thumb Code   114  freertos_1.o(i.MX_FREERTOS_Init)
    MX_GPIO_Init                             0x08002ce9   Thumb Code   428  gpio_1.o(i.MX_GPIO_Init)
    MX_TIM2_Init                             0x08002eb9   Thumb Code   124  tim_1.o(i.MX_TIM2_Init)
    MX_USART1_UART_Init                      0x08002f39   Thumb Code    50  usart_1.o(i.MX_USART1_UART_Init)
    MX_USART6_UART_Init                      0x08002f79   Thumb Code    48  usart_1.o(i.MX_USART6_UART_Init)
    MemManage_Handler                        0x08002fb1   Thumb Code     2  stm32f4xx_it_1.o(i.MemManage_Handler)
    NMI_Handler                              0x08002fb3   Thumb Code     2  stm32f4xx_it_1.o(i.NMI_Handler)
    PID_Calc                                 0x08002fd5   Thumb Code   118  calculate.o(i.PID_Calc)
    RemoteReceiveHandle                      0x0800304d   Thumb Code    76  usartreceive.o(i.RemoteReceiveHandle)
    RobotParamInit                           0x080030a1   Thumb Code   102  mr1init.o(i.RobotParamInit)
    SendSignal                               0x0800310d   Thumb Code    76  sendsignal.o(i.SendSignal)
    StopShoot                                0x08003161   Thumb Code     2  mission.o(i.StopShoot)
    SuperviseTask                            0x08003163   Thumb Code     2  freertos_1.o(i.SuperviseTask)
    SysTick_Handler                          0x08003165   Thumb Code    38  port.o(i.SysTick_Handler)
    SystemClock_Config                       0x08003191   Thumb Code   124  main_1.o(i.SystemClock_Config)
    SystemInit                               0x08003215   Thumb Code    66  system_stm32f4xx.o(i.SystemInit)
    TIM7_IRQHandler                          0x08003269   Thumb Code     6  stm32f4xx_it_1.o(i.TIM7_IRQHandler)
    TIM_Base_SetConfig                       0x08003275   Thumb Code   148  stm32f4xx_hal_tim.o(i.TIM_Base_SetConfig)
    TIM_CCxChannelCmd                        0x08003335   Thumb Code    22  stm32f4xx_hal_tim.o(i.TIM_CCxChannelCmd)
    TIM_OC2_SetConfig                        0x080033a5   Thumb Code    90  stm32f4xx_hal_tim.o(i.TIM_OC2_SetConfig)
    UsageFault_Handler                       0x08003825   Thumb Code     2  stm32f4xx_it_1.o(i.UsageFault_Handler)
    __ARM_fpclassify                         0x08003827   Thumb Code    48  fpclassify.o(i.__ARM_fpclassify)
    __hardfp_cos                             0x08003859   Thumb Code   180  cos.o(i.__hardfp_cos)
    __hardfp_sin                             0x08003921   Thumb Code   180  sin.o(i.__hardfp_sin)
    __ieee754_rem_pio2                       0x080039e9   Thumb Code   938  rred.o(i.__ieee754_rem_pio2)
    __kernel_cos                             0x08003e21   Thumb Code   322  cos_i.o(i.__kernel_cos)
    __kernel_poly                            0x08003f91   Thumb Code   248  poly.o(i.__kernel_poly)
    __kernel_sin                             0x08004089   Thumb Code   280  sin_i.o(i.__kernel_sin)
    __mathlib_dbl_infnan                     0x080041b9   Thumb Code    20  dunder.o(i.__mathlib_dbl_infnan)
    __mathlib_dbl_invalid                    0x080041d1   Thumb Code    24  dunder.o(i.__mathlib_dbl_invalid)
    __mathlib_dbl_underflow                  0x080041f1   Thumb Code    24  dunder.o(i.__mathlib_dbl_underflow)
    __scatterload_copy                       0x08004211   Thumb Code    14  handlers.o(i.__scatterload_copy)
    __scatterload_null                       0x0800421f   Thumb Code     2  handlers.o(i.__scatterload_null)
    __scatterload_zeroinit                   0x08004221   Thumb Code    14  handlers.o(i.__scatterload_zeroinit)
    __set_errno                              0x08004231   Thumb Code     6  errno.o(i.__set_errno)
    fabs                                     0x0800423d   Thumb Code    24  fabs.o(i.fabs)
    main                                     0x08004261   Thumb Code    92  main_1.o(i.main)
    osDelay                                  0x080042e5   Thumb Code    14  cmsis_os.o(i.osDelay)
    osKernelStart                            0x080042f3   Thumb Code    10  cmsis_os.o(i.osKernelStart)
    osSemaphoreCreate                        0x080042fd   Thumb Code    38  cmsis_os.o(i.osSemaphoreCreate)
    osThreadCreate                           0x08004323   Thumb Code    46  cmsis_os.o(i.osThreadCreate)
    osTimerCreate                            0x08004351   Thumb Code    30  cmsis_os.o(i.osTimerCreate)
    osTimerStart                             0x08004375   Thumb Code    88  cmsis_os.o(i.osTimerStart)
    pvPortMalloc                             0x08004ad1   Thumb Code   210  heap_4.o(i.pvPortMalloc)
    pvTaskIncrementMutexHeldCount            0x08004ba9   Thumb Code    18  tasks.o(i.pvTaskIncrementMutexHeldCount)
    pxPortInitialiseStack                    0x08004bc1   Thumb Code    40  port.o(i.pxPortInitialiseStack)
    uxListRemove                             0x08004bed   Thumb Code    36  list.o(i.uxListRemove)
    vListInitialise                          0x08004c11   Thumb Code    22  list.o(i.vListInitialise)
    vListInitialiseItem                      0x08004c27   Thumb Code     6  list.o(i.vListInitialiseItem)
    vListInsert                              0x08004c2d   Thumb Code    48  list.o(i.vListInsert)
    vListInsertEnd                           0x08004c5d   Thumb Code    24  list.o(i.vListInsertEnd)
    vPortEnterCritical                       0x08004c75   Thumb Code    54  port.o(i.vPortEnterCritical)
    vPortExitCritical                        0x08004cb5   Thumb Code    34  port.o(i.vPortExitCritical)
    vPortFree                                0x08004cdd   Thumb Code    88  heap_4.o(i.vPortFree)
    vPortSetupTimerInterrupt                 0x08004d39   Thumb Code    26  port.o(i.vPortSetupTimerInterrupt)
    vPortValidateInterruptPriority           0x08004d59   Thumb Code    74  port.o(i.vPortValidateInterruptPriority)
    vQueueAddToRegistry                      0x08004dad   Thumb Code    34  queue.o(i.vQueueAddToRegistry)
    vQueueWaitForMessageRestricted           0x08004dd5   Thumb Code    68  queue.o(i.vQueueWaitForMessageRestricted)
    vTaskDelay                               0x08004e19   Thumb Code    66  tasks.o(i.vTaskDelay)
    vTaskMissedYield                         0x08004e65   Thumb Code     8  tasks.o(i.vTaskMissedYield)
    vTaskPlaceOnEventList                    0x08004e71   Thumb Code    44  tasks.o(i.vTaskPlaceOnEventList)
    vTaskPlaceOnEventListRestricted          0x08004ea1   Thumb Code    52  tasks.o(i.vTaskPlaceOnEventListRestricted)
    vTaskPriorityInherit                     0x08004ed9   Thumb Code   124  tasks.o(i.vTaskPriorityInherit)
    vTaskSetTimeOutState                     0x08004f5d   Thumb Code    30  tasks.o(i.vTaskSetTimeOutState)
    vTaskStartScheduler                      0x08004f81   Thumb Code    94  tasks.o(i.vTaskStartScheduler)
    vTaskSuspendAll                          0x08004ff1   Thumb Code    10  tasks.o(i.vTaskSuspendAll)
    vTaskSwitchContext                       0x08005001   Thumb Code    82  tasks.o(i.vTaskSwitchContext)
    xPortStartScheduler                      0x0800505d   Thumb Code   202  port.o(i.xPortStartScheduler)
    xQueueGenericCreate                      0x0800513d   Thumb Code    72  queue.o(i.xQueueGenericCreate)
    xQueueGenericReceive                     0x08005185   Thumb Code   360  queue.o(i.xQueueGenericReceive)
    xQueueGenericReset                       0x080052f1   Thumb Code   132  queue.o(i.xQueueGenericReset)
    xQueueGenericSend                        0x08005379   Thumb Code   346  queue.o(i.xQueueGenericSend)
    xQueueGenericSendFromISR                 0x080054d9   Thumb Code   188  queue.o(i.xQueueGenericSendFromISR)
    xTaskCheckForTimeOut                     0x08005595   Thumb Code   102  tasks.o(i.xTaskCheckForTimeOut)
    xTaskCreate                              0x08005601   Thumb Code    86  tasks.o(i.xTaskCreate)
    xTaskGetSchedulerState                   0x08005659   Thumb Code    22  tasks.o(i.xTaskGetSchedulerState)
    xTaskGetTickCount                        0x08005675   Thumb Code     6  tasks.o(i.xTaskGetTickCount)
    xTaskIncrementTick                       0x08005681   Thumb Code   192  tasks.o(i.xTaskIncrementTick)
    xTaskPriorityDisinherit                  0x08005749   Thumb Code   144  tasks.o(i.xTaskPriorityDisinherit)
    xTaskRemoveFromEventList                 0x080057e1   Thumb Code   108  tasks.o(i.xTaskRemoveFromEventList)
    xTaskResumeAll                           0x08005855   Thumb Code   182  tasks.o(i.xTaskResumeAll)
    xTimerCreate                             0x08005919   Thumb Code    78  timers.o(i.xTimerCreate)
    xTimerCreateTimerTask                    0x08005969   Thumb Code    58  timers.o(i.xTimerCreateTimerTask)
    xTimerGenericCommand                     0x080059b5   Thumb Code    92  timers.o(i.xTimerGenericCommand)
    AHBPrescTable                            0x08005a5c   Data          16  system_stm32f4xx.o(.constdata)
    APBPrescTable                            0x08005a6c   Data           8  system_stm32f4xx.o(.constdata)
    Region$$Table$$Base                      0x08005bbc   Number         0  anon$$obj.o(Region$$Table)
    Region$$Table$$Limit                     0x08005bdc   Number         0  anon$$obj.o(Region$$Table)
    UsartReceiveGyro                         0x20000000   Data           1  mr1init.o(.data)
    CanReceiveData                           0x20000001   Data           8  mr1init.o(.data)
    MR1OtherHandle                           0x2000000c   Data           4  freertos_1.o(.data)
    LEDShowTaskHandle                        0x20000010   Data           4  freertos_1.o(.data)
    RobotTaskHandle                          0x20000014   Data           4  freertos_1.o(.data)
    SuperviseTimerHandle                     0x20000018   Data           4  freertos_1.o(.data)
    JudgeSignalHandle                        0x2000001c   Data           4  freertos_1.o(.data)
    SPEED                                    0x20000024   Data           4  led.o(.data)
    uwTickFreq                               0x2000002c   Data           1  stm32f4xx_hal.o(.data)
    uwTickPrio                               0x20000030   Data           4  stm32f4xx_hal.o(.data)
    uwTick                                   0x20000034   Data           4  stm32f4xx_hal.o(.data)
    SystemCoreClock                          0x20000038   Data           4  system_stm32f4xx.o(.data)
    pxCurrentTCB                             0x2000003c   Data           4  tasks.o(.data)
    MR1                                      0x200000b4   Data         416  mr1init.o(.bss)
    UsartReceiveRemote                       0x20000254   Data          18  mr1init.o(.bss)
    Raw_Data                                 0x20000280   Data          10  usartreceive.o(.bss)
    lost_counter                             0x2000028c   Data          20  supervise.o(.bss)
    hcan1                                    0x200002a0   Data          40  can_1.o(.bss)
    hcan2                                    0x200002c8   Data          40  can_1.o(.bss)
    htim2                                    0x200002f0   Data          60  tim_1.o(.bss)
    huart1                                   0x2000032c   Data          64  usart_1.o(.bss)
    huart6                                   0x2000036c   Data          64  usart_1.o(.bss)
    hdma_usart1_rx                           0x200003ac   Data          96  usart_1.o(.bss)
    hdma_usart6_rx                           0x2000040c   Data          96  usart_1.o(.bss)
    hdma_usart6_tx                           0x2000046c   Data          96  usart_1.o(.bss)
    htim7                                    0x200004cc   Data          60  stm32f4xx_hal_timebase_tim_1.o(.bss)
    xQueueRegistry                           0x20000508   Data          64  queue.o(.bss)
    __initial_sp                             0x20007f90   Data           0  startup_stm32f427xx.o(STACK)



==============================================================================

Memory Map of the image

  Image Entry point : 0x080001ad

  Load Region LR_IROM1 (Base: 0x08000000, Size: 0x00005c90, Max: 0x00200000, ABSOLUTE)

    Execution Region ER_IROM1 (Base: 0x08000000, Size: 0x00005bdc, Max: 0x00200000, ABSOLUTE)

    Base Addr    Size         Type   Attr      Idx    E Section Name        Object

    0x08000000   0x000001ac   Data   RO         1154    RESET               startup_stm32f427xx.o
    0x080001ac   0x00000000   Code   RO         4960  * .ARM.Collect$$$$00000000  mc_w.l(entry.o)
    0x080001ac   0x00000004   Code   RO         5009    .ARM.Collect$$$$00000001  mc_w.l(entry2.o)
    0x080001b0   0x00000004   Code   RO         5012    .ARM.Collect$$$$00000004  mc_w.l(entry5.o)
    0x080001b4   0x00000000   Code   RO         5014    .ARM.Collect$$$$00000008  mc_w.l(entry7b.o)
    0x080001b4   0x00000000   Code   RO         5016    .ARM.Collect$$$$0000000A  mc_w.l(entry8b.o)
    0x080001b4   0x00000008   Code   RO         5017    .ARM.Collect$$$$0000000B  mc_w.l(entry9a.o)
    0x080001bc   0x00000000   Code   RO         5019    .ARM.Collect$$$$0000000D  mc_w.l(entry10a.o)
    0x080001bc   0x00000000   Code   RO         5021    .ARM.Collect$$$$0000000F  mc_w.l(entry11a.o)
    0x080001bc   0x00000004   Code   RO         5010    .ARM.Collect$$$$00002712  mc_w.l(entry2.o)
    0x080001c0   0x000000ba   Code   RO         4859    .emb_text           port.o
    0x0800027a   0x00000002   PAD
    0x0800027c   0x00000024   Code   RO         1155    .text               startup_stm32f427xx.o
    0x080002a0   0x00000062   Code   RO         4963    .text               mc_w.l(uldiv.o)
    0x08000302   0x00000024   Code   RO         4965    .text               mc_w.l(memcpya.o)
    0x08000326   0x00000024   Code   RO         4967    .text               mc_w.l(memseta.o)
    0x0800034a   0x0000014e   Code   RO         4971    .text               mf_w.l(dadd.o)
    0x08000498   0x000000e4   Code   RO         4973    .text               mf_w.l(dmul.o)
    0x0800057c   0x00000022   Code   RO         4977    .text               mf_w.l(dflti.o)
    0x0800059e   0x0000003e   Code   RO         4979    .text               mf_w.l(dfixi.o)
    0x080005dc   0x0000001e   Code   RO         5023    .text               mc_w.l(llshl.o)
    0x080005fa   0x00000020   Code   RO         5025    .text               mc_w.l(llushr.o)
    0x0800061a   0x00000024   Code   RO         5027    .text               mc_w.l(llsshr.o)
    0x0800063e   0x00000000   Code   RO         5036    .text               mc_w.l(iusefp.o)
    0x0800063e   0x000000ba   Code   RO         5037    .text               mf_w.l(depilogue.o)
    0x080006f8   0x00000024   Code   RO         5049    .text               mc_w.l(init.o)
    0x0800071c   0x000000de   Code   RO         5051    .text               mf_w.l(ddiv.o)
    0x080007fa   0x0000001a   Code   RO         5053    .text               mf_w.l(dfltui.o)
    0x08000814   0x00000002   Code   RO          992    i.BusFault_Handler  stm32f4xx_it_1.o
    0x08000816   0x00000002   PAD
    0x08000818   0x0000000c   Code   RO          993    i.CAN1_RX0_IRQHandler  stm32f4xx_it_1.o
    0x08000824   0x0000000c   Code   RO          994    i.CAN2_RX0_IRQHandler  stm32f4xx_it_1.o
    0x08000830   0x00000030   Code   RO          614    i.Calculate         calculate.o
    0x08000860   0x00000020   Code   RO          536    i.CanDataEncoderProcess  canreceive.o
    0x08000880   0x0000005c   Code   RO          537    i.CanDataReceive    canreceive.o
    0x080008dc   0x0000005c   Code   RO          538    i.CanFilterInit     canreceive.o
    0x08000938   0x00000052   Code   RO          484    i.CanTransmit_1234  sendsignal.o
    0x0800098a   0x00000034   Code   RO          485    i.CanTransmit_5     sendsignal.o
    0x080009be   0x00000002   PAD
    0x080009c0   0x0000000c   Code   RO          995    i.DMA2_Stream1_IRQHandler  stm32f4xx_it_1.o
    0x080009cc   0x0000000c   Code   RO          996    i.DMA2_Stream2_IRQHandler  stm32f4xx_it_1.o
    0x080009d8   0x0000000c   Code   RO          997    i.DMA2_Stream6_IRQHandler  stm32f4xx_it_1.o
    0x080009e4   0x00000028   Code   RO         3103    i.DMA_CalcBaseAndBitshift  stm32f4xx_hal_dma.o
    0x08000a0c   0x00000054   Code   RO         3104    i.DMA_CheckFifoParam  stm32f4xx_hal_dma.o
    0x08000a60   0x00000028   Code   RO         3105    i.DMA_SetConfig     stm32f4xx_hal_dma.o
    0x08000a88   0x00000002   Code   RO          998    i.DebugMon_Handler  stm32f4xx_it_1.o
    0x08000a8a   0x00000006   Code   RO          999    i.EXTI3_IRQHandler  stm32f4xx_it_1.o
    0x08000a90   0x00000002   Code   RO          744    i.Error_Handler     main_1.o
    0x08000a92   0x00000002   PAD
    0x08000a94   0x000001d8   Code   RO          615    i.FourWheelVellControl  calculate.o
    0x08000c6c   0x0000009c   Code   RO          572    i.GyroReceiveHandle  usartreceive.o
    0x08000d08   0x00000028   Code   RO         1163    i.HAL_CAN_ActivateNotification  stm32f4xx_hal_can.o
    0x08000d30   0x000000c8   Code   RO         1164    i.HAL_CAN_AddTxMessage  stm32f4xx_hal_can.o
    0x08000df8   0x0000010c   Code   RO         1165    i.HAL_CAN_ConfigFilter  stm32f4xx_hal_can.o
    0x08000f04   0x00000002   Code   RO         1168    i.HAL_CAN_ErrorCallback  stm32f4xx_hal_can.o
    0x08000f06   0x000000fa   Code   RO         1171    i.HAL_CAN_GetRxMessage  stm32f4xx_hal_can.o
    0x08001000   0x000001fc   Code   RO         1175    i.HAL_CAN_IRQHandler  stm32f4xx_hal_can.o
    0x080011fc   0x0000011a   Code   RO         1176    i.HAL_CAN_Init      stm32f4xx_hal_can.o
    0x08001316   0x00000002   PAD
    0x08001318   0x000000fc   Code   RO          847    i.HAL_CAN_MspInit   can_1.o
    0x08001414   0x00000002   Code   RO         1183    i.HAL_CAN_RxFifo0FullCallback  stm32f4xx_hal_can.o
    0x08001416   0x00000002   PAD
    0x08001418   0x00000024   Code   RO          283    i.HAL_CAN_RxFifo0MsgPendingCallback  freertos_1.o
    0x0800143c   0x00000002   Code   RO         1185    i.HAL_CAN_RxFifo1FullCallback  stm32f4xx_hal_can.o
    0x0800143e   0x00000002   Code   RO         1186    i.HAL_CAN_RxFifo1MsgPendingCallback  stm32f4xx_hal_can.o
    0x08001440   0x00000002   Code   RO         1187    i.HAL_CAN_SleepCallback  stm32f4xx_hal_can.o
    0x08001442   0x00000002   PAD
    0x08001444   0x00000058   Code   RO         1188    i.HAL_CAN_Start     stm32f4xx_hal_can.o
    0x0800149c   0x00000002   Code   RO         1190    i.HAL_CAN_TxMailbox0AbortCallback  stm32f4xx_hal_can.o
    0x0800149e   0x00000002   Code   RO         1191    i.HAL_CAN_TxMailbox0CompleteCallback  stm32f4xx_hal_can.o
    0x080014a0   0x00000002   Code   RO         1192    i.HAL_CAN_TxMailbox1AbortCallback  stm32f4xx_hal_can.o
    0x080014a2   0x00000002   Code   RO         1193    i.HAL_CAN_TxMailbox1CompleteCallback  stm32f4xx_hal_can.o
    0x080014a4   0x00000002   Code   RO         1194    i.HAL_CAN_TxMailbox2AbortCallback  stm32f4xx_hal_can.o
    0x080014a6   0x00000002   Code   RO         1195    i.HAL_CAN_TxMailbox2CompleteCallback  stm32f4xx_hal_can.o
    0x080014a8   0x00000002   Code   RO         1197    i.HAL_CAN_WakeUpFromRxMsgCallback  stm32f4xx_hal_can.o
    0x080014aa   0x00000002   PAD
    0x080014ac   0x000001a0   Code   RO         3111    i.HAL_DMA_IRQHandler  stm32f4xx_hal_dma.o
    0x0800164c   0x000000d4   Code   RO         3112    i.HAL_DMA_Init      stm32f4xx_hal_dma.o
    0x08001720   0x00000078   Code   RO         3116    i.HAL_DMA_Start_IT  stm32f4xx_hal_dma.o
    0x08001798   0x00000024   Code   RO         3543    i.HAL_Delay         stm32f4xx_hal.o
    0x080017bc   0x00000002   Code   RO         2997    i.HAL_GPIO_EXTI_Callback  stm32f4xx_hal_gpio.o
    0x080017be   0x00000002   PAD
    0x080017c0   0x00000018   Code   RO         2998    i.HAL_GPIO_EXTI_IRQHandler  stm32f4xx_hal_gpio.o
    0x080017d8   0x000001cc   Code   RO         2999    i.HAL_GPIO_Init     stm32f4xx_hal_gpio.o
    0x080019a4   0x00000008   Code   RO         3002    i.HAL_GPIO_TogglePin  stm32f4xx_hal_gpio.o
    0x080019ac   0x0000000a   Code   RO         3003    i.HAL_GPIO_WritePin  stm32f4xx_hal_gpio.o
    0x080019b6   0x00000002   PAD
    0x080019b8   0x0000000c   Code   RO         3551    i.HAL_GetTick       stm32f4xx_hal.o
    0x080019c4   0x00000010   Code   RO         3555    i.HAL_IncTick       stm32f4xx_hal.o
    0x080019d4   0x00000034   Code   RO         3556    i.HAL_Init          stm32f4xx_hal.o
    0x08001a08   0x00000074   Code   RO         1116    i.HAL_InitTick      stm32f4xx_hal_timebase_tim_1.o
    0x08001a7c   0x00000038   Code   RO         1092    i.HAL_MspInit       stm32f4xx_hal_msp_1.o
    0x08001ab4   0x00000016   Code   RO         3406    i.HAL_NVIC_EnableIRQ  stm32f4xx_hal_cortex.o
    0x08001aca   0x00000002   PAD
    0x08001acc   0x00000040   Code   RO         3412    i.HAL_NVIC_SetPriority  stm32f4xx_hal_cortex.o
    0x08001b0c   0x00000024   Code   RO         3413    i.HAL_NVIC_SetPriorityGrouping  stm32f4xx_hal_cortex.o
    0x08001b30   0x00000130   Code   RO         2593    i.HAL_RCC_ClockConfig  stm32f4xx_hal_rcc.o
    0x08001c60   0x00000040   Code   RO         2597    i.HAL_RCC_GetClockConfig  stm32f4xx_hal_rcc.o
    0x08001ca0   0x00000020   Code   RO         2600    i.HAL_RCC_GetPCLK1Freq  stm32f4xx_hal_rcc.o
    0x08001cc0   0x00000020   Code   RO         2601    i.HAL_RCC_GetPCLK2Freq  stm32f4xx_hal_rcc.o
    0x08001ce0   0x00000064   Code   RO         2602    i.HAL_RCC_GetSysClockFreq  stm32f4xx_hal_rcc.o
    0x08001d44   0x0000031c   Code   RO         2605    i.HAL_RCC_OscConfig  stm32f4xx_hal_rcc.o
    0x08002060   0x00000002   Code   RO         2027    i.HAL_TIMEx_BreakCallback  stm32f4xx_hal_tim_ex.o
    0x08002062   0x00000002   Code   RO         2028    i.HAL_TIMEx_CommutationCallback  stm32f4xx_hal_tim_ex.o
    0x08002064   0x00000050   Code   RO         2044    i.HAL_TIMEx_MasterConfigSynchronization  stm32f4xx_hal_tim_ex.o
    0x080020b4   0x00000036   Code   RO         1398    i.HAL_TIM_Base_Init  stm32f4xx_hal_tim.o
    0x080020ea   0x00000002   Code   RO         1400    i.HAL_TIM_Base_MspInit  stm32f4xx_hal_tim.o
    0x080020ec   0x00000018   Code   RO         1403    i.HAL_TIM_Base_Start_IT  stm32f4xx_hal_tim.o
    0x08002104   0x00000002   Code   RO         1427    i.HAL_TIM_IC_CaptureCallback  stm32f4xx_hal_tim.o
    0x08002106   0x00000166   Code   RO         1440    i.HAL_TIM_IRQHandler  stm32f4xx_hal_tim.o
    0x0800226c   0x00000050   Code   RO          895    i.HAL_TIM_MspPostInit  tim_1.o
    0x080022bc   0x00000002   Code   RO         1443    i.HAL_TIM_OC_DelayElapsedCallback  stm32f4xx_hal_tim.o
    0x080022be   0x000000d0   Code   RO         1464    i.HAL_TIM_PWM_ConfigChannel  stm32f4xx_hal_tim.o
    0x0800238e   0x00000036   Code   RO         1467    i.HAL_TIM_PWM_Init  stm32f4xx_hal_tim.o
    0x080023c4   0x00000024   Code   RO          897    i.HAL_TIM_PWM_MspInit  tim_1.o
    0x080023e8   0x00000002   Code   RO         1470    i.HAL_TIM_PWM_PulseFinishedCallback  stm32f4xx_hal_tim.o
    0x080023ea   0x00000002   PAD
    0x080023ec   0x00000038   Code   RO         1471    i.HAL_TIM_PWM_Start  stm32f4xx_hal_tim.o
    0x08002424   0x00000014   Code   RO          745    i.HAL_TIM_PeriodElapsedCallback  main_1.o
    0x08002438   0x00000002   Code   RO         1481    i.HAL_TIM_TriggerCallback  stm32f4xx_hal_tim.o
    0x0800243a   0x00000002   Code   RO         2287    i.HAL_UART_ErrorCallback  stm32f4xx_hal_uart.o
    0x0800243c   0x00000062   Code   RO         2291    i.HAL_UART_Init     stm32f4xx_hal_uart.o
    0x0800249e   0x00000002   PAD
    0x080024a0   0x0000016c   Code   RO          945    i.HAL_UART_MspInit  usart_1.o
    0x0800260c   0x00000098   Code   RO         2295    i.HAL_UART_Receive_DMA  stm32f4xx_hal_uart.o
    0x080026a4   0x00000044   Code   RO          284    i.HAL_UART_RxCpltCallback  freertos_1.o
    0x080026e8   0x00000002   Code   RO         2298    i.HAL_UART_RxHalfCpltCallback  stm32f4xx_hal_uart.o
    0x080026ea   0x00000002   Code   RO         1000    i.HardFault_Handler  stm32f4xx_it_1.o
    0x080026ec   0x00000028   Code   RO          285    i.LEDShow           freertos_1.o
    0x08002714   0x000000a4   Code   RO          657    i.LED_Water         led.o
    0x080027b8   0x00000010   Code   RO          705    i.LostCounterFeed   supervise.o
    0x080027c8   0x00000088   Code   RO          286    i.MR1MainTask       freertos_1.o
    0x08002850   0x00000024   Code   RO          287    i.MR1OtherTask      freertos_1.o
    0x08002874   0x000000a8   Code   RO          573    i.MR1StateChange    usartreceive.o
    0x0800291c   0x00000044   Code   RO            4    i.MR1_MANUAL        mission.o
    0x08002960   0x00000060   Code   RO            5    i.MR1_STOP          mission.o
    0x080029c0   0x0000000e   Code   RO            6    i.MR1_SendSignal    mission.o
    0x080029ce   0x00000002   PAD
    0x080029d0   0x00000074   Code   RO            7    i.MR1_SetStage      mission.o
    0x08002a44   0x00000024   Code   RO            8    i.MR1_Shoot         mission.o
    0x08002a68   0x00000120   Code   RO            9    i.MR1_ToToken       mission.o
    0x08002b88   0x00000010   Code   RO           10    i.MR1_TransToken    mission.o
    0x08002b98   0x00000044   Code   RO          848    i.MX_CAN1_Init      can_1.o
    0x08002bdc   0x00000044   Code   RO          849    i.MX_CAN2_Init      can_1.o
    0x08002c20   0x0000004c   Code   RO          822    i.MX_DMA_Init       dma_1.o
    0x08002c6c   0x0000007c   Code   RO          288    i.MX_FREERTOS_Init  freertos_1.o
    0x08002ce8   0x000001d0   Code   RO          798    i.MX_GPIO_Init      gpio_1.o
    0x08002eb8   0x00000080   Code   RO          898    i.MX_TIM2_Init      tim_1.o
    0x08002f38   0x00000040   Code   RO          946    i.MX_USART1_UART_Init  usart_1.o
    0x08002f78   0x00000038   Code   RO          947    i.MX_USART6_UART_Init  usart_1.o
    0x08002fb0   0x00000002   Code   RO         1001    i.MemManage_Handler  stm32f4xx_it_1.o
    0x08002fb2   0x00000002   Code   RO         1002    i.NMI_Handler       stm32f4xx_it_1.o
    0x08002fb4   0x00000020   Code   RO         3419    i.NVIC_SetPriority  stm32f4xx_hal_cortex.o
    0x08002fd4   0x00000076   Code   RO          616    i.PID_Calc          calculate.o
    0x0800304a   0x00000002   PAD
    0x0800304c   0x00000054   Code   RO          574    i.RemoteReceiveHandle  usartreceive.o
    0x080030a0   0x0000006c   Code   RO          194    i.RobotParamInit    mr1init.o
    0x0800310c   0x00000054   Code   RO          487    i.SendSignal        sendsignal.o
    0x08003160   0x00000002   Code   RO           11    i.StopShoot         mission.o
    0x08003162   0x00000002   Code   RO          289    i.SuperviseTask     freertos_1.o
    0x08003164   0x0000002c   Code   RO         4860    i.SysTick_Handler   port.o
    0x08003190   0x00000084   Code   RO          746    i.SystemClock_Config  main_1.o
    0x08003214   0x00000054   Code   RO         3720    i.SystemInit        system_stm32f4xx.o
    0x08003268   0x0000000c   Code   RO         1003    i.TIM7_IRQHandler   stm32f4xx_it_1.o
    0x08003274   0x000000c0   Code   RO         1482    i.TIM_Base_SetConfig  stm32f4xx_hal_tim.o
    0x08003334   0x00000016   Code   RO         1483    i.TIM_CCxChannelCmd  stm32f4xx_hal_tim.o
    0x0800334a   0x00000002   PAD
    0x0800334c   0x00000058   Code   RO         1491    i.TIM_OC1_SetConfig  stm32f4xx_hal_tim.o
    0x080033a4   0x00000064   Code   RO         1492    i.TIM_OC2_SetConfig  stm32f4xx_hal_tim.o
    0x08003408   0x00000060   Code   RO         1493    i.TIM_OC3_SetConfig  stm32f4xx_hal_tim.o
    0x08003468   0x00000050   Code   RO         1494    i.TIM_OC4_SetConfig  stm32f4xx_hal_tim.o
    0x080034b8   0x0000004a   Code   RO         2305    i.UART_DMAError     stm32f4xx_hal_uart.o
    0x08003502   0x0000003c   Code   RO         2306    i.UART_DMAReceiveCplt  stm32f4xx_hal_uart.o
    0x0800353e   0x0000000a   Code   RO         2308    i.UART_DMARxHalfCplt  stm32f4xx_hal_uart.o
    0x08003548   0x0000001c   Code   RO         2314    i.UART_EndRxTransfer  stm32f4xx_hal_uart.o
    0x08003564   0x00000012   Code   RO         2315    i.UART_EndTxTransfer  stm32f4xx_hal_uart.o
    0x08003576   0x00000002   PAD
    0x08003578   0x000002ac   Code   RO         2317    i.UART_SetConfig    stm32f4xx_hal_uart.o
    0x08003824   0x00000002   Code   RO         1004    i.UsageFault_Handler  stm32f4xx_it_1.o
    0x08003826   0x00000030   Code   RO         5045    i.__ARM_fpclassify  m_wm.l(fpclassify.o)
    0x08003856   0x00000002   PAD
    0x08003858   0x000000c8   Code   RO         4936    i.__hardfp_cos      m_wm.l(cos.o)
    0x08003920   0x000000c8   Code   RO         4948    i.__hardfp_sin      m_wm.l(sin.o)
    0x080039e8   0x00000438   Code   RO         4998    i.__ieee754_rem_pio2  m_wm.l(rred.o)
    0x08003e20   0x00000170   Code   RO         4981    i.__kernel_cos      m_wm.l(cos_i.o)
    0x08003f90   0x000000f8   Code   RO         5047    i.__kernel_poly     m_wm.l(poly.o)
    0x08004088   0x00000130   Code   RO         5003    i.__kernel_sin      m_wm.l(sin_i.o)
    0x080041b8   0x00000014   Code   RO         4985    i.__mathlib_dbl_infnan  m_wm.l(dunder.o)
    0x080041cc   0x00000004   PAD
    0x080041d0   0x00000020   Code   RO         4987    i.__mathlib_dbl_invalid  m_wm.l(dunder.o)
    0x080041f0   0x00000020   Code   RO         4990    i.__mathlib_dbl_underflow  m_wm.l(dunder.o)
    0x08004210   0x0000000e   Code   RO         5057    i.__scatterload_copy  mc_w.l(handlers.o)
    0x0800421e   0x00000002   Code   RO         5058    i.__scatterload_null  mc_w.l(handlers.o)
    0x08004220   0x0000000e   Code   RO         5059    i.__scatterload_zeroinit  mc_w.l(handlers.o)
    0x0800422e   0x00000002   PAD
    0x08004230   0x0000000c   Code   RO         5031    i.__set_errno       mc_w.l(errno.o)
    0x0800423c   0x00000018   Code   RO         5041    i.fabs              m_wm.l(fabs.o)
    0x08004254   0x0000000c   Code   RO         4438    i.inHandlerMode     cmsis_os.o
    0x08004260   0x00000078   Code   RO          747    i.main              main_1.o
    0x080042d8   0x0000000c   Code   RO         4440    i.makeFreeRtosPriority  cmsis_os.o
    0x080042e4   0x0000000e   Code   RO         4442    i.osDelay           cmsis_os.o
    0x080042f2   0x0000000a   Code   RO         4445    i.osKernelStart     cmsis_os.o
    0x080042fc   0x00000026   Code   RO         4471    i.osSemaphoreCreate  cmsis_os.o
    0x08004322   0x0000002e   Code   RO         4479    i.osThreadCreate    cmsis_os.o
    0x08004350   0x00000024   Code   RO         4490    i.osTimerCreate     cmsis_os.o
    0x08004374   0x0000005c   Code   RO         4492    i.osTimerStart      cmsis_os.o
    0x080043d0   0x00000070   Code   RO         4035    i.prvAddCurrentTaskToDelayedList  tasks.o
    0x08004440   0x000000d0   Code   RO         4036    i.prvAddNewTaskToReadyList  tasks.o
    0x08004510   0x00000050   Code   RO         4321    i.prvCheckForValidListAndQueue  timers.o
    0x08004560   0x00000050   Code   RO         4037    i.prvCheckTasksWaitingTermination  tasks.o
    0x080045b0   0x00000026   Code   RO         3889    i.prvCopyDataFromQueue  queue.o
    0x080045d6   0x0000006c   Code   RO         3890    i.prvCopyDataToQueue  queue.o
    0x08004642   0x00000014   Code   RO         4038    i.prvDeleteTCB      tasks.o
    0x08004656   0x00000002   PAD
    0x08004658   0x00000048   Code   RO         4810    i.prvHeapInit       heap_4.o
    0x080046a0   0x00000028   Code   RO         4039    i.prvIdleTask       tasks.o
    0x080046c8   0x0000008e   Code   RO         4040    i.prvInitialiseNewTask  tasks.o
    0x08004756   0x00000002   PAD
    0x08004758   0x0000004c   Code   RO         4811    i.prvInsertBlockIntoFreeList  heap_4.o
    0x080047a4   0x00000038   Code   RO         4322    i.prvInsertTimerInActiveList  timers.o
    0x080047dc   0x0000001c   Code   RO         3891    i.prvIsQueueEmpty   queue.o
    0x080047f8   0x000000b8   Code   RO         4323    i.prvProcessReceivedCommands  timers.o
    0x080048b0   0x000000b4   Code   RO         4324    i.prvProcessTimerOrBlockTask  timers.o
    0x08004964   0x00000020   Code   RO         4041    i.prvResetNextTaskUnblockTime  tasks.o
    0x08004984   0x00000028   Code   RO         4325    i.prvSampleTimeNow  timers.o
    0x080049ac   0x0000006c   Code   RO         4326    i.prvSwitchTimerLists  timers.o
    0x08004a18   0x00000028   Code   RO         4861    i.prvTaskExitError  port.o
    0x08004a40   0x00000024   Code   RO         4327    i.prvTimerTask      timers.o
    0x08004a64   0x0000006a   Code   RO         3892    i.prvUnlockQueue    queue.o
    0x08004ace   0x00000002   PAD
    0x08004ad0   0x000000d8   Code   RO         4812    i.pvPortMalloc      heap_4.o
    0x08004ba8   0x00000018   Code   RO         4043    i.pvTaskIncrementMutexHeldCount  tasks.o
    0x08004bc0   0x0000002c   Code   RO         4862    i.pxPortInitialiseStack  port.o
    0x08004bec   0x00000024   Code   RO         3852    i.uxListRemove      list.o
    0x08004c10   0x00000016   Code   RO         3853    i.vListInitialise   list.o
    0x08004c26   0x00000006   Code   RO         3854    i.vListInitialiseItem  list.o
    0x08004c2c   0x00000030   Code   RO         3855    i.vListInsert       list.o
    0x08004c5c   0x00000018   Code   RO         3856    i.vListInsertEnd    list.o
    0x08004c74   0x00000040   Code   RO         4864    i.vPortEnterCritical  port.o
    0x08004cb4   0x00000028   Code   RO         4865    i.vPortExitCritical  port.o
    0x08004cdc   0x0000005c   Code   RO         4813    i.vPortFree         heap_4.o
    0x08004d38   0x00000020   Code   RO         4866    i.vPortSetupTimerInterrupt  port.o
    0x08004d58   0x00000054   Code   RO         4867    i.vPortValidateInterruptPriority  port.o
    0x08004dac   0x00000028   Code   RO         3896    i.vQueueAddToRegistry  queue.o
    0x08004dd4   0x00000044   Code   RO         3899    i.vQueueWaitForMessageRestricted  queue.o
    0x08004e18   0x0000004c   Code   RO         4049    i.vTaskDelay        tasks.o
    0x08004e64   0x0000000c   Code   RO         4052    i.vTaskMissedYield  tasks.o
    0x08004e70   0x00000030   Code   RO         4054    i.vTaskPlaceOnEventList  tasks.o
    0x08004ea0   0x00000038   Code   RO         4055    i.vTaskPlaceOnEventListRestricted  tasks.o
    0x08004ed8   0x00000084   Code   RO         4057    i.vTaskPriorityInherit  tasks.o
    0x08004f5c   0x00000024   Code   RO         4060    i.vTaskSetTimeOutState  tasks.o
    0x08004f80   0x00000070   Code   RO         4061    i.vTaskStartScheduler  tasks.o
    0x08004ff0   0x00000010   Code   RO         4063    i.vTaskSuspendAll   tasks.o
    0x08005000   0x0000005c   Code   RO         4064    i.vTaskSwitchContext  tasks.o
    0x0800505c   0x000000e0   Code   RO         4868    i.xPortStartScheduler  port.o
    0x0800513c   0x00000048   Code   RO         3901    i.xQueueGenericCreate  queue.o
    0x08005184   0x0000016c   Code   RO         3902    i.xQueueGenericReceive  queue.o
    0x080052f0   0x00000088   Code   RO         3903    i.xQueueGenericReset  queue.o
    0x08005378   0x00000160   Code   RO         3904    i.xQueueGenericSend  queue.o
    0x080054d8   0x000000bc   Code   RO         3905    i.xQueueGenericSendFromISR  queue.o
    0x08005594   0x0000006c   Code   RO         4065    i.xTaskCheckForTimeOut  tasks.o
    0x08005600   0x00000056   Code   RO         4066    i.xTaskCreate       tasks.o
    0x08005656   0x00000002   PAD
    0x08005658   0x0000001c   Code   RO         4070    i.xTaskGetSchedulerState  tasks.o
    0x08005674   0x0000000c   Code   RO         4071    i.xTaskGetTickCount  tasks.o
    0x08005680   0x000000c8   Code   RO         4073    i.xTaskIncrementTick  tasks.o
    0x08005748   0x00000098   Code   RO         4076    i.xTaskPriorityDisinherit  tasks.o
    0x080057e0   0x00000074   Code   RO         4077    i.xTaskRemoveFromEventList  tasks.o
    0x08005854   0x000000c4   Code   RO         4079    i.xTaskResumeAll    tasks.o
    0x08005918   0x0000004e   Code   RO         4330    i.xTimerCreate      timers.o
    0x08005966   0x00000002   PAD
    0x08005968   0x0000004c   Code   RO         4331    i.xTimerCreateTimerTask  timers.o
    0x080059b4   0x00000060   Code   RO         4332    i.xTimerGenericCommand  timers.o
    0x08005a14   0x00000040   Data   RO          290    .constdata          freertos_1.o
    0x08005a54   0x00000008   Data   RO         3118    .constdata          stm32f4xx_hal_dma.o
    0x08005a5c   0x00000010   Data   RO         3721    .constdata          system_stm32f4xx.o
    0x08005a6c   0x00000008   Data   RO         3722    .constdata          system_stm32f4xx.o
    0x08005a74   0x00000004   PAD
    0x08005a78   0x00000030   Data   RO         4982    .constdata          m_wm.l(cos_i.o)
    0x08005aa8   0x000000c8   Data   RO         5000    .constdata          m_wm.l(rred.o)
    0x08005b70   0x00000028   Data   RO         5004    .constdata          m_wm.l(sin_i.o)
    0x08005b98   0x00000021   Data   RO          291    .conststring        freertos_1.o
    0x08005bb9   0x00000003   PAD
    0x08005bbc   0x00000020   Data   RO         5055    Region$$Table       anon$$obj.o


    Execution Region RW_IRAM1 (Base: 0x20000000, Size: 0x00007f90, Max: 0x00030000, ABSOLUTE)

    Base Addr    Size         Type   Attr      Idx    E Section Name        Object

    0x20000000   0x00000001   Data   RW          198    .data               mr1init.o
    0x20000001   0x00000008   Data   RW          199    .data               mr1init.o
    0x20000009   0x00000003   PAD
    0x2000000c   0x00000014   Data   RW          294    .data               freertos_1.o
    0x20000020   0x00000002   Data   RW          576    .data               usartreceive.o
    0x20000022   0x00000002   PAD
    0x20000024   0x00000004   Data   RW          658    .data               led.o
    0x20000028   0x00000004   Data   RW          851    .data               can_1.o
    0x2000002c   0x0000000c   Data   RW         3563    .data               stm32f4xx_hal.o
    0x20000038   0x00000004   Data   RW         3723    .data               system_stm32f4xx.o
    0x2000003c   0x0000003c   Data   RW         4082    .data               tasks.o
    0x20000078   0x00000014   Data   RW         4338    .data               timers.o
    0x2000008c   0x00000018   Data   RW         4818    .data               heap_4.o
    0x200000a4   0x0000000c   Data   RW         4869    .data               port.o
    0x200000b0   0x00000004   Data   RW         5032    .data               mc_w.l(errno.o)
    0x200000b4   0x000001a0   Zero   RW          195    .bss                mr1init.o
    0x20000254   0x00000012   Zero   RW          196    .bss                mr1init.o
    0x20000266   0x00000002   PAD
    0x20000268   0x00000022   Zero   RW          575    .bss                usartreceive.o
    0x2000028a   0x00000002   PAD
    0x2000028c   0x00000014   Zero   RW          707    .bss                supervise.o
    0x200002a0   0x00000050   Zero   RW          850    .bss                can_1.o
    0x200002f0   0x0000003c   Zero   RW          899    .bss                tim_1.o
    0x2000032c   0x000001a0   Zero   RW          948    .bss                usart_1.o
    0x200004cc   0x0000003c   Zero   RW         1119    .bss                stm32f4xx_hal_timebase_tim_1.o
    0x20000508   0x00000040   Zero   RW         3911    .bss                queue.o
    0x20000548   0x000000f0   Zero   RW         4081    .bss                tasks.o
    0x20000638   0x00000028   Zero   RW         4337    .bss                timers.o
    0x20000660   0x00007530   Zero   RW         4817    .bss                heap_4.o
    0x20007b90   0x00000400   Zero   RW         1152    STACK               startup_stm32f427xx.o


==============================================================================

Image component sizes


      Code (inc. data)   RO Data    RW Data    ZI Data      Debug   Object Name

       638         32          0          0          0       2126   calculate.o
       388         40          0          4         80       2470   can_1.o
       216         22          0          0          0       2217   canreceive.o
       260         10          0          0          0      17068   cmsis_os.o
        76          4          0          0          0        790   dma_1.o
         0          0          0          0          0       9520   event_groups.o
       442         72         97         20          0     757068   freertos_1.o
       464         36          0          0          0       1251   gpio_1.o
       456         22          0         24      30000       4763   heap_4.o
       164         18          0          4          0        792   led.o
       136          0          0          0          0       3538   list.o
       274         42          0          0          0       2692   main_1.o
       636        100          0          0          0      15032   mission.o
       108          6          0          9        434       2524   mr1init.o
       758         84          0         12          0      11869   port.o
      1500         20          0          0         64      14101   queue.o
       218          8          0          0          0       2396   sendsignal.o
        36          8        428          0       1024        804   startup_stm32f427xx.o
       116         18          0         12          0       3878   stm32f4xx_hal.o
      1660          6          0          0          0      13979   stm32f4xx_hal_can.o
       154         14          0          0          0      29602   stm32f4xx_hal_cortex.o
       912         16          8          0          0       5803   stm32f4xx_hal_dma.o
       504         58          0          0          0       4225   stm32f4xx_hal_gpio.o
        56          4          0          0          0        866   stm32f4xx_hal_msp_1.o
      1328         90          0          0          0       5797   stm32f4xx_hal_rcc.o
      1342         88          0          0          0      12901   stm32f4xx_hal_tim.o
        84          0          0          0          0       2410   stm32f4xx_hal_tim_ex.o
       116         16          0          0         60       1419   stm32f4xx_hal_timebase_tim_1.o
      1128         22          0          0          0       6926   stm32f4xx_hal_uart.o
        90         36          0          0          0       6076   stm32f4xx_it_1.o
        16          6          0          0         20       1090   supervise.o
        84         18         24          4          0       1179   system_stm32f4xx.o
      2136        182          0         60        240      23867   tasks.o
       244         20          0          0         60       2349   tim_1.o
       934         80          0         20         40      19034   timers.o
       484         54          0          0        416       2716   usart_1.o
       408         40          0          2         34       2149   usartreceive.o

    ----------------------------------------------------------------------
     18610       1292        596        176      32476     997287   Object Totals
         0          0         32          0          0          0   (incl. Generated)
        44          0          7          5          4          0   (incl. Padding)

    ----------------------------------------------------------------------

      Code (inc. data)   RO Data    RW Data    ZI Data      Debug   Library Member Name

       200         20          0          0          0        164   cos.o
       368         46         48          0          0        200   cos_i.o
        84         16          0          0          0        372   dunder.o
        24          0          0          0          0        124   fabs.o
        48          0          0          0          0        124   fpclassify.o
       248          0          0          0          0        152   poly.o
      1080        142        200          0          0        188   rred.o
       200         20          0          0          0        164   sin.o
       304         24         40          0          0        208   sin_i.o
         0          0          0          0          0          0   entry.o
         0          0          0          0          0          0   entry10a.o
         0          0          0          0          0          0   entry11a.o
         8          4          0          0          0          0   entry2.o
         4          0          0          0          0          0   entry5.o
         0          0          0          0          0          0   entry7b.o
         0          0          0          0          0          0   entry8b.o
         8          4          0          0          0          0   entry9a.o
        12          6          0          4          0         68   errno.o
        30          0          0          0          0          0   handlers.o
        36          8          0          0          0         68   init.o
         0          0          0          0          0          0   iusefp.o
        30          0          0          0          0         68   llshl.o
        36          0          0          0          0         68   llsshr.o
        32          0          0          0          0         68   llushr.o
        36          0          0          0          0         68   memcpya.o
        36          0          0          0          0        108   memseta.o
        98          0          0          0          0         92   uldiv.o
       334          0          0          0          0        148   dadd.o
       222          0          0          0          0        100   ddiv.o
       186          0          0          0          0        176   depilogue.o
        62          0          0          0          0         80   dfixi.o
        34          0          0          0          0         76   dflti.o
        26          0          0          0          0         76   dfltui.o
       228          0          0          0          0         96   dmul.o

    ----------------------------------------------------------------------
      4022        290        288          4          0       3056   Library Totals
         8          0          0          0          0          0   (incl. Padding)

    ----------------------------------------------------------------------

      Code (inc. data)   RO Data    RW Data    ZI Data      Debug   Library Name

      2556        268        288          0          0       1696   m_wm.l
       366         22          0          4          0        608   mc_w.l
      1092          0          0          0          0        752   mf_w.l

    ----------------------------------------------------------------------
      4022        290        288          4          0       3056   Library Totals

    ----------------------------------------------------------------------

==============================================================================


      Code (inc. data)   RO Data    RW Data    ZI Data      Debug   

     22632       1582        884        180      32476     979223   Grand Totals
     22632       1582        884        180      32476     979223   ELF Image Totals
     22632       1582        884        180          0          0   ROM Totals

==============================================================================

    Total RO  Size (Code + RO Data)                23516 (  22.96kB)
    Total RW  Size (RW Data + ZI Data)             32656 (  31.89kB)
    Total ROM Size (Code + RO Data + RW Data)      23696 (  23.14kB)

==============================================================================

